2025-11-19T13:06:06.442589+00:00 mark-VirtualBox kernel: Linux version 6.14.0-35-generic (buildd@lcy02-amd64-078) (x86_64-linux-gnu-gcc-13 (Ubuntu 13.3.0-6ubuntu2~24.04) 13.3.0, GNU ld (GNU Binutils for Ubuntu) 2.42) #35~24.04.1-Ubuntu SMP PREEMPT_DYNAMIC Tue Oct 14 13:55:17 UTC 2 (Ubuntu 6.14.0-35.35~24.04.1-generic 6.14.11)
2025-11-19T13:06:06.445683+00:00 mark-VirtualBox kernel: Command line: BOOT_IMAGE=/boot/vmlinuz-6.14.0-35-generic root=UUID=d8ee37ed-787a-46cd-bbcf-3ef2d3bb9bdf ro quiet splash
2025-11-19T13:06:06.445686+00:00 mark-VirtualBox kernel: KERNEL supported cpus:
2025-11-19T13:06:06.445686+00:00 mark-VirtualBox kernel:   Intel GenuineIntel
2025-11-19T13:06:06.445687+00:00 mark-VirtualBox kernel:   AMD AuthenticAMD
2025-11-19T13:06:06.445687+00:00 mark-VirtualBox kernel:   Hygon HygonGenuine
2025-11-19T13:06:06.445687+00:00 mark-VirtualBox kernel:   Centaur CentaurHauls
2025-11-19T13:06:06.445688+00:00 mark-VirtualBox kernel:   zhaoxin   Shanghai  
2025-11-19T13:06:06.445689+00:00 mark-VirtualBox kernel: BIOS-provided physical RAM map:
2025-11-19T13:06:06.445689+00:00 mark-VirtualBox kernel: BIOS-e820: [mem 0x0000000000000000-0x000000000009fbff] usable
2025-11-19T13:06:06.445689+00:00 mark-VirtualBox kernel: BIOS-e820: [mem 0x000000000009fc00-0x000000000009ffff] reserved
2025-11-19T13:06:06.445690+00:00 mark-VirtualBox kernel: BIOS-e820: [mem 0x00000000000f0000-0x00000000000fffff] reserved
2025-11-19T13:06:06.445690+00:00 mark-VirtualBox kernel: BIOS-e820: [mem 0x0000000000100000-0x00000000dffeffff] usable
2025-11-19T13:06:06.445691+00:00 mark-VirtualBox kernel: BIOS-e820: [mem 0x00000000dfff0000-0x00000000dfffffff] ACPI data
2025-11-19T13:06:06.445692+00:00 mark-VirtualBox kernel: BIOS-e820: [mem 0x00000000fec00000-0x00000000fec00fff] reserved
2025-11-19T13:06:06.445692+00:00 mark-VirtualBox kernel: BIOS-e820: [mem 0x00000000fee00000-0x00000000fee00fff] reserved
2025-11-19T13:06:06.445692+00:00 mark-VirtualBox kernel: BIOS-e820: [mem 0x00000000fffc0000-0x00000000ffffffff] reserved
2025-11-19T13:06:06.445692+00:00 mark-VirtualBox kernel: BIOS-e820: [mem 0x0000000100000000-0x00000001232fffff] usable
2025-11-19T13:06:06.445693+00:00 mark-VirtualBox kernel: NX (Execute Disable) protection: active
2025-11-19T13:06:06.445693+00:00 mark-VirtualBox kernel: APIC: Static calls initialized
2025-11-19T13:06:06.445694+00:00 mark-VirtualBox kernel: SMBIOS 2.5 present.
2025-11-19T13:06:06.445694+00:00 mark-VirtualBox kernel: DMI: innotek GmbH VirtualBox/VirtualBox, BIOS VirtualBox 12/01/2006
2025-11-19T13:06:06.445695+00:00 mark-VirtualBox kernel: DMI: Memory slots populated: 0/0
2025-11-19T13:06:06.445695+00:00 mark-VirtualBox kernel: Hypervisor detected: KVM
2025-11-19T13:06:06.445695+00:00 mark-VirtualBox kernel: kvm-clock: Using msrs 4b564d01 and 4b564d00
2025-11-19T13:06:06.445695+00:00 mark-VirtualBox kernel: kvm-clock: using sched offset of 1013710620838 cycles
2025-11-19T13:06:06.445699+00:00 mark-VirtualBox kernel: clocksource: kvm-clock: mask: 0xffffffffffffffff max_cycles: 0x1cd42e4dffb, max_idle_ns: 881590591483 ns
2025-11-19T13:06:06.445699+00:00 mark-VirtualBox kernel: tsc: Detected 2496.000 MHz processor
2025-11-19T13:06:06.445700+00:00 mark-VirtualBox kernel: e820: update [mem 0x00000000-0x00000fff] usable ==> reserved
2025-11-19T13:06:06.445700+00:00 mark-VirtualBox kernel: e820: remove [mem 0x000a0000-0x000fffff] usable
2025-11-19T13:06:06.445700+00:00 mark-VirtualBox kernel: last_pfn = 0x123300 max_arch_pfn = 0x400000000
2025-11-19T13:06:06.445700+00:00 mark-VirtualBox kernel: MTRRs disabled by BIOS
2025-11-19T13:06:06.445702+00:00 mark-VirtualBox kernel: x86/PAT: Configuration [0-7]: WB  WC  UC- UC  WB  WP  UC- WT  
2025-11-19T13:06:06.445702+00:00 mark-VirtualBox kernel: last_pfn = 0xe0000 max_arch_pfn = 0x400000000
2025-11-19T13:06:06.445702+00:00 mark-VirtualBox kernel: found SMP MP-table at [mem 0x0009fff0-0x0009ffff]
2025-11-19T13:06:06.445702+00:00 mark-VirtualBox kernel: RAMDISK: [mem 0x2f527000-0x33a8afff]
2025-11-19T13:06:06.445703+00:00 mark-VirtualBox kernel: ACPI: Early table checksum verification disabled
2025-11-19T13:06:06.445703+00:00 mark-VirtualBox kernel: ACPI: RSDP 0x00000000000E0000 000024 (v02 VBOX  )
2025-11-19T13:06:06.445703+00:00 mark-VirtualBox kernel: ACPI: XSDT 0x00000000DFFF0030 00003C (v01 VBOX   VBOXXSDT 00000001 ASL  00000061)
2025-11-19T13:06:06.445704+00:00 mark-VirtualBox kernel: ACPI: FACP 0x00000000DFFF00F0 0000F4 (v04 VBOX   VBOXFACP 00000001 ASL  00000061)
2025-11-19T13:06:06.445704+00:00 mark-VirtualBox kernel: ACPI: DSDT 0x00000000DFFF0610 002353 (v02 VBOX   VBOXBIOS 00000002 INTL 20100528)
2025-11-19T13:06:06.445705+00:00 mark-VirtualBox kernel: ACPI: FACS 0x00000000DFFF0200 000040
2025-11-19T13:06:06.445705+00:00 mark-VirtualBox kernel: ACPI: FACS 0x00000000DFFF0200 000040
2025-11-19T13:06:06.445706+00:00 mark-VirtualBox kernel: ACPI: APIC 0x00000000DFFF0240 00005C (v02 VBOX   VBOXAPIC 00000001 ASL  00000061)
2025-11-19T13:06:06.445707+00:00 mark-VirtualBox kernel: ACPI: SSDT 0x00000000DFFF02A0 00036C (v01 VBOX   VBOXCPUT 00000002 INTL 20100528)
2025-11-19T13:06:06.445708+00:00 mark-VirtualBox kernel: ACPI: Reserving FACP table memory at [mem 0xdfff00f0-0xdfff01e3]
2025-11-19T13:06:06.445708+00:00 mark-VirtualBox kernel: ACPI: Reserving DSDT table memory at [mem 0xdfff0610-0xdfff2962]
2025-11-19T13:06:06.445709+00:00 mark-VirtualBox kernel: ACPI: Reserving FACS table memory at [mem 0xdfff0200-0xdfff023f]
2025-11-19T13:06:06.445709+00:00 mark-VirtualBox kernel: ACPI: Reserving FACS table memory at [mem 0xdfff0200-0xdfff023f]
2025-11-19T13:06:06.445709+00:00 mark-VirtualBox kernel: ACPI: Reserving APIC table memory at [mem 0xdfff0240-0xdfff029b]
2025-11-19T13:06:06.445710+00:00 mark-VirtualBox kernel: ACPI: Reserving SSDT table memory at [mem 0xdfff02a0-0xdfff060b]
2025-11-19T13:06:06.445711+00:00 mark-VirtualBox kernel: No NUMA configuration found
2025-11-19T13:06:06.445711+00:00 mark-VirtualBox kernel: Faking a node at [mem 0x0000000000000000-0x00000001232fffff]
2025-11-19T13:06:06.445711+00:00 mark-VirtualBox kernel: NODE_DATA(0) allocated [mem 0x1232d5540-0x1232fffff]
2025-11-19T13:06:06.445712+00:00 mark-VirtualBox kernel: Zone ranges:
2025-11-19T13:06:06.445712+00:00 mark-VirtualBox kernel:   DMA      [mem 0x0000000000001000-0x0000000000ffffff]
2025-11-19T13:06:06.445712+00:00 mark-VirtualBox kernel:   DMA32    [mem 0x0000000001000000-0x00000000ffffffff]
2025-11-19T13:06:06.445712+00:00 mark-VirtualBox kernel:   Normal   [mem 0x0000000100000000-0x00000001232fffff]
2025-11-19T13:06:06.445713+00:00 mark-VirtualBox kernel:   Device   empty
2025-11-19T13:06:06.445714+00:00 mark-VirtualBox kernel: Movable zone start for each node
2025-11-19T13:06:06.445714+00:00 mark-VirtualBox kernel: Early memory node ranges
2025-11-19T13:06:06.445714+00:00 mark-VirtualBox kernel:   node   0: [mem 0x0000000000001000-0x000000000009efff]
2025-11-19T13:06:06.445714+00:00 mark-VirtualBox kernel:   node   0: [mem 0x0000000000100000-0x00000000dffeffff]
2025-11-19T13:06:06.445715+00:00 mark-VirtualBox kernel:   node   0: [mem 0x0000000100000000-0x00000001232fffff]
2025-11-19T13:06:06.445716+00:00 mark-VirtualBox kernel: Initmem setup node 0 [mem 0x0000000000001000-0x00000001232fffff]
2025-11-19T13:06:06.445716+00:00 mark-VirtualBox kernel: On node 0, zone DMA: 1 pages in unavailable ranges
2025-11-19T13:06:06.445716+00:00 mark-VirtualBox kernel: On node 0, zone DMA: 97 pages in unavailable ranges
2025-11-19T13:06:06.445717+00:00 mark-VirtualBox kernel: On node 0, zone Normal: 16 pages in unavailable ranges
2025-11-19T13:06:06.445717+00:00 mark-VirtualBox kernel: On node 0, zone Normal: 19712 pages in unavailable ranges
2025-11-19T13:06:06.445717+00:00 mark-VirtualBox kernel: ACPI: PM-Timer IO Port: 0x4008
2025-11-19T13:06:06.445718+00:00 mark-VirtualBox kernel: IOAPIC[0]: apic_id 2, version 32, address 0xfec00000, GSI 0-23
2025-11-19T13:06:06.445719+00:00 mark-VirtualBox kernel: ACPI: INT_SRC_OVR (bus 0 bus_irq 0 global_irq 2 dfl dfl)
2025-11-19T13:06:06.445719+00:00 mark-VirtualBox kernel: ACPI: INT_SRC_OVR (bus 0 bus_irq 9 global_irq 9 low level)
2025-11-19T13:06:06.445719+00:00 mark-VirtualBox kernel: ACPI: Using ACPI (MADT) for SMP configuration information
2025-11-19T13:06:06.445719+00:00 mark-VirtualBox kernel: CPU topo: Max. logical packages:   1
2025-11-19T13:06:06.445720+00:00 mark-VirtualBox kernel: CPU topo: Max. logical dies:       1
2025-11-19T13:06:06.445720+00:00 mark-VirtualBox kernel: CPU topo: Max. dies per package:   1
2025-11-19T13:06:06.445721+00:00 mark-VirtualBox kernel: CPU topo: Max. threads per core:   1
2025-11-19T13:06:06.445721+00:00 mark-VirtualBox kernel: CPU topo: Num. cores per package:     2
2025-11-19T13:06:06.445721+00:00 mark-VirtualBox kernel: CPU topo: Num. threads per package:   2
2025-11-19T13:06:06.445722+00:00 mark-VirtualBox kernel: CPU topo: Allowing 2 present CPUs plus 0 hotplug CPUs
2025-11-19T13:06:06.445722+00:00 mark-VirtualBox kernel: PM: hibernation: Registered nosave memory: [mem 0x00000000-0x00000fff]
2025-11-19T13:06:06.445722+00:00 mark-VirtualBox kernel: PM: hibernation: Registered nosave memory: [mem 0x0009f000-0x000fffff]
2025-11-19T13:06:06.445723+00:00 mark-VirtualBox kernel: PM: hibernation: Registered nosave memory: [mem 0xdfff0000-0xffffffff]
2025-11-19T13:06:06.445724+00:00 mark-VirtualBox kernel: [mem 0xe0000000-0xfebfffff] available for PCI devices
2025-11-19T13:06:06.445724+00:00 mark-VirtualBox kernel: Booting paravirtualized kernel on KVM
2025-11-19T13:06:06.445724+00:00 mark-VirtualBox kernel: clocksource: refined-jiffies: mask: 0xffffffff max_cycles: 0xffffffff, max_idle_ns: 1910969940391419 ns
2025-11-19T13:06:06.445725+00:00 mark-VirtualBox kernel: setup_percpu: NR_CPUS:8192 nr_cpumask_bits:2 nr_cpu_ids:2 nr_node_ids:1
2025-11-19T13:06:06.445725+00:00 mark-VirtualBox kernel: percpu: Embedded 88 pages/cpu s237568 r8192 d114688 u1048576
2025-11-19T13:06:06.445726+00:00 mark-VirtualBox kernel: pcpu-alloc: s237568 r8192 d114688 u1048576 alloc=1*2097152
2025-11-19T13:06:06.445726+00:00 mark-VirtualBox kernel: pcpu-alloc: [0] 0 1 
2025-11-19T13:06:06.445726+00:00 mark-VirtualBox kernel: kvm-guest: PV spinlocks enabled
2025-11-19T13:06:06.445727+00:00 mark-VirtualBox kernel: PV qspinlock hash table entries: 256 (order: 0, 4096 bytes, linear)
2025-11-19T13:06:06.445727+00:00 mark-VirtualBox kernel: Kernel command line: BOOT_IMAGE=/boot/vmlinuz-6.14.0-35-generic root=UUID=d8ee37ed-787a-46cd-bbcf-3ef2d3bb9bdf ro quiet splash
2025-11-19T13:06:06.445727+00:00 mark-VirtualBox kernel: Unknown kernel command line parameters "splash BOOT_IMAGE=/boot/vmlinuz-6.14.0-35-generic", will be passed to user space.
2025-11-19T13:06:06.445728+00:00 mark-VirtualBox kernel: random: crng init done
2025-11-19T13:06:06.445729+00:00 mark-VirtualBox kernel: printk: log buffer data + meta data: 262144 + 917504 = 1179648 bytes
2025-11-19T13:06:06.445729+00:00 mark-VirtualBox kernel: Dentry cache hash table entries: 524288 (order: 10, 4194304 bytes, linear)
2025-11-19T13:06:06.445729+00:00 mark-VirtualBox kernel: Inode-cache hash table entries: 262144 (order: 9, 2097152 bytes, linear)
2025-11-19T13:06:06.445730+00:00 mark-VirtualBox kernel: Fallback order for Node 0: 0 
2025-11-19T13:06:06.445730+00:00 mark-VirtualBox kernel: Built 1 zonelists, mobility grouping on.  Total pages: 1061518
2025-11-19T13:06:06.445730+00:00 mark-VirtualBox kernel: Policy zone: Normal
2025-11-19T13:06:06.445731+00:00 mark-VirtualBox kernel: mem auto-init: stack:all(zero), heap alloc:on, heap free:off
2025-11-19T13:06:06.445731+00:00 mark-VirtualBox kernel: software IO TLB: area num 2.
2025-11-19T13:06:06.445732+00:00 mark-VirtualBox kernel: SLUB: HWalign=64, Order=0-3, MinObjects=0, CPUs=2, Nodes=1
2025-11-19T13:06:06.445732+00:00 mark-VirtualBox kernel: ftrace: allocating 60406 entries in 236 pages
2025-11-19T13:06:06.445732+00:00 mark-VirtualBox kernel: ftrace: allocated 236 pages with 5 groups
2025-11-19T13:06:06.445732+00:00 mark-VirtualBox kernel: Dynamic Preempt: voluntary
2025-11-19T13:06:06.445734+00:00 mark-VirtualBox kernel: rcu: Preemptible hierarchical RCU implementation.
2025-11-19T13:06:06.445734+00:00 mark-VirtualBox kernel: rcu: 	RCU restricting CPUs from NR_CPUS=8192 to nr_cpu_ids=2.
2025-11-19T13:06:06.445734+00:00 mark-VirtualBox kernel: 	Trampoline variant of Tasks RCU enabled.
2025-11-19T13:06:06.445765+00:00 mark-VirtualBox kernel: 	Rude variant of Tasks RCU enabled.
2025-11-19T13:06:06.445765+00:00 mark-VirtualBox kernel: 	Tracing variant of Tasks RCU enabled.
2025-11-19T13:06:06.445765+00:00 mark-VirtualBox kernel: rcu: RCU calculated value of scheduler-enlistment delay is 100 jiffies.
2025-11-19T13:06:06.445765+00:00 mark-VirtualBox kernel: rcu: Adjusting geometry for rcu_fanout_leaf=16, nr_cpu_ids=2
2025-11-19T13:06:06.445767+00:00 mark-VirtualBox kernel: RCU Tasks: Setting shift to 1 and lim to 1 rcu_task_cb_adjust=1 rcu_task_cpu_ids=2.
2025-11-19T13:06:06.445767+00:00 mark-VirtualBox kernel: RCU Tasks Rude: Setting shift to 1 and lim to 1 rcu_task_cb_adjust=1 rcu_task_cpu_ids=2.
2025-11-19T13:06:06.445767+00:00 mark-VirtualBox kernel: RCU Tasks Trace: Setting shift to 1 and lim to 1 rcu_task_cb_adjust=1 rcu_task_cpu_ids=2.
2025-11-19T13:06:06.445767+00:00 mark-VirtualBox kernel: NR_IRQS: 524544, nr_irqs: 440, preallocated irqs: 16
2025-11-19T13:06:06.445768+00:00 mark-VirtualBox kernel: rcu: srcu_init: Setting srcu_struct sizes based on contention.
2025-11-19T13:06:06.445768+00:00 mark-VirtualBox kernel: Console: colour VGA+ 80x25
2025-11-19T13:06:06.445769+00:00 mark-VirtualBox kernel: printk: legacy console [tty0] enabled
2025-11-19T13:06:06.445769+00:00 mark-VirtualBox kernel: ACPI: Core revision 20240827
2025-11-19T13:06:06.445770+00:00 mark-VirtualBox kernel: APIC: Switch to symmetric I/O mode setup
2025-11-19T13:06:06.445770+00:00 mark-VirtualBox kernel: ..TIMER: vector=0x30 apic1=0 pin1=2 apic2=-1 pin2=-1
2025-11-19T13:06:06.445770+00:00 mark-VirtualBox kernel: clocksource: tsc-early: mask: 0xffffffffffffffff max_cycles: 0x23fa772cf26, max_idle_ns: 440795269835 ns
2025-11-19T13:06:06.445770+00:00 mark-VirtualBox kernel: Calibrating delay loop (skipped) preset value.. 4992.00 BogoMIPS (lpj=2496000)
2025-11-19T13:06:06.445772+00:00 mark-VirtualBox kernel: Last level iTLB entries: 4KB 0, 2MB 0, 4MB 0
2025-11-19T13:06:06.445772+00:00 mark-VirtualBox kernel: Last level dTLB entries: 4KB 0, 2MB 0, 4MB 0, 1GB 0
2025-11-19T13:06:06.445772+00:00 mark-VirtualBox kernel: Spectre V1 : Mitigation: usercopy/swapgs barriers and __user pointer sanitization
2025-11-19T13:06:06.445772+00:00 mark-VirtualBox kernel: Spectre V2 : Spectre BHI mitigation: SW BHB clearing on syscall and VM exit
2025-11-19T13:06:06.445773+00:00 mark-VirtualBox kernel: Spectre V2 : Mitigation: Enhanced / Automatic IBRS
2025-11-19T13:06:06.445773+00:00 mark-VirtualBox kernel: Spectre V2 : Spectre v2 / PBRSB-eIBRS: Retire a single CALL on VMEXIT
2025-11-19T13:06:06.445773+00:00 mark-VirtualBox kernel: RETBleed: Mitigation: Enhanced IBRS
2025-11-19T13:06:06.445774+00:00 mark-VirtualBox kernel: Speculative Store Bypass: Vulnerable
2025-11-19T13:06:06.445775+00:00 mark-VirtualBox kernel: Register File Data Sampling: Vulnerable: No microcode
2025-11-19T13:06:06.445775+00:00 mark-VirtualBox kernel: ITS: Mitigation: Aligned branch/return thunks
2025-11-19T13:06:06.445775+00:00 mark-VirtualBox kernel: x86/fpu: x87 FPU will use FXSAVE
2025-11-19T13:06:06.445775+00:00 mark-VirtualBox kernel: Freeing SMP alternatives memory: 48K
2025-11-19T13:06:06.445776+00:00 mark-VirtualBox kernel: pid_max: default: 32768 minimum: 301
2025-11-19T13:06:06.445777+00:00 mark-VirtualBox kernel: LSM: initializing lsm=lockdown,capability,landlock,yama,apparmor,ima,evm
2025-11-19T13:06:06.445777+00:00 mark-VirtualBox kernel: landlock: Up and running.
2025-11-19T13:06:06.445777+00:00 mark-VirtualBox kernel: Yama: becoming mindful.
2025-11-19T13:06:06.445777+00:00 mark-VirtualBox kernel: AppArmor: AppArmor initialized
2025-11-19T13:06:06.445778+00:00 mark-VirtualBox kernel: Mount-cache hash table entries: 8192 (order: 4, 65536 bytes, linear)
2025-11-19T13:06:06.445778+00:00 mark-VirtualBox kernel: Mountpoint-cache hash table entries: 8192 (order: 4, 65536 bytes, linear)
2025-11-19T13:06:06.445779+00:00 mark-VirtualBox kernel: APIC calibration not consistent with PM-Timer: 136ms instead of 100ms
2025-11-19T13:06:06.445779+00:00 mark-VirtualBox kernel: APIC delta adjusted to PM-Timer: 6285887 (8608891)
2025-11-19T13:06:06.445780+00:00 mark-VirtualBox kernel: smpboot: CPU0: 12th Gen Intel(R) Core(TM) i5-12400F (family: 0x6, model: 0x97, stepping: 0x5)
2025-11-19T13:06:06.445780+00:00 mark-VirtualBox kernel: Performance Events: unsupported p6 CPU model 151 no PMU driver, software events only.
2025-11-19T13:06:06.445780+00:00 mark-VirtualBox kernel: signal: max sigframe size: 1440
2025-11-19T13:06:06.445780+00:00 mark-VirtualBox kernel: rcu: Hierarchical SRCU implementation.
2025-11-19T13:06:06.445781+00:00 mark-VirtualBox kernel: rcu: 	Max phase no-delay instances is 400.
2025-11-19T13:06:06.445782+00:00 mark-VirtualBox kernel: Timer migration: 1 hierarchy levels; 8 children per group; 1 crossnode level
2025-11-19T13:06:06.445782+00:00 mark-VirtualBox kernel: NMI watchdog: Perf NMI watchdog permanently disabled
2025-11-19T13:06:06.445782+00:00 mark-VirtualBox kernel: smp: Bringing up secondary CPUs ...
2025-11-19T13:06:06.445782+00:00 mark-VirtualBox kernel: smpboot: x86: Booting SMP configuration:
2025-11-19T13:06:06.445783+00:00 mark-VirtualBox kernel: .... node  #0, CPUs:      #1
2025-11-19T13:06:06.445783+00:00 mark-VirtualBox kernel: TSC synchronization [CPU#0 -> CPU#1]:
2025-11-19T13:06:06.445784+00:00 mark-VirtualBox kernel: Measured 50607 cycles TSC warp between CPUs, turning off TSC clock.
2025-11-19T13:06:06.445784+00:00 mark-VirtualBox kernel: tsc: Marking TSC unstable due to check_tsc_sync_source failed
2025-11-19T13:06:06.445784+00:00 mark-VirtualBox kernel: smp: Brought up 1 node, 2 CPUs
2025-11-19T13:06:06.445785+00:00 mark-VirtualBox kernel: smpboot: Total of 2 processors activated (9984.00 BogoMIPS)
2025-11-19T13:06:06.445785+00:00 mark-VirtualBox kernel: Memory: 3973860K/4246072K available (21451K kernel code, 4568K rwdata, 15064K rodata, 5140K init, 4432K bss, 265952K reserved, 0K cma-reserved)
2025-11-19T13:06:06.445785+00:00 mark-VirtualBox kernel: devtmpfs: initialized
2025-11-19T13:06:06.445786+00:00 mark-VirtualBox kernel: x86/mm: Memory block size: 128MB
2025-11-19T13:06:06.445787+00:00 mark-VirtualBox kernel: clocksource: jiffies: mask: 0xffffffff max_cycles: 0xffffffff, max_idle_ns: 1911260446275000 ns
2025-11-19T13:06:06.445787+00:00 mark-VirtualBox kernel: futex hash table entries: 512 (order: 3, 32768 bytes, linear)
2025-11-19T13:06:06.445787+00:00 mark-VirtualBox kernel: pinctrl core: initialized pinctrl subsystem
2025-11-19T13:06:06.445787+00:00 mark-VirtualBox kernel: PM: RTC time: 13:05:55, date: 2025-11-19
2025-11-19T13:06:06.445788+00:00 mark-VirtualBox kernel: NET: Registered PF_NETLINK/PF_ROUTE protocol family
2025-11-19T13:06:06.445788+00:00 mark-VirtualBox kernel: DMA: preallocated 512 KiB GFP_KERNEL pool for atomic allocations
2025-11-19T13:06:06.445789+00:00 mark-VirtualBox kernel: DMA: preallocated 512 KiB GFP_KERNEL|GFP_DMA pool for atomic allocations
2025-11-19T13:06:06.445789+00:00 mark-VirtualBox kernel: DMA: preallocated 512 KiB GFP_KERNEL|GFP_DMA32 pool for atomic allocations
2025-11-19T13:06:06.445789+00:00 mark-VirtualBox kernel: audit: initializing netlink subsys (disabled)
2025-11-19T13:06:06.445790+00:00 mark-VirtualBox kernel: audit: type=2000 audit(1763558569.028:1): state=initialized audit_enabled=0 res=1
2025-11-19T13:06:06.445790+00:00 mark-VirtualBox kernel: thermal_sys: Registered thermal governor 'fair_share'
2025-11-19T13:06:06.445790+00:00 mark-VirtualBox kernel: thermal_sys: Registered thermal governor 'bang_bang'
2025-11-19T13:06:06.445791+00:00 mark-VirtualBox kernel: thermal_sys: Registered thermal governor 'step_wise'
2025-11-19T13:06:06.445792+00:00 mark-VirtualBox kernel: thermal_sys: Registered thermal governor 'user_space'
2025-11-19T13:06:06.445792+00:00 mark-VirtualBox kernel: thermal_sys: Registered thermal governor 'power_allocator'
2025-11-19T13:06:06.445792+00:00 mark-VirtualBox kernel: cpuidle: using governor ladder
2025-11-19T13:06:06.445792+00:00 mark-VirtualBox kernel: cpuidle: using governor menu
2025-11-19T13:06:06.445792+00:00 mark-VirtualBox kernel: acpiphp: ACPI Hot Plug PCI Controller Driver version: 0.5
2025-11-19T13:06:06.445793+00:00 mark-VirtualBox kernel: PCI: Using configuration type 1 for base access
2025-11-19T13:06:06.445794+00:00 mark-VirtualBox kernel: kprobes: kprobe jump-optimization is enabled. All kprobes are optimized if possible.
2025-11-19T13:06:06.445794+00:00 mark-VirtualBox kernel: HugeTLB: registered 2.00 MiB page size, pre-allocated 0 pages
2025-11-19T13:06:06.445794+00:00 mark-VirtualBox kernel: HugeTLB: 28 KiB vmemmap can be freed for a 2.00 MiB page
2025-11-19T13:06:06.445795+00:00 mark-VirtualBox kernel: ACPI: Added _OSI(Module Device)
2025-11-19T13:06:06.445795+00:00 mark-VirtualBox kernel: ACPI: Added _OSI(Processor Device)
2025-11-19T13:06:06.445795+00:00 mark-VirtualBox kernel: ACPI: Added _OSI(Processor Aggregator Device)
2025-11-19T13:06:06.445796+00:00 mark-VirtualBox kernel: ACPI: 2 ACPI AML tables successfully acquired and loaded
2025-11-19T13:06:06.445796+00:00 mark-VirtualBox kernel: ACPI: Interpreter enabled
2025-11-19T13:06:06.445797+00:00 mark-VirtualBox kernel: ACPI: PM: (supports S0 S5)
2025-11-19T13:06:06.445797+00:00 mark-VirtualBox kernel: ACPI: Using IOAPIC for interrupt routing
2025-11-19T13:06:06.445797+00:00 mark-VirtualBox kernel: PCI: Using host bridge windows from ACPI; if necessary, use "pci=nocrs" and report a bug
2025-11-19T13:06:06.445797+00:00 mark-VirtualBox kernel: PCI: Using E820 reservations for host bridge windows
2025-11-19T13:06:06.445798+00:00 mark-VirtualBox kernel: ACPI: Enabled 2 GPEs in block 00 to 07
2025-11-19T13:06:06.445799+00:00 mark-VirtualBox kernel: ACPI: PCI Root Bridge [PCI0] (domain 0000 [bus 00-ff])
2025-11-19T13:06:06.445799+00:00 mark-VirtualBox kernel: acpi PNP0A03:00: _OSC: OS supports [ASPM ClockPM Segments MSI EDR HPX-Type3]
2025-11-19T13:06:06.445799+00:00 mark-VirtualBox kernel: acpi PNP0A03:00: _OSC: not requesting OS control; OS requires [ExtendedConfig ASPM ClockPM MSI]
2025-11-19T13:06:06.445799+00:00 mark-VirtualBox kernel: acpi PNP0A03:00: fail to add MMCONFIG information, can't access extended configuration space under this bridge
2025-11-19T13:06:06.445800+00:00 mark-VirtualBox kernel: PCI host bridge to bus 0000:00
2025-11-19T13:06:06.445803+00:00 mark-VirtualBox kernel: pci_bus 0000:00: root bus resource [io  0x0000-0x0cf7 window]
2025-11-19T13:06:06.445804+00:00 mark-VirtualBox kernel: pci_bus 0000:00: root bus resource [io  0x0d00-0xffff window]
2025-11-19T13:06:06.445804+00:00 mark-VirtualBox kernel: pci_bus 0000:00: root bus resource [mem 0x000a0000-0x000bffff window]
2025-11-19T13:06:06.445805+00:00 mark-VirtualBox kernel: pci_bus 0000:00: root bus resource [mem 0xe0000000-0xfdffffff window]
2025-11-19T13:06:06.445805+00:00 mark-VirtualBox kernel: pci_bus 0000:00: root bus resource [bus 00-ff]
2025-11-19T13:06:06.445805+00:00 mark-VirtualBox kernel: pci 0000:00:00.0: [8086:1237] type 00 class 0x060000 conventional PCI endpoint
2025-11-19T13:06:06.445805+00:00 mark-VirtualBox kernel: pci 0000:00:01.0: [8086:7000] type 00 class 0x060100 conventional PCI endpoint
2025-11-19T13:06:06.445807+00:00 mark-VirtualBox kernel: pci 0000:00:01.1: [8086:7111] type 00 class 0x01018a conventional PCI endpoint
2025-11-19T13:06:06.445808+00:00 mark-VirtualBox kernel: pci 0000:00:01.1: BAR 4 [io  0xd000-0xd00f]
2025-11-19T13:06:06.445808+00:00 mark-VirtualBox kernel: pci 0000:00:01.1: BAR 0 [io  0x01f0-0x01f7]: legacy IDE quirk
2025-11-19T13:06:06.445808+00:00 mark-VirtualBox kernel: pci 0000:00:01.1: BAR 1 [io  0x03f6]: legacy IDE quirk
2025-11-19T13:06:06.445808+00:00 mark-VirtualBox kernel: pci 0000:00:01.1: BAR 2 [io  0x0170-0x0177]: legacy IDE quirk
2025-11-19T13:06:06.445809+00:00 mark-VirtualBox kernel: pci 0000:00:01.1: BAR 3 [io  0x0376]: legacy IDE quirk
2025-11-19T13:06:06.445810+00:00 mark-VirtualBox kernel: pci 0000:00:02.0: [15ad:0405] type 00 class 0x030000 conventional PCI endpoint
2025-11-19T13:06:06.445811+00:00 mark-VirtualBox kernel: pci 0000:00:02.0: BAR 0 [io  0xd010-0xd01f]
2025-11-19T13:06:06.445811+00:00 mark-VirtualBox kernel: pci 0000:00:02.0: BAR 1 [mem 0xe0000000-0xe7ffffff pref]
2025-11-19T13:06:06.445838+00:00 mark-VirtualBox kernel: pci 0000:00:02.0: BAR 2 [mem 0xf0000000-0xf01fffff]
2025-11-19T13:06:06.445838+00:00 mark-VirtualBox kernel: pci 0000:00:02.0: Video device with shadowed ROM at [mem 0x000c0000-0x000dffff]
2025-11-19T13:06:06.445838+00:00 mark-VirtualBox kernel: pci 0000:00:03.0: [8086:100e] type 00 class 0x020000 conventional PCI endpoint
2025-11-19T13:06:06.445839+00:00 mark-VirtualBox kernel: pci 0000:00:03.0: BAR 0 [mem 0xf0200000-0xf021ffff]
2025-11-19T13:06:06.445842+00:00 mark-VirtualBox kernel: pci 0000:00:03.0: BAR 2 [io  0xd020-0xd027]
2025-11-19T13:06:06.445843+00:00 mark-VirtualBox kernel: pci 0000:00:04.0: [80ee:cafe] type 00 class 0x088000 conventional PCI endpoint
2025-11-19T13:06:06.445843+00:00 mark-VirtualBox kernel: pci 0000:00:04.0: BAR 0 [io  0xd040-0xd05f]
2025-11-19T13:06:06.445843+00:00 mark-VirtualBox kernel: pci 0000:00:04.0: BAR 1 [mem 0xf0400000-0xf07fffff]
2025-11-19T13:06:06.445843+00:00 mark-VirtualBox kernel: pci 0000:00:04.0: BAR 2 [mem 0xf0800000-0xf0803fff pref]
2025-11-19T13:06:06.445844+00:00 mark-VirtualBox kernel: pci 0000:00:05.0: [8086:2415] type 00 class 0x040100 conventional PCI endpoint
2025-11-19T13:06:06.445846+00:00 mark-VirtualBox kernel: pci 0000:00:05.0: BAR 0 [io  0xd100-0xd1ff]
2025-11-19T13:06:06.445846+00:00 mark-VirtualBox kernel: pci 0000:00:05.0: BAR 1 [io  0xd200-0xd23f]
2025-11-19T13:06:06.445846+00:00 mark-VirtualBox kernel: pci 0000:00:06.0: [106b:003f] type 00 class 0x0c0310 conventional PCI endpoint
2025-11-19T13:06:06.445847+00:00 mark-VirtualBox kernel: pci 0000:00:06.0: BAR 0 [mem 0xf0804000-0xf0804fff]
2025-11-19T13:06:06.445847+00:00 mark-VirtualBox kernel: pci 0000:00:07.0: [8086:7113] type 00 class 0x068000 conventional PCI endpoint
2025-11-19T13:06:06.445847+00:00 mark-VirtualBox kernel: pci 0000:00:07.0: quirk: [io  0x4000-0x403f] claimed by PIIX4 ACPI
2025-11-19T13:06:06.445848+00:00 mark-VirtualBox kernel: pci 0000:00:07.0: quirk: [io  0x4100-0x410f] claimed by PIIX4 SMB
2025-11-19T13:06:06.445849+00:00 mark-VirtualBox kernel: pci 0000:00:0b.0: [8086:265c] type 00 class 0x0c0320 conventional PCI endpoint
2025-11-19T13:06:06.445849+00:00 mark-VirtualBox kernel: pci 0000:00:0b.0: BAR 0 [mem 0xf0805000-0xf0805fff]
2025-11-19T13:06:06.445850+00:00 mark-VirtualBox kernel: pci 0000:00:0d.0: [8086:2829] type 00 class 0x010601 conventional PCI endpoint
2025-11-19T13:06:06.445850+00:00 mark-VirtualBox kernel: pci 0000:00:0d.0: BAR 0 [io  0xd240-0xd247]
2025-11-19T13:06:06.445850+00:00 mark-VirtualBox kernel: pci 0000:00:0d.0: BAR 1 [io  0xd248-0xd24b]
2025-11-19T13:06:06.445850+00:00 mark-VirtualBox kernel: pci 0000:00:0d.0: BAR 2 [io  0xd250-0xd257]
2025-11-19T13:06:06.445852+00:00 mark-VirtualBox kernel: pci 0000:00:0d.0: BAR 3 [io  0xd258-0xd25b]
2025-11-19T13:06:06.445852+00:00 mark-VirtualBox kernel: pci 0000:00:0d.0: BAR 4 [io  0xd260-0xd26f]
2025-11-19T13:06:06.445853+00:00 mark-VirtualBox kernel: pci 0000:00:0d.0: BAR 5 [mem 0xf0806000-0xf0807fff]
2025-11-19T13:06:06.445853+00:00 mark-VirtualBox kernel: ACPI: PCI: Interrupt link LNKA configured for IRQ 11
2025-11-19T13:06:06.445853+00:00 mark-VirtualBox kernel: ACPI: PCI: Interrupt link LNKB configured for IRQ 10
2025-11-19T13:06:06.445853+00:00 mark-VirtualBox kernel: ACPI: PCI: Interrupt link LNKC configured for IRQ 9
2025-11-19T13:06:06.445855+00:00 mark-VirtualBox kernel: ACPI: PCI: Interrupt link LNKD configured for IRQ 11
2025-11-19T13:06:06.445855+00:00 mark-VirtualBox kernel: iommu: Default domain type: Translated
2025-11-19T13:06:06.445855+00:00 mark-VirtualBox kernel: iommu: DMA domain TLB invalidation policy: lazy mode
2025-11-19T13:06:06.445856+00:00 mark-VirtualBox kernel: SCSI subsystem initialized
2025-11-19T13:06:06.445856+00:00 mark-VirtualBox kernel: libata version 3.00 loaded.
2025-11-19T13:06:06.445856+00:00 mark-VirtualBox kernel: ACPI: bus type USB registered
2025-11-19T13:06:06.445856+00:00 mark-VirtualBox kernel: usbcore: registered new interface driver usbfs
2025-11-19T13:06:06.445858+00:00 mark-VirtualBox kernel: usbcore: registered new interface driver hub
2025-11-19T13:06:06.445858+00:00 mark-VirtualBox kernel: usbcore: registered new device driver usb
2025-11-19T13:06:06.445859+00:00 mark-VirtualBox kernel: pps_core: LinuxPPS API ver. 1 registered
2025-11-19T13:06:06.445859+00:00 mark-VirtualBox kernel: pps_core: Software ver. 5.3.6 - Copyright 2005-2007 Rodolfo Giometti <giometti@linux.it>
2025-11-19T13:06:06.445859+00:00 mark-VirtualBox kernel: PTP clock support registered
2025-11-19T13:06:06.445859+00:00 mark-VirtualBox kernel: EDAC MC: Ver: 3.0.0
2025-11-19T13:06:06.445861+00:00 mark-VirtualBox kernel: NetLabel: Initializing
2025-11-19T13:06:06.445861+00:00 mark-VirtualBox kernel: NetLabel:  domain hash size = 128
2025-11-19T13:06:06.445862+00:00 mark-VirtualBox kernel: NetLabel:  protocols = UNLABELED CIPSOv4 CALIPSO
2025-11-19T13:06:06.445862+00:00 mark-VirtualBox kernel: NetLabel:  unlabeled traffic allowed by default
2025-11-19T13:06:06.445862+00:00 mark-VirtualBox kernel: mctp: management component transport protocol core
2025-11-19T13:06:06.445862+00:00 mark-VirtualBox kernel: NET: Registered PF_MCTP protocol family
2025-11-19T13:06:06.445863+00:00 mark-VirtualBox kernel: PCI: Using ACPI for IRQ routing
2025-11-19T13:06:06.445864+00:00 mark-VirtualBox kernel: PCI: pci_cache_line_size set to 64 bytes
2025-11-19T13:06:06.445864+00:00 mark-VirtualBox kernel: e820: reserve RAM buffer [mem 0x0009fc00-0x0009ffff]
2025-11-19T13:06:06.445865+00:00 mark-VirtualBox kernel: e820: reserve RAM buffer [mem 0xdfff0000-0xdfffffff]
2025-11-19T13:06:06.445865+00:00 mark-VirtualBox kernel: e820: reserve RAM buffer [mem 0x123300000-0x123ffffff]
2025-11-19T13:06:06.445865+00:00 mark-VirtualBox kernel: pci 0000:00:02.0: vgaarb: setting as boot VGA device
2025-11-19T13:06:06.445865+00:00 mark-VirtualBox kernel: pci 0000:00:02.0: vgaarb: bridge control possible
2025-11-19T13:06:06.445867+00:00 mark-VirtualBox kernel: pci 0000:00:02.0: vgaarb: VGA device added: decodes=io+mem,owns=io+mem,locks=none
2025-11-19T13:06:06.445868+00:00 mark-VirtualBox kernel: vgaarb: loaded
2025-11-19T13:06:06.445868+00:00 mark-VirtualBox kernel: clocksource: Switched to clocksource kvm-clock
2025-11-19T13:06:06.445868+00:00 mark-VirtualBox kernel: VFS: Disk quotas dquot_6.6.0
2025-11-19T13:06:06.445868+00:00 mark-VirtualBox kernel: VFS: Dquot-cache hash table entries: 512 (order 0, 4096 bytes)
2025-11-19T13:06:06.445869+00:00 mark-VirtualBox kernel: AppArmor: AppArmor Filesystem Enabled
2025-11-19T13:06:06.445870+00:00 mark-VirtualBox kernel: pnp: PnP ACPI init
2025-11-19T13:06:06.445871+00:00 mark-VirtualBox kernel: pnp: PnP ACPI: found 2 devices
2025-11-19T13:06:06.445871+00:00 mark-VirtualBox kernel: clocksource: acpi_pm: mask: 0xffffff max_cycles: 0xffffff, max_idle_ns: 2085701024 ns
2025-11-19T13:06:06.445871+00:00 mark-VirtualBox kernel: NET: Registered PF_INET protocol family
2025-11-19T13:06:06.445871+00:00 mark-VirtualBox kernel: IP idents hash table entries: 65536 (order: 7, 524288 bytes, linear)
2025-11-19T13:06:06.445872+00:00 mark-VirtualBox kernel: tcp_listen_portaddr_hash hash table entries: 2048 (order: 3, 32768 bytes, linear)
2025-11-19T13:06:06.445872+00:00 mark-VirtualBox kernel: Table-perturb hash table entries: 65536 (order: 6, 262144 bytes, linear)
2025-11-19T13:06:06.445874+00:00 mark-VirtualBox kernel: TCP established hash table entries: 32768 (order: 6, 262144 bytes, linear)
2025-11-19T13:06:06.445874+00:00 mark-VirtualBox kernel: TCP bind hash table entries: 32768 (order: 8, 1048576 bytes, linear)
2025-11-19T13:06:06.445874+00:00 mark-VirtualBox kernel: TCP: Hash tables configured (established 32768 bind 32768)
2025-11-19T13:06:06.445874+00:00 mark-VirtualBox kernel: MPTCP token hash table entries: 4096 (order: 4, 98304 bytes, linear)
2025-11-19T13:06:06.445875+00:00 mark-VirtualBox kernel: UDP hash table entries: 2048 (order: 5, 131072 bytes, linear)
2025-11-19T13:06:06.445875+00:00 mark-VirtualBox kernel: UDP-Lite hash table entries: 2048 (order: 5, 131072 bytes, linear)
2025-11-19T13:06:06.445877+00:00 mark-VirtualBox kernel: NET: Registered PF_UNIX/PF_LOCAL protocol family
2025-11-19T13:06:06.445877+00:00 mark-VirtualBox kernel: NET: Registered PF_XDP protocol family
2025-11-19T13:06:06.445877+00:00 mark-VirtualBox kernel: pci_bus 0000:00: resource 4 [io  0x0000-0x0cf7 window]
2025-11-19T13:06:06.445877+00:00 mark-VirtualBox kernel: pci_bus 0000:00: resource 5 [io  0x0d00-0xffff window]
2025-11-19T13:06:06.445878+00:00 mark-VirtualBox kernel: pci_bus 0000:00: resource 6 [mem 0x000a0000-0x000bffff window]
2025-11-19T13:06:06.445878+00:00 mark-VirtualBox kernel: pci_bus 0000:00: resource 7 [mem 0xe0000000-0xfdffffff window]
2025-11-19T13:06:06.445879+00:00 mark-VirtualBox kernel: pci 0000:00:00.0: Limiting direct PCI/PCI transfers
2025-11-19T13:06:06.445880+00:00 mark-VirtualBox kernel: PCI: CLS 0 bytes, default 64
2025-11-19T13:06:06.445880+00:00 mark-VirtualBox kernel: Trying to unpack rootfs image as initramfs...
2025-11-19T13:06:06.445880+00:00 mark-VirtualBox kernel: PCI-DMA: Using software bounce buffering for IO (SWIOTLB)
2025-11-19T13:06:06.445880+00:00 mark-VirtualBox kernel: software IO TLB: mapped [mem 0x00000000dbff0000-0x00000000dfff0000] (64MB)
2025-11-19T13:06:06.445881+00:00 mark-VirtualBox kernel: platform rtc_cmos: registered platform RTC device (no PNP device found)
2025-11-19T13:06:06.445881+00:00 mark-VirtualBox kernel: Initialise system trusted keyrings
2025-11-19T13:06:06.445883+00:00 mark-VirtualBox kernel: Key type blacklist registered
2025-11-19T13:06:06.445883+00:00 mark-VirtualBox kernel: workingset: timestamp_bits=36 max_order=20 bucket_order=0
2025-11-19T13:06:06.445883+00:00 mark-VirtualBox kernel: zbud: loaded
2025-11-19T13:06:06.445883+00:00 mark-VirtualBox kernel: squashfs: version 4.0 (2009/01/31) Phillip Lougher
2025-11-19T13:06:06.445884+00:00 mark-VirtualBox kernel: fuse: init (API version 7.42)
2025-11-19T13:06:06.445884+00:00 mark-VirtualBox kernel: integrity: Platform Keyring initialized
2025-11-19T13:06:06.445886+00:00 mark-VirtualBox kernel: integrity: Machine keyring initialized
2025-11-19T13:06:06.445886+00:00 mark-VirtualBox kernel: Key type asymmetric registered
2025-11-19T13:06:06.445886+00:00 mark-VirtualBox kernel: Asymmetric key parser 'x509' registered
2025-11-19T13:06:06.445886+00:00 mark-VirtualBox kernel: Block layer SCSI generic (bsg) driver version 0.4 loaded (major 243)
2025-11-19T13:06:06.445887+00:00 mark-VirtualBox kernel: io scheduler mq-deadline registered
2025-11-19T13:06:06.445887+00:00 mark-VirtualBox kernel: ledtrig-cpu: registered to indicate activity on CPUs
2025-11-19T13:06:06.445887+00:00 mark-VirtualBox kernel: shpchp: Standard Hot Plug PCI Controller Driver version: 0.4
2025-11-19T13:06:06.445889+00:00 mark-VirtualBox kernel: ACPI: AC: AC Adapter [AC] (on-line)
2025-11-19T13:06:06.445889+00:00 mark-VirtualBox kernel: input: Power Button as /devices/LNXSYSTM:00/LNXPWRBN:00/input/input0
2025-11-19T13:06:06.445889+00:00 mark-VirtualBox kernel: ACPI: button: Power Button [PWRF]
2025-11-19T13:06:06.445889+00:00 mark-VirtualBox kernel: input: Sleep Button as /devices/LNXSYSTM:00/LNXSLPBN:00/input/input1
2025-11-19T13:06:06.445890+00:00 mark-VirtualBox kernel: ACPI: button: Sleep Button [SLPF]
2025-11-19T13:06:06.445890+00:00 mark-VirtualBox kernel: Serial: 8250/16550 driver, 32 ports, IRQ sharing enabled
2025-11-19T13:06:06.445892+00:00 mark-VirtualBox kernel: Linux agpgart interface v0.103
2025-11-19T13:06:06.445892+00:00 mark-VirtualBox kernel: loop: module loaded
2025-11-19T13:06:06.445892+00:00 mark-VirtualBox kernel: ata_piix 0000:00:01.1: version 2.13
2025-11-19T13:06:06.445892+00:00 mark-VirtualBox kernel: scsi host0: ata_piix
2025-11-19T13:06:06.445893+00:00 mark-VirtualBox kernel: scsi host1: ata_piix
2025-11-19T13:06:06.445893+00:00 mark-VirtualBox kernel: ata1: PATA max UDMA/33 cmd 0x1f0 ctl 0x3f6 bmdma 0xd000 irq 14 lpm-pol 0
2025-11-19T13:06:06.445894+00:00 mark-VirtualBox kernel: ata2: PATA max UDMA/33 cmd 0x170 ctl 0x376 bmdma 0xd008 irq 15 lpm-pol 0
2025-11-19T13:06:06.445895+00:00 mark-VirtualBox kernel: ACPI: bus type drm_connector registered
2025-11-19T13:06:06.445895+00:00 mark-VirtualBox kernel: tun: Universal TUN/TAP device driver, 1.6
2025-11-19T13:06:06.445895+00:00 mark-VirtualBox kernel: PPP generic driver version 2.4.2
2025-11-19T13:06:06.445896+00:00 mark-VirtualBox kernel: ohci-pci 0000:00:06.0: OHCI PCI host controller
2025-11-19T13:06:06.445896+00:00 mark-VirtualBox kernel: ohci-pci 0000:00:06.0: new USB bus registered, assigned bus number 1
2025-11-19T13:06:06.446191+00:00 mark-VirtualBox kernel: ohci-pci 0000:00:06.0: irq 22, io mem 0xf0804000
2025-11-19T13:06:06.446196+00:00 mark-VirtualBox kernel: Freeing initrd memory: 71056K
2025-11-19T13:06:06.446196+00:00 mark-VirtualBox kernel: usb usb1: New USB device found, idVendor=1d6b, idProduct=0001, bcdDevice= 6.14
2025-11-19T13:06:06.446197+00:00 mark-VirtualBox kernel: usb usb1: New USB device strings: Mfr=3, Product=2, SerialNumber=1
2025-11-19T13:06:06.446197+00:00 mark-VirtualBox kernel: usb usb1: Product: OHCI PCI host controller
2025-11-19T13:06:06.446197+00:00 mark-VirtualBox kernel: usb usb1: Manufacturer: Linux 6.14.0-35-generic ohci_hcd
2025-11-19T13:06:06.446198+00:00 mark-VirtualBox kernel: usb usb1: SerialNumber: 0000:00:06.0
2025-11-19T13:06:06.446199+00:00 mark-VirtualBox kernel: hub 1-0:1.0: USB hub found
2025-11-19T13:06:06.446200+00:00 mark-VirtualBox kernel: hub 1-0:1.0: 12 ports detected
2025-11-19T13:06:06.446200+00:00 mark-VirtualBox kernel: ehci-pci 0000:00:0b.0: EHCI Host Controller
2025-11-19T13:06:06.446200+00:00 mark-VirtualBox kernel: ehci-pci 0000:00:0b.0: new USB bus registered, assigned bus number 2
2025-11-19T13:06:06.446200+00:00 mark-VirtualBox kernel: i8042: PNP: PS/2 Controller [PNP0303:PS2K,PNP0f03:PS2M] at 0x60,0x64 irq 1,12
2025-11-19T13:06:06.446202+00:00 mark-VirtualBox kernel: ehci-pci 0000:00:0b.0: irq 19, io mem 0xf0805000
2025-11-19T13:06:06.446203+00:00 mark-VirtualBox kernel: serio: i8042 KBD port at 0x60,0x64 irq 1
2025-11-19T13:06:06.446204+00:00 mark-VirtualBox kernel: serio: i8042 AUX port at 0x60,0x64 irq 12
2025-11-19T13:06:06.446205+00:00 mark-VirtualBox kernel: mousedev: PS/2 mouse device common for all mice
2025-11-19T13:06:06.446205+00:00 mark-VirtualBox kernel: rtc_cmos rtc_cmos: registered as rtc0
2025-11-19T13:06:06.446205+00:00 mark-VirtualBox kernel: rtc_cmos rtc_cmos: setting system clock to 2025-11-19T13:05:56 UTC (1763557556)
2025-11-19T13:06:06.446205+00:00 mark-VirtualBox kernel: rtc_cmos rtc_cmos: alarms up to one day, 114 bytes nvram
2025-11-19T13:06:06.446206+00:00 mark-VirtualBox kernel: i2c_dev: i2c /dev entries driver
2025-11-19T13:06:06.446207+00:00 mark-VirtualBox kernel: device-mapper: core: CONFIG_IMA_DISABLE_HTABLE is disabled. Duplicate IMA measurements will not be recorded in the IMA log.
2025-11-19T13:06:06.446208+00:00 mark-VirtualBox kernel: device-mapper: uevent: version 1.0.3
2025-11-19T13:06:06.446208+00:00 mark-VirtualBox kernel: device-mapper: ioctl: 4.49.0-ioctl (2025-01-17) initialised: dm-devel@lists.linux.dev
2025-11-19T13:06:06.446208+00:00 mark-VirtualBox kernel: intel_pstate: CPU model not supported
2025-11-19T13:06:06.446208+00:00 mark-VirtualBox kernel: drop_monitor: Initializing network drop monitor service
2025-11-19T13:06:06.446209+00:00 mark-VirtualBox kernel: NET: Registered PF_INET6 protocol family
2025-11-19T13:06:06.446210+00:00 mark-VirtualBox kernel: input: AT Translated Set 2 keyboard as /devices/platform/i8042/serio0/input/input2
2025-11-19T13:06:06.446210+00:00 mark-VirtualBox kernel: ehci-pci 0000:00:0b.0: USB 2.0 started, EHCI 1.00
2025-11-19T13:06:06.446211+00:00 mark-VirtualBox kernel: usb usb2: New USB device found, idVendor=1d6b, idProduct=0002, bcdDevice= 6.14
2025-11-19T13:06:06.446211+00:00 mark-VirtualBox kernel: usb usb2: New USB device strings: Mfr=3, Product=2, SerialNumber=1
2025-11-19T13:06:06.446211+00:00 mark-VirtualBox kernel: usb usb2: Product: EHCI Host Controller
2025-11-19T13:06:06.446211+00:00 mark-VirtualBox kernel: usb usb2: Manufacturer: Linux 6.14.0-35-generic ehci_hcd
2025-11-19T13:06:06.446212+00:00 mark-VirtualBox kernel: usb usb2: SerialNumber: 0000:00:0b.0
2025-11-19T13:06:06.446213+00:00 mark-VirtualBox kernel: hub 2-0:1.0: USB hub found
2025-11-19T13:06:06.446214+00:00 mark-VirtualBox kernel: hub 2-0:1.0: 12 ports detected
2025-11-19T13:06:06.446214+00:00 mark-VirtualBox kernel: Segment Routing with IPv6
2025-11-19T13:06:06.446214+00:00 mark-VirtualBox kernel: In-situ OAM (IOAM) with IPv6
2025-11-19T13:06:06.446214+00:00 mark-VirtualBox kernel: NET: Registered PF_PACKET protocol family
2025-11-19T13:06:06.446215+00:00 mark-VirtualBox kernel: Key type dns_resolver registered
2025-11-19T13:06:06.446216+00:00 mark-VirtualBox kernel: IPI shorthand broadcast: enabled
2025-11-19T13:06:06.446217+00:00 mark-VirtualBox kernel: sched_clock: Marking stable (455183268, 35815265)->(519850671, -28852138)
2025-11-19T13:06:06.446217+00:00 mark-VirtualBox kernel: registered taskstats version 1
2025-11-19T13:06:06.446217+00:00 mark-VirtualBox kernel: Loading compiled-in X.509 certificates
2025-11-19T13:06:06.446217+00:00 mark-VirtualBox kernel: Loaded X.509 cert 'Build time autogenerated kernel key: 41d22baa63dd1c71f702c24bd4d59d850d38a476'
2025-11-19T13:06:06.446218+00:00 mark-VirtualBox kernel: Loaded X.509 cert 'Canonical Ltd. Live Patch Signing 2025 Kmod: d541cef61dc7e793b7eb7e899970a2eef0b5dc8c'
2025-11-19T13:06:06.446219+00:00 mark-VirtualBox kernel: Loaded X.509 cert 'Canonical Ltd. Live Patch Signing: 14df34d1a87cf37625abec039ef2bf521249b969'
2025-11-19T13:06:06.446220+00:00 mark-VirtualBox kernel: Loaded X.509 cert 'Canonical Ltd. Kernel Module Signing: 88f752e560a1e0737e31163a466ad7b70a850c19'
2025-11-19T13:06:06.446220+00:00 mark-VirtualBox kernel: blacklist: Loading compiled-in revocation X.509 certificates
2025-11-19T13:06:06.446220+00:00 mark-VirtualBox kernel: Loaded X.509 cert 'Canonical Ltd. Secure Boot Signing: 61482aa2830d0ab2ad5af10b7250da9033ddcef0'
2025-11-19T13:06:06.446220+00:00 mark-VirtualBox kernel: Loaded X.509 cert 'Canonical Ltd. Secure Boot Signing (2017): 242ade75ac4a15e50d50c84b0d45ff3eae707a03'
2025-11-19T13:06:06.446221+00:00 mark-VirtualBox kernel: Loaded X.509 cert 'Canonical Ltd. Secure Boot Signing (ESM 2018): 365188c1d374d6b07c3c8f240f8ef722433d6a8b'
2025-11-19T13:06:06.446222+00:00 mark-VirtualBox kernel: Loaded X.509 cert 'Canonical Ltd. Secure Boot Signing (2019): c0746fd6c5da3ae827864651ad66ae47fe24b3e8'
2025-11-19T13:06:06.446223+00:00 mark-VirtualBox kernel: Loaded X.509 cert 'Canonical Ltd. Secure Boot Signing (2021 v1): a8d54bbb3825cfb94fa13c9f8a594a195c107b8d'
2025-11-19T13:06:06.446223+00:00 mark-VirtualBox kernel: Loaded X.509 cert 'Canonical Ltd. Secure Boot Signing (2021 v2): 4cf046892d6fd3c9a5b03f98d845f90851dc6a8c'
2025-11-19T13:06:06.446223+00:00 mark-VirtualBox kernel: Loaded X.509 cert 'Canonical Ltd. Secure Boot Signing (2021 v3): 100437bb6de6e469b581e61cd66bce3ef4ed53af'
2025-11-19T13:06:06.446224+00:00 mark-VirtualBox kernel: Loaded X.509 cert 'Canonical Ltd. Secure Boot Signing (Ubuntu Core 2019): c1d57b8f6b743f23ee41f4f7ee292f06eecadfb9'
2025-11-19T13:06:06.446224+00:00 mark-VirtualBox kernel: Demotion targets for Node 0: null
2025-11-19T13:06:06.446226+00:00 mark-VirtualBox kernel: Key type .fscrypt registered
2025-11-19T13:06:06.446226+00:00 mark-VirtualBox kernel: Key type fscrypt-provisioning registered
2025-11-19T13:06:06.446226+00:00 mark-VirtualBox kernel: Key type encrypted registered
2025-11-19T13:06:06.446226+00:00 mark-VirtualBox kernel: AppArmor: AppArmor sha256 policy hashing enabled
2025-11-19T13:06:06.446227+00:00 mark-VirtualBox kernel: ima: No TPM chip found, activating TPM-bypass!
2025-11-19T13:06:06.446227+00:00 mark-VirtualBox kernel: Loading compiled-in module X.509 certificates
2025-11-19T13:06:06.446229+00:00 mark-VirtualBox kernel: Loaded X.509 cert 'Build time autogenerated kernel key: 41d22baa63dd1c71f702c24bd4d59d850d38a476'
2025-11-19T13:06:06.446229+00:00 mark-VirtualBox kernel: ima: Allocated hash algorithm: sha256
2025-11-19T13:06:06.446229+00:00 mark-VirtualBox kernel: ima: No architecture policies found
2025-11-19T13:06:06.446229+00:00 mark-VirtualBox kernel: evm: Initialising EVM extended attributes:
2025-11-19T13:06:06.446230+00:00 mark-VirtualBox kernel: evm: security.selinux
2025-11-19T13:06:06.446230+00:00 mark-VirtualBox kernel: evm: security.SMACK64
2025-11-19T13:06:06.446232+00:00 mark-VirtualBox kernel: evm: security.SMACK64EXEC
2025-11-19T13:06:06.446232+00:00 mark-VirtualBox kernel: evm: security.SMACK64TRANSMUTE
2025-11-19T13:06:06.446232+00:00 mark-VirtualBox kernel: evm: security.SMACK64MMAP
2025-11-19T13:06:06.446233+00:00 mark-VirtualBox kernel: evm: security.apparmor
2025-11-19T13:06:06.446233+00:00 mark-VirtualBox kernel: evm: security.ima
2025-11-19T13:06:06.446233+00:00 mark-VirtualBox kernel: evm: security.capability
2025-11-19T13:06:06.446233+00:00 mark-VirtualBox kernel: evm: HMAC attrs: 0x1
2025-11-19T13:06:06.446237+00:00 mark-VirtualBox kernel: PM:   Magic number: 1:351:79
2025-11-19T13:06:06.446237+00:00 mark-VirtualBox kernel: RAS: Correctable Errors collector initialized.
2025-11-19T13:06:06.446238+00:00 mark-VirtualBox kernel: clk: Disabling unused clocks
2025-11-19T13:06:06.446238+00:00 mark-VirtualBox kernel: PM: genpd: Disabling unused power domains
2025-11-19T13:06:06.446238+00:00 mark-VirtualBox kernel: ata2.00: ATAPI: VBOX CD-ROM, 1.0, max UDMA/133
2025-11-19T13:06:06.446238+00:00 mark-VirtualBox kernel: scsi 1:0:0:0: CD-ROM            VBOX     CD-ROM           1.0  PQ: 0 ANSI: 5
2025-11-19T13:06:06.446240+00:00 mark-VirtualBox kernel: sr 1:0:0:0: [sr0] scsi3-mmc drive: 32x/32x xa/form2 tray
2025-11-19T13:06:06.446240+00:00 mark-VirtualBox kernel: cdrom: Uniform CD-ROM driver Revision: 3.20
2025-11-19T13:06:06.446241+00:00 mark-VirtualBox kernel: sr 1:0:0:0: Attached scsi CD-ROM sr0
2025-11-19T13:06:06.446241+00:00 mark-VirtualBox kernel: sr 1:0:0:0: Attached scsi generic sg0 type 5
2025-11-19T13:06:06.446241+00:00 mark-VirtualBox kernel: Freeing unused decrypted memory: 2028K
2025-11-19T13:06:06.446241+00:00 mark-VirtualBox kernel: Freeing unused kernel image (initmem) memory: 5140K
2025-11-19T13:06:06.446242+00:00 mark-VirtualBox kernel: Write protecting the kernel read-only data: 38912k
2025-11-19T13:06:06.446243+00:00 mark-VirtualBox kernel: Freeing unused kernel image (text/rodata gap) memory: 1076K
2025-11-19T13:06:06.446244+00:00 mark-VirtualBox kernel: Freeing unused kernel image (rodata/data gap) memory: 1320K
2025-11-19T13:06:06.446244+00:00 mark-VirtualBox kernel: x86/mm: Checked W+X mappings: passed, no W+X pages found.
2025-11-19T13:06:06.446244+00:00 mark-VirtualBox kernel: Run /init as init process
2025-11-19T13:06:06.446244+00:00 mark-VirtualBox kernel:   with arguments:
2025-11-19T13:06:06.446245+00:00 mark-VirtualBox kernel:     /init
2025-11-19T13:06:06.446247+00:00 mark-VirtualBox kernel:     splash
2025-11-19T13:06:06.446247+00:00 mark-VirtualBox kernel:   with environment:
2025-11-19T13:06:06.446247+00:00 mark-VirtualBox kernel:     HOME=/
2025-11-19T13:06:06.446247+00:00 mark-VirtualBox kernel:     TERM=linux
2025-11-19T13:06:06.446248+00:00 mark-VirtualBox kernel:     BOOT_IMAGE=/boot/vmlinuz-6.14.0-35-generic
2025-11-19T13:06:06.446248+00:00 mark-VirtualBox kernel: ahci 0000:00:0d.0: version 3.0
2025-11-19T13:06:06.446249+00:00 mark-VirtualBox kernel: ahci 0000:00:0d.0: SSS flag set, parallel bus scan disabled
2025-11-19T13:06:06.446250+00:00 mark-VirtualBox kernel: ahci 0000:00:0d.0: AHCI vers 0001.0100, 32 command slots, 3 Gbps, SATA mode
2025-11-19T13:06:06.446250+00:00 mark-VirtualBox kernel: ahci 0000:00:0d.0: 1/1 ports implemented (port mask 0x1)
2025-11-19T13:06:06.446250+00:00 mark-VirtualBox kernel: ahci 0000:00:0d.0: flags: 64bit ncq stag only ccc 
2025-11-19T13:06:06.446250+00:00 mark-VirtualBox kernel: ACPI: video: Video Device [GFX0] (multi-head: yes  rom: no  post: no)
2025-11-19T13:06:06.446251+00:00 mark-VirtualBox kernel: input: Video Bus as /devices/LNXSYSTM:00/LNXSYBUS:00/PNP0A03:00/LNXVIDEO:00/input/input4
2025-11-19T13:06:06.446251+00:00 mark-VirtualBox kernel: scsi host2: ahci
2025-11-19T13:06:06.446253+00:00 mark-VirtualBox kernel: ata3: SATA max UDMA/133 abar m8192@0xf0806000 port 0xf0806100 irq 21 lpm-pol 0
2025-11-19T13:06:06.446253+00:00 mark-VirtualBox kernel: e1000: Intel(R) PRO/1000 Network Driver
2025-11-19T13:06:06.446253+00:00 mark-VirtualBox kernel: e1000: Copyright (c) 1999-2006 Intel Corporation.
2025-11-19T13:06:06.446253+00:00 mark-VirtualBox kernel: input: ImExPS/2 Generic Explorer Mouse as /devices/platform/i8042/serio1/input/input5
2025-11-19T13:06:06.446254+00:00 mark-VirtualBox kernel: usb 1-1: new full-speed USB device number 2 using ohci-pci
2025-11-19T13:06:06.446254+00:00 mark-VirtualBox kernel: usb 1-1: New USB device found, idVendor=80ee, idProduct=0021, bcdDevice= 1.00
2025-11-19T13:06:06.446256+00:00 mark-VirtualBox kernel: usb 1-1: New USB device strings: Mfr=1, Product=3, SerialNumber=0
2025-11-19T13:06:06.446278+00:00 mark-VirtualBox kernel: usb 1-1: Product: USB Tablet
2025-11-19T13:06:06.446279+00:00 mark-VirtualBox kernel: usb 1-1: Manufacturer: VirtualBox
2025-11-19T13:06:06.446279+00:00 mark-VirtualBox kernel: ata3: SATA link up 3.0 Gbps (SStatus 123 SControl 300)
2025-11-19T13:06:06.446279+00:00 mark-VirtualBox kernel: ata3.00: ATA-6: VBOX HARDDISK, 1.0, max UDMA/133
2025-11-19T13:06:06.446279+00:00 mark-VirtualBox kernel: ata3.00: 68917120 sectors, multi 128: LBA48 NCQ (depth 32)
2025-11-19T13:06:06.446280+00:00 mark-VirtualBox kernel: ata3.00: configured for UDMA/133
2025-11-19T13:06:06.446282+00:00 mark-VirtualBox kernel: scsi 2:0:0:0: Direct-Access     ATA      VBOX HARDDISK    1.0  PQ: 0 ANSI: 5
2025-11-19T13:06:06.446282+00:00 mark-VirtualBox kernel: sd 2:0:0:0: [sda] 68917120 512-byte logical blocks: (35.3 GB/32.9 GiB)
2025-11-19T13:06:06.446282+00:00 mark-VirtualBox kernel: sd 2:0:0:0: [sda] Write Protect is off
2025-11-19T13:06:06.446282+00:00 mark-VirtualBox kernel: sd 2:0:0:0: [sda] Mode Sense: 00 3a 00 00
2025-11-19T13:06:06.446283+00:00 mark-VirtualBox kernel: sd 2:0:0:0: [sda] Write cache: enabled, read cache: enabled, doesn't support DPO or FUA
2025-11-19T13:06:06.446283+00:00 mark-VirtualBox kernel: sd 2:0:0:0: [sda] Preferred minimum I/O size 512 bytes
2025-11-19T13:06:06.446285+00:00 mark-VirtualBox kernel: sd 2:0:0:0: Attached scsi generic sg1 type 0
2025-11-19T13:06:06.446285+00:00 mark-VirtualBox kernel: hid: raw HID events driver (C) Jiri Kosina
2025-11-19T13:06:06.446285+00:00 mark-VirtualBox kernel:  sda: sda1 sda2
2025-11-19T13:06:06.446285+00:00 mark-VirtualBox kernel: sd 2:0:0:0: [sda] Attached SCSI disk
2025-11-19T13:06:06.446286+00:00 mark-VirtualBox kernel: usbcore: registered new interface driver usbhid
2025-11-19T13:06:06.446286+00:00 mark-VirtualBox kernel: usbhid: USB HID core driver
2025-11-19T13:06:06.446287+00:00 mark-VirtualBox kernel: input: VirtualBox USB Tablet as /devices/pci0000:00/0000:00:06.0/usb1/1-1/1-1:1.0/0003:80EE:0021.0001/input/input6
2025-11-19T13:06:06.446288+00:00 mark-VirtualBox kernel: hid-generic 0003:80EE:0021.0001: input,hidraw0: USB HID v1.10 Mouse [VirtualBox USB Tablet] on usb-0000:00:06.0-1/input0
2025-11-19T13:06:06.446288+00:00 mark-VirtualBox kernel: e1000 0000:00:03.0 eth0: (PCI:33MHz:32-bit) 08:00:27:67:98:5e
2025-11-19T13:06:06.446288+00:00 mark-VirtualBox kernel: e1000 0000:00:03.0 eth0: Intel(R) PRO/1000 Network Connection
2025-11-19T13:06:06.446289+00:00 mark-VirtualBox kernel: e1000 0000:00:03.0 enp0s3: renamed from eth0
2025-11-19T13:06:06.446289+00:00 mark-VirtualBox kernel: EXT4-fs (sda2): mounted filesystem d8ee37ed-787a-46cd-bbcf-3ef2d3bb9bdf ro with ordered data mode. Quota mode: none.
2025-11-19T13:06:06.446314+00:00 mark-VirtualBox kernel: EXT4-fs (sda2): re-mounted d8ee37ed-787a-46cd-bbcf-3ef2d3bb9bdf r/w.
2025-11-19T13:06:06.446314+00:00 mark-VirtualBox kernel: lp: driver loaded but no devices found
2025-11-19T13:06:06.446314+00:00 mark-VirtualBox kernel: ppdev: user-space parallel port driver
2025-11-19T13:06:06.446316+00:00 mark-VirtualBox kernel: Adding 4060156k swap on /swap.img.  Priority:-2 extents:3 across:4322300k 
2025-11-19T13:06:06.446317+00:00 mark-VirtualBox kernel: loop0: detected capacity change from 0 to 8
2025-11-19T13:06:06.446317+00:00 mark-VirtualBox kernel: loop1: detected capacity change from 0 to 502024
2025-11-19T13:06:06.446317+00:00 mark-VirtualBox kernel: loop2: detected capacity change from 0 to 1056784
2025-11-19T13:06:06.446317+00:00 mark-VirtualBox kernel: loop3: detected capacity change from 0 to 151376
2025-11-19T13:06:06.446317+00:00 mark-VirtualBox kernel: loop4: detected capacity change from 0 to 187776
2025-11-19T13:06:06.446319+00:00 mark-VirtualBox kernel: loop5: detected capacity change from 0 to 22800
2025-11-19T13:06:06.446319+00:00 mark-VirtualBox kernel: loop6: detected capacity change from 0 to 100952
2025-11-19T13:06:06.446320+00:00 mark-VirtualBox kernel: loop7: detected capacity change from 0 to 22176
2025-11-19T13:06:06.446320+00:00 mark-VirtualBox kernel: loop8: detected capacity change from 0 to 1152
2025-11-19T13:06:06.446320+00:00 mark-VirtualBox kernel: audit: type=1400 audit(1763557560.154:2): apparmor="STATUS" operation="profile_load" profile="unconfined" name="Discord" pid=365 comm="apparmor_parser"
2025-11-19T13:06:06.446320+00:00 mark-VirtualBox kernel: audit: type=1400 audit(1763557560.155:3): apparmor="STATUS" operation="profile_load" profile="unconfined" name="1password" pid=364 comm="apparmor_parser"
2025-11-19T13:06:06.446342+00:00 mark-VirtualBox kernel: audit: type=1400 audit(1763557560.159:4): apparmor="STATUS" operation="profile_load" profile="unconfined" name=4D6F6E676F444220436F6D70617373 pid=372 comm="apparmor_parser"
2025-11-19T13:06:06.446344+00:00 mark-VirtualBox kernel: audit: type=1400 audit(1763557560.161:5): apparmor="STATUS" operation="profile_load" profile="unconfined" name="QtWebEngineProcess" pid=373 comm="apparmor_parser"
2025-11-19T13:06:06.446344+00:00 mark-VirtualBox kernel: audit: type=1400 audit(1763557560.165:6): apparmor="STATUS" operation="profile_load" profile="unconfined" name="balena-etcher" pid=374 comm="apparmor_parser"
2025-11-19T13:06:06.446345+00:00 mark-VirtualBox kernel: audit: type=1400 audit(1763557560.165:7): apparmor="STATUS" operation="profile_load" profile="unconfined" name="brave" pid=375 comm="apparmor_parser"
2025-11-19T13:06:06.446345+00:00 mark-VirtualBox kernel: audit: type=1400 audit(1763557560.170:8): apparmor="STATUS" operation="profile_load" profile="unconfined" name="busybox" pid=377 comm="apparmor_parser"
2025-11-19T13:06:06.446347+00:00 mark-VirtualBox kernel: audit: type=1400 audit(1763557560.174:9): apparmor="STATUS" operation="profile_load" profile="unconfined" name="buildah" pid=376 comm="apparmor_parser"
2025-11-19T13:06:06.446348+00:00 mark-VirtualBox kernel: audit: type=1400 audit(1763557560.178:10): apparmor="STATUS" operation="profile_load" profile="unconfined" name="cam" pid=378 comm="apparmor_parser"
2025-11-19T13:06:06.446348+00:00 mark-VirtualBox kernel: vboxguest: host-version: 7.0.14r161095 0x8000000f
2025-11-19T13:06:06.465246+00:00 mark-VirtualBox kernel: vbg_heartbeat_init: Setting up heartbeat to trigger every 2000 milliseconds
2025-11-19T13:06:06.465252+00:00 mark-VirtualBox kernel: input: VirtualBox mouse integration as /devices/pci0000:00/0000:00:04.0/input/input7
2025-11-19T13:06:06.465252+00:00 mark-VirtualBox kernel: vmwgfx 0000:00:02.0: vgaarb: deactivate vga console
2025-11-19T13:06:06.465252+00:00 mark-VirtualBox kernel: Console: switching to colour dummy device 80x25
2025-11-19T13:06:06.465253+00:00 mark-VirtualBox kernel: RAPL PMU: API unit is 2^-32 Joules, 0 fixed counters, 10737418240 ms ovfl timer
2025-11-19T13:06:06.465253+00:00 mark-VirtualBox kernel: vmwgfx 0000:00:02.0: [drm] FIFO at 0x00000000f0000000 size is 2048 KiB
2025-11-19T13:06:06.465253+00:00 mark-VirtualBox kernel: vmwgfx 0000:00:02.0: [drm] VRAM at 0x00000000e0000000 size is 131072 KiB
2025-11-19T13:06:06.465254+00:00 mark-VirtualBox kernel: vmwgfx 0000:00:02.0: [drm] Running on SVGA version 2.
2025-11-19T13:06:06.465254+00:00 mark-VirtualBox kernel: vmwgfx 0000:00:02.0: [drm] Capabilities: rect copy, cursor, cursor bypass, cursor bypass 2, alpha cursor, extended fifo, pitchlock, irq mask, gmr, traces, gmr2, screen object 2, command buffers, 
2025-11-19T13:06:06.465255+00:00 mark-VirtualBox kernel: vmwgfx 0000:00:02.0: [drm] *ERROR* vmwgfx seems to be running on an unsupported hypervisor.
2025-11-19T13:06:06.465255+00:00 mark-VirtualBox kernel: vmwgfx 0000:00:02.0: [drm] *ERROR* This configuration is likely broken.
2025-11-19T13:06:06.465255+00:00 mark-VirtualBox kernel: vmwgfx 0000:00:02.0: [drm] *ERROR* Please switch to a supported graphics device to avoid problems.
2025-11-19T13:06:06.465255+00:00 mark-VirtualBox kernel: vmwgfx 0000:00:02.0: [drm] DMA map mode: Caching DMA mappings.
2025-11-19T13:06:06.465256+00:00 mark-VirtualBox kernel: vmwgfx 0000:00:02.0: [drm] Legacy memory limits: VRAM = 131072 KiB, FIFO = 2048 KiB, surface = 393216 KiB
2025-11-19T13:06:06.465256+00:00 mark-VirtualBox kernel: vmwgfx 0000:00:02.0: [drm] MOB limits: max mob size = 0 KiB, max mob pages = 0
2025-11-19T13:06:06.465256+00:00 mark-VirtualBox kernel: vmwgfx 0000:00:02.0: [drm] Max GMR ids is 8192
2025-11-19T13:06:06.465257+00:00 mark-VirtualBox kernel: vmwgfx 0000:00:02.0: [drm] Max number of GMR pages is 1048576
2025-11-19T13:06:06.465257+00:00 mark-VirtualBox kernel: vmwgfx 0000:00:02.0: [drm] Maximum display memory size is 131072 KiB
2025-11-19T13:06:06.465257+00:00 mark-VirtualBox kernel: cryptd: max_cpu_qlen set to 1000
2025-11-19T13:06:06.465257+00:00 mark-VirtualBox kernel: piix4_smbus 0000:00:07.0: SMBus Host Controller at 0x4100, revision 0
2025-11-19T13:06:06.465258+00:00 mark-VirtualBox kernel: vmwgfx 0000:00:02.0: [drm] Screen Object display unit initialized
2025-11-19T13:06:06.465258+00:00 mark-VirtualBox kernel: vmwgfx 0000:00:02.0: [drm] Fifo max 0x00200000 min 0x00001000 cap 0x00000355
2025-11-19T13:06:06.465258+00:00 mark-VirtualBox kernel: vmwgfx 0000:00:02.0: [drm] Using command buffers with DMA pool.
2025-11-19T13:06:06.465258+00:00 mark-VirtualBox kernel: vmwgfx 0000:00:02.0: [drm] Available shader model: Legacy.
2025-11-19T13:06:06.465259+00:00 mark-VirtualBox kernel: [drm] Initialized vmwgfx 2.20.0 for 0000:00:02.0 on minor 0
2025-11-19T13:06:06.465259+00:00 mark-VirtualBox kernel: fbcon: vmwgfxdrmfb (fb0) is primary device
2025-11-19T13:06:06.465259+00:00 mark-VirtualBox kernel: Console: switching to colour frame buffer device 160x50
2025-11-19T13:06:06.465259+00:00 mark-VirtualBox kernel: vmwgfx 0000:00:02.0: [drm] fb0: vmwgfxdrmfb frame buffer device
2025-11-19T13:06:06.465260+00:00 mark-VirtualBox kernel: intel_rapl_msr: PL4 support detected.
2025-11-19T13:06:06.465260+00:00 mark-VirtualBox kernel: kauditd_printk_skb: 90 callbacks suppressed
2025-11-19T13:06:06.465260+00:00 mark-VirtualBox kernel: audit: type=1400 audit(1763557561.308:101): apparmor="STATUS" operation="profile_load" profile="unconfined" name="unix-chkpwd" pid=605 comm="apparmor_parser"
2025-11-19T13:06:06.465260+00:00 mark-VirtualBox kernel: audit: type=1400 audit(1763557561.328:102): apparmor="STATUS" operation="profile_load" profile="unconfined" name="unprivileged_userns" pid=627 comm="apparmor_parser"
2025-11-19T13:06:06.465261+00:00 mark-VirtualBox kernel: audit: type=1400 audit(1763557561.330:103): apparmor="STATUS" operation="profile_load" profile="unconfined" name="userbindmount" pid=630 comm="apparmor_parser"
2025-11-19T13:06:06.465261+00:00 mark-VirtualBox kernel: audit: type=1400 audit(1763557561.485:104): apparmor="STATUS" operation="profile_load" profile="unconfined" name="transmission-cli" pid=488 comm="apparmor_parser"
2025-11-19T13:06:06.465261+00:00 mark-VirtualBox kernel: audit: type=1400 audit(1763557561.488:105): apparmor="STATUS" operation="profile_load" profile="unconfined" name="transmission-daemon" pid=488 comm="apparmor_parser"
2025-11-19T13:06:06.465262+00:00 mark-VirtualBox kernel: audit: type=1400 audit(1763557561.492:106): apparmor="STATUS" operation="profile_load" profile="unconfined" name="transmission-gtk" pid=488 comm="apparmor_parser"
2025-11-19T13:06:06.465262+00:00 mark-VirtualBox kernel: audit: type=1400 audit(1763557561.494:107): apparmor="STATUS" operation="profile_load" profile="unconfined" name="transmission-qt" pid=488 comm="apparmor_parser"
2025-11-19T13:06:06.465262+00:00 mark-VirtualBox kernel: audit: type=1400 audit(1763557561.551:108): apparmor="STATUS" operation="profile_load" profile="unconfined" name="/usr/bin/man" pid=652 comm="apparmor_parser"
2025-11-19T13:06:06.465262+00:00 mark-VirtualBox kernel: audit: type=1400 audit(1763557561.551:109): apparmor="STATUS" operation="profile_load" profile="unconfined" name="man_filter" pid=652 comm="apparmor_parser"
2025-11-19T13:06:06.465263+00:00 mark-VirtualBox kernel: audit: type=1400 audit(1763557561.551:110): apparmor="STATUS" operation="profile_load" profile="unconfined" name="man_groff" pid=652 comm="apparmor_parser"
2025-11-19T13:06:06.465263+00:00 mark-VirtualBox kernel: snd_intel8x0 0000:00:05.0: allow list rate for 1028:0177 is 48000
2025-11-19T13:06:06.724138+00:00 mark-VirtualBox kernel: NET: Registered PF_QIPCRTR protocol family
2025-11-19T13:06:07.490226+00:00 mark-VirtualBox kernel: e1000: enp0s3 NIC Link is Up 1000 Mbps Full Duplex, Flow Control: RX
2025-11-19T13:06:07.659346+00:00 mark-VirtualBox kernel: kauditd_printk_skb: 44 callbacks suppressed
2025-11-19T13:06:07.659509+00:00 mark-VirtualBox kernel: audit: type=1400 audit(1763557567.657:155): apparmor="DENIED" operation="capable" class="cap" profile="/usr/sbin/cupsd" pid=1132 comm="cupsd" capability=12  capname="net_admin"
2025-11-19T13:06:08.071950+00:00 mark-VirtualBox kernel: loop9: detected capacity change from 0 to 8
2025-11-19T13:06:08.450835+00:00 mark-VirtualBox kernel: audit: type=1400 audit(1763557568.445:156): apparmor="STATUS" operation="profile_replace" profile="unconfined" name="/snap/snapd/24792/usr/lib/snapd/snap-confine" pid=1272 comm="apparmor_parser"
2025-11-19T13:06:08.485953+00:00 mark-VirtualBox kernel: audit: type=1400 audit(1763557568.482:157): apparmor="STATUS" operation="profile_replace" profile="unconfined" name="/snap/snapd/24792/usr/lib/snapd/snap-confine//mount-namespace-capture-helper" pid=1272 comm="apparmor_parser"
2025-11-19T13:06:08.728056+00:00 mark-VirtualBox kernel: audit: type=1400 audit(1763557568.725:158): apparmor="STATUS" operation="profile_replace" info="same as current profile, skipping" profile="unconfined" name="snap-update-ns.firefox" pid=1274 comm="apparmor_parser"
2025-11-19T13:06:08.935512+00:00 mark-VirtualBox kernel: audit: type=1400 audit(1763557568.932:159): apparmor="STATUS" operation="profile_replace" info="same as current profile, skipping" profile="unconfined" name="snap-update-ns.firmware-updater" pid=1275 comm="apparmor_parser"
2025-11-19T13:06:09.160983+00:00 mark-VirtualBox kernel: audit: type=1400 audit(1763557569.159:160): apparmor="STATUS" operation="profile_replace" info="same as current profile, skipping" profile="unconfined" name="snap-update-ns.snap-store" pid=1276 comm="apparmor_parser"
2025-11-19T13:06:09.445421+00:00 mark-VirtualBox kernel: audit: type=1400 audit(1763557569.442:161): apparmor="STATUS" operation="profile_replace" info="same as current profile, skipping" profile="unconfined" name="snap-update-ns.snapd-desktop-integration" pid=1279 comm="apparmor_parser"
2025-11-19T13:06:09.471482+00:00 mark-VirtualBox kernel: audit: type=1400 audit(1763557569.467:162): apparmor="STATUS" operation="profile_replace" info="same as current profile, skipping" profile="unconfined" name="snap.firefox.firefox" pid=1290 comm="apparmor_parser"
2025-11-19T13:06:09.484186+00:00 mark-VirtualBox kernel: audit: type=1400 audit(1763557569.479:163): apparmor="STATUS" operation="profile_replace" info="same as current profile, skipping" profile="unconfined" name="snap.firefox.geckodriver" pid=1291 comm="apparmor_parser"
2025-11-19T13:06:09.490427+00:00 mark-VirtualBox kernel: audit: type=1400 audit(1763557569.484:164): apparmor="STATUS" operation="profile_replace" info="same as current profile, skipping" profile="unconfined" name="snap.firefox.hook.configure" pid=1292 comm="apparmor_parser"
2025-11-19T13:06:16.393160+00:00 mark-VirtualBox kernel: rfkill: input handler disabled
2025-11-19T13:06:27.761044+00:00 mark-VirtualBox kernel: rfkill: input handler enabled
2025-11-19T13:06:29.792063+00:00 mark-VirtualBox kernel: rfkill: input handler disabled
2025-11-19T16:15:24.282794+03:00 mark-VirtualBox kernel: Linux version 6.14.0-35-generic (buildd@lcy02-amd64-078) (x86_64-linux-gnu-gcc-13 (Ubuntu 13.3.0-6ubuntu2~24.04) 13.3.0, GNU ld (GNU Binutils for Ubuntu) 2.42) #35~24.04.1-Ubuntu SMP PREEMPT_DYNAMIC Tue Oct 14 13:55:17 UTC 2 (Ubuntu 6.14.0-35.35~24.04.1-generic 6.14.11)
2025-11-19T16:15:24.285270+03:00 mark-VirtualBox kernel: Command line: BOOT_IMAGE=/boot/vmlinuz-6.14.0-35-generic root=UUID=d8ee37ed-787a-46cd-bbcf-3ef2d3bb9bdf ro quiet splash
2025-11-19T16:15:24.285276+03:00 mark-VirtualBox kernel: KERNEL supported cpus:
2025-11-19T16:15:24.285276+03:00 mark-VirtualBox kernel:   Intel GenuineIntel
2025-11-19T16:15:24.285277+03:00 mark-VirtualBox kernel:   AMD AuthenticAMD
2025-11-19T16:15:24.285277+03:00 mark-VirtualBox kernel:   Hygon HygonGenuine
2025-11-19T16:15:24.285277+03:00 mark-VirtualBox kernel:   Centaur CentaurHauls
2025-11-19T16:15:24.285279+03:00 mark-VirtualBox kernel:   zhaoxin   Shanghai  
2025-11-19T16:15:24.285280+03:00 mark-VirtualBox kernel: BIOS-provided physical RAM map:
2025-11-19T16:15:24.285280+03:00 mark-VirtualBox kernel: BIOS-e820: [mem 0x0000000000000000-0x000000000009fbff] usable
2025-11-19T16:15:24.285281+03:00 mark-VirtualBox kernel: BIOS-e820: [mem 0x000000000009fc00-0x000000000009ffff] reserved
2025-11-19T16:15:24.285281+03:00 mark-VirtualBox kernel: BIOS-e820: [mem 0x00000000000f0000-0x00000000000fffff] reserved
2025-11-19T16:15:24.285281+03:00 mark-VirtualBox kernel: BIOS-e820: [mem 0x0000000000100000-0x00000000dffeffff] usable
2025-11-19T16:15:24.285283+03:00 mark-VirtualBox kernel: BIOS-e820: [mem 0x00000000dfff0000-0x00000000dfffffff] ACPI data
2025-11-19T16:15:24.285283+03:00 mark-VirtualBox kernel: BIOS-e820: [mem 0x00000000fec00000-0x00000000fec00fff] reserved
2025-11-19T16:15:24.285284+03:00 mark-VirtualBox kernel: BIOS-e820: [mem 0x00000000fee00000-0x00000000fee00fff] reserved
2025-11-19T16:15:24.285284+03:00 mark-VirtualBox kernel: BIOS-e820: [mem 0x00000000fffc0000-0x00000000ffffffff] reserved
2025-11-19T16:15:24.285284+03:00 mark-VirtualBox kernel: BIOS-e820: [mem 0x0000000100000000-0x00000001232fffff] usable
2025-11-19T16:15:24.285285+03:00 mark-VirtualBox kernel: NX (Execute Disable) protection: active
2025-11-19T16:15:24.285285+03:00 mark-VirtualBox kernel: APIC: Static calls initialized
2025-11-19T16:15:24.285286+03:00 mark-VirtualBox kernel: SMBIOS 2.5 present.
2025-11-19T16:15:24.285287+03:00 mark-VirtualBox kernel: DMI: innotek GmbH VirtualBox/VirtualBox, BIOS VirtualBox 12/01/2006
2025-11-19T16:15:24.285287+03:00 mark-VirtualBox kernel: DMI: Memory slots populated: 0/0
2025-11-19T16:15:24.285288+03:00 mark-VirtualBox kernel: Hypervisor detected: KVM
2025-11-19T16:15:24.285288+03:00 mark-VirtualBox kernel: kvm-clock: Using msrs 4b564d01 and 4b564d00
2025-11-19T16:15:24.285288+03:00 mark-VirtualBox kernel: kvm-clock: using sched offset of 1575521062648 cycles
2025-11-19T16:15:24.285290+03:00 mark-VirtualBox kernel: clocksource: kvm-clock: mask: 0xffffffffffffffff max_cycles: 0x1cd42e4dffb, max_idle_ns: 881590591483 ns
2025-11-19T16:15:24.285290+03:00 mark-VirtualBox kernel: tsc: Detected 2496.000 MHz processor
2025-11-19T16:15:24.285291+03:00 mark-VirtualBox kernel: e820: update [mem 0x00000000-0x00000fff] usable ==> reserved
2025-11-19T16:15:24.285291+03:00 mark-VirtualBox kernel: e820: remove [mem 0x000a0000-0x000fffff] usable
2025-11-19T16:15:24.285291+03:00 mark-VirtualBox kernel: last_pfn = 0x123300 max_arch_pfn = 0x400000000
2025-11-19T16:15:24.285292+03:00 mark-VirtualBox kernel: MTRRs disabled by BIOS
2025-11-19T16:15:24.285302+03:00 mark-VirtualBox kernel: x86/PAT: Configuration [0-7]: WB  WC  UC- UC  WB  WP  UC- WT  
2025-11-19T16:15:24.285303+03:00 mark-VirtualBox kernel: last_pfn = 0xe0000 max_arch_pfn = 0x400000000
2025-11-19T16:15:24.285304+03:00 mark-VirtualBox kernel: found SMP MP-table at [mem 0x0009fff0-0x0009ffff]
2025-11-19T16:15:24.285304+03:00 mark-VirtualBox kernel: RAMDISK: [mem 0x2f527000-0x33a8afff]
2025-11-19T16:15:24.285305+03:00 mark-VirtualBox kernel: ACPI: Early table checksum verification disabled
2025-11-19T16:15:24.285305+03:00 mark-VirtualBox kernel: ACPI: RSDP 0x00000000000E0000 000024 (v02 VBOX  )
2025-11-19T16:15:24.285306+03:00 mark-VirtualBox kernel: ACPI: XSDT 0x00000000DFFF0030 00003C (v01 VBOX   VBOXXSDT 00000001 ASL  00000061)
2025-11-19T16:15:24.285316+03:00 mark-VirtualBox kernel: ACPI: FACP 0x00000000DFFF00F0 0000F4 (v04 VBOX   VBOXFACP 00000001 ASL  00000061)
2025-11-19T16:15:24.285318+03:00 mark-VirtualBox kernel: ACPI: DSDT 0x00000000DFFF0610 002353 (v02 VBOX   VBOXBIOS 00000002 INTL 20100528)
2025-11-19T16:15:24.285318+03:00 mark-VirtualBox kernel: ACPI: FACS 0x00000000DFFF0200 000040
2025-11-19T16:15:24.285319+03:00 mark-VirtualBox kernel: ACPI: FACS 0x00000000DFFF0200 000040
2025-11-19T16:15:24.285321+03:00 mark-VirtualBox kernel: ACPI: APIC 0x00000000DFFF0240 00005C (v02 VBOX   VBOXAPIC 00000001 ASL  00000061)
2025-11-19T16:15:24.285322+03:00 mark-VirtualBox kernel: ACPI: SSDT 0x00000000DFFF02A0 00036C (v01 VBOX   VBOXCPUT 00000002 INTL 20100528)
2025-11-19T16:15:24.285330+03:00 mark-VirtualBox kernel: ACPI: Reserving FACP table memory at [mem 0xdfff00f0-0xdfff01e3]
2025-11-19T16:15:24.285331+03:00 mark-VirtualBox kernel: ACPI: Reserving DSDT table memory at [mem 0xdfff0610-0xdfff2962]
2025-11-19T16:15:24.285332+03:00 mark-VirtualBox kernel: ACPI: Reserving FACS table memory at [mem 0xdfff0200-0xdfff023f]
2025-11-19T16:15:24.285332+03:00 mark-VirtualBox kernel: ACPI: Reserving FACS table memory at [mem 0xdfff0200-0xdfff023f]
2025-11-19T16:15:24.285333+03:00 mark-VirtualBox kernel: ACPI: Reserving APIC table memory at [mem 0xdfff0240-0xdfff029b]
2025-11-19T16:15:24.285334+03:00 mark-VirtualBox kernel: ACPI: Reserving SSDT table memory at [mem 0xdfff02a0-0xdfff060b]
2025-11-19T16:15:24.285342+03:00 mark-VirtualBox kernel: No NUMA configuration found
2025-11-19T16:15:24.285343+03:00 mark-VirtualBox kernel: Faking a node at [mem 0x0000000000000000-0x00000001232fffff]
2025-11-19T16:15:24.285344+03:00 mark-VirtualBox kernel: NODE_DATA(0) allocated [mem 0x1232d5540-0x1232fffff]
2025-11-19T16:15:24.285345+03:00 mark-VirtualBox kernel: Zone ranges:
2025-11-19T16:15:24.285345+03:00 mark-VirtualBox kernel:   DMA      [mem 0x0000000000001000-0x0000000000ffffff]
2025-11-19T16:15:24.285346+03:00 mark-VirtualBox kernel:   DMA32    [mem 0x0000000001000000-0x00000000ffffffff]
2025-11-19T16:15:24.285346+03:00 mark-VirtualBox kernel:   Normal   [mem 0x0000000100000000-0x00000001232fffff]
2025-11-19T16:15:24.285348+03:00 mark-VirtualBox kernel:   Device   empty
2025-11-19T16:15:24.285348+03:00 mark-VirtualBox kernel: Movable zone start for each node
2025-11-19T16:15:24.285349+03:00 mark-VirtualBox kernel: Early memory node ranges
2025-11-19T16:15:24.285349+03:00 mark-VirtualBox kernel:   node   0: [mem 0x0000000000001000-0x000000000009efff]
2025-11-19T16:15:24.285350+03:00 mark-VirtualBox kernel:   node   0: [mem 0x0000000000100000-0x00000000dffeffff]
2025-11-19T16:15:24.285350+03:00 mark-VirtualBox kernel:   node   0: [mem 0x0000000100000000-0x00000001232fffff]
2025-11-19T16:15:24.285352+03:00 mark-VirtualBox kernel: Initmem setup node 0 [mem 0x0000000000001000-0x00000001232fffff]
2025-11-19T16:15:24.285352+03:00 mark-VirtualBox kernel: On node 0, zone DMA: 1 pages in unavailable ranges
2025-11-19T16:15:24.285352+03:00 mark-VirtualBox kernel: On node 0, zone DMA: 97 pages in unavailable ranges
2025-11-19T16:15:24.285353+03:00 mark-VirtualBox kernel: On node 0, zone Normal: 16 pages in unavailable ranges
2025-11-19T16:15:24.285353+03:00 mark-VirtualBox kernel: On node 0, zone Normal: 19712 pages in unavailable ranges
2025-11-19T16:15:24.285354+03:00 mark-VirtualBox kernel: ACPI: PM-Timer IO Port: 0x4008
2025-11-19T16:15:24.285355+03:00 mark-VirtualBox kernel: IOAPIC[0]: apic_id 2, version 32, address 0xfec00000, GSI 0-23
2025-11-19T16:15:24.285355+03:00 mark-VirtualBox kernel: ACPI: INT_SRC_OVR (bus 0 bus_irq 0 global_irq 2 dfl dfl)
2025-11-19T16:15:24.285356+03:00 mark-VirtualBox kernel: ACPI: INT_SRC_OVR (bus 0 bus_irq 9 global_irq 9 low level)
2025-11-19T16:15:24.285356+03:00 mark-VirtualBox kernel: ACPI: Using ACPI (MADT) for SMP configuration information
2025-11-19T16:15:24.285356+03:00 mark-VirtualBox kernel: CPU topo: Max. logical packages:   1
2025-11-19T16:15:24.285357+03:00 mark-VirtualBox kernel: CPU topo: Max. logical dies:       1
2025-11-19T16:15:24.285357+03:00 mark-VirtualBox kernel: CPU topo: Max. dies per package:   1
2025-11-19T16:15:24.285359+03:00 mark-VirtualBox kernel: CPU topo: Max. threads per core:   1
2025-11-19T16:15:24.285359+03:00 mark-VirtualBox kernel: CPU topo: Num. cores per package:     2
2025-11-19T16:15:24.285359+03:00 mark-VirtualBox kernel: CPU topo: Num. threads per package:   2
2025-11-19T16:15:24.285360+03:00 mark-VirtualBox kernel: CPU topo: Allowing 2 present CPUs plus 0 hotplug CPUs
2025-11-19T16:15:24.285360+03:00 mark-VirtualBox kernel: PM: hibernation: Registered nosave memory: [mem 0x00000000-0x00000fff]
2025-11-19T16:15:24.285361+03:00 mark-VirtualBox kernel: PM: hibernation: Registered nosave memory: [mem 0x0009f000-0x000fffff]
2025-11-19T16:15:24.285362+03:00 mark-VirtualBox kernel: PM: hibernation: Registered nosave memory: [mem 0xdfff0000-0xffffffff]
2025-11-19T16:15:24.285363+03:00 mark-VirtualBox kernel: [mem 0xe0000000-0xfebfffff] available for PCI devices
2025-11-19T16:15:24.285363+03:00 mark-VirtualBox kernel: Booting paravirtualized kernel on KVM
2025-11-19T16:15:24.285364+03:00 mark-VirtualBox kernel: clocksource: refined-jiffies: mask: 0xffffffff max_cycles: 0xffffffff, max_idle_ns: 1910969940391419 ns
2025-11-19T16:15:24.285364+03:00 mark-VirtualBox kernel: setup_percpu: NR_CPUS:8192 nr_cpumask_bits:2 nr_cpu_ids:2 nr_node_ids:1
2025-11-19T16:15:24.285364+03:00 mark-VirtualBox kernel: percpu: Embedded 88 pages/cpu s237568 r8192 d114688 u1048576
2025-11-19T16:15:24.285366+03:00 mark-VirtualBox kernel: pcpu-alloc: s237568 r8192 d114688 u1048576 alloc=1*2097152
2025-11-19T16:15:24.285366+03:00 mark-VirtualBox kernel: pcpu-alloc: [0] 0 1 
2025-11-19T16:15:24.285367+03:00 mark-VirtualBox kernel: kvm-guest: PV spinlocks enabled
2025-11-19T16:15:24.285367+03:00 mark-VirtualBox kernel: PV qspinlock hash table entries: 256 (order: 0, 4096 bytes, linear)
2025-11-19T16:15:24.285368+03:00 mark-VirtualBox kernel: Kernel command line: BOOT_IMAGE=/boot/vmlinuz-6.14.0-35-generic root=UUID=d8ee37ed-787a-46cd-bbcf-3ef2d3bb9bdf ro quiet splash
2025-11-19T16:15:24.285368+03:00 mark-VirtualBox kernel: Unknown kernel command line parameters "splash BOOT_IMAGE=/boot/vmlinuz-6.14.0-35-generic", will be passed to user space.
2025-11-19T16:15:24.285370+03:00 mark-VirtualBox kernel: random: crng init done
2025-11-19T16:15:24.285370+03:00 mark-VirtualBox kernel: printk: log buffer data + meta data: 262144 + 917504 = 1179648 bytes
2025-11-19T16:15:24.285370+03:00 mark-VirtualBox kernel: Dentry cache hash table entries: 524288 (order: 10, 4194304 bytes, linear)
2025-11-19T16:15:24.285371+03:00 mark-VirtualBox kernel: Inode-cache hash table entries: 262144 (order: 9, 2097152 bytes, linear)
2025-11-19T16:15:24.285371+03:00 mark-VirtualBox kernel: Fallback order for Node 0: 0 
2025-11-19T16:15:24.285371+03:00 mark-VirtualBox kernel: Built 1 zonelists, mobility grouping on.  Total pages: 1061518
2025-11-19T16:15:24.285372+03:00 mark-VirtualBox kernel: Policy zone: Normal
2025-11-19T16:15:24.285373+03:00 mark-VirtualBox kernel: mem auto-init: stack:all(zero), heap alloc:on, heap free:off
2025-11-19T16:15:24.285374+03:00 mark-VirtualBox kernel: software IO TLB: area num 2.
2025-11-19T16:15:24.285374+03:00 mark-VirtualBox kernel: SLUB: HWalign=64, Order=0-3, MinObjects=0, CPUs=2, Nodes=1
2025-11-19T16:15:24.285374+03:00 mark-VirtualBox kernel: ftrace: allocating 60406 entries in 236 pages
2025-11-19T16:15:24.285375+03:00 mark-VirtualBox kernel: ftrace: allocated 236 pages with 5 groups
2025-11-19T16:15:24.285375+03:00 mark-VirtualBox kernel: Dynamic Preempt: voluntary
2025-11-19T16:15:24.285376+03:00 mark-VirtualBox kernel: rcu: Preemptible hierarchical RCU implementation.
2025-11-19T16:15:24.285377+03:00 mark-VirtualBox kernel: rcu: 	RCU restricting CPUs from NR_CPUS=8192 to nr_cpu_ids=2.
2025-11-19T16:15:24.285377+03:00 mark-VirtualBox kernel: 	Trampoline variant of Tasks RCU enabled.
2025-11-19T16:15:24.285408+03:00 mark-VirtualBox kernel: 	Rude variant of Tasks RCU enabled.
2025-11-19T16:15:24.285409+03:00 mark-VirtualBox kernel: 	Tracing variant of Tasks RCU enabled.
2025-11-19T16:15:24.285409+03:00 mark-VirtualBox kernel: rcu: RCU calculated value of scheduler-enlistment delay is 100 jiffies.
2025-11-19T16:15:24.285409+03:00 mark-VirtualBox kernel: rcu: Adjusting geometry for rcu_fanout_leaf=16, nr_cpu_ids=2
2025-11-19T16:15:24.285411+03:00 mark-VirtualBox kernel: RCU Tasks: Setting shift to 1 and lim to 1 rcu_task_cb_adjust=1 rcu_task_cpu_ids=2.
2025-11-19T16:15:24.285411+03:00 mark-VirtualBox kernel: RCU Tasks Rude: Setting shift to 1 and lim to 1 rcu_task_cb_adjust=1 rcu_task_cpu_ids=2.
2025-11-19T16:15:24.285412+03:00 mark-VirtualBox kernel: RCU Tasks Trace: Setting shift to 1 and lim to 1 rcu_task_cb_adjust=1 rcu_task_cpu_ids=2.
2025-11-19T16:15:24.285412+03:00 mark-VirtualBox kernel: NR_IRQS: 524544, nr_irqs: 440, preallocated irqs: 16
2025-11-19T16:15:24.285413+03:00 mark-VirtualBox kernel: rcu: srcu_init: Setting srcu_struct sizes based on contention.
2025-11-19T16:15:24.285413+03:00 mark-VirtualBox kernel: Console: colour VGA+ 80x25
2025-11-19T16:15:24.285414+03:00 mark-VirtualBox kernel: printk: legacy console [tty0] enabled
2025-11-19T16:15:24.285415+03:00 mark-VirtualBox kernel: ACPI: Core revision 20240827
2025-11-19T16:15:24.285415+03:00 mark-VirtualBox kernel: APIC: Switch to symmetric I/O mode setup
2025-11-19T16:15:24.285415+03:00 mark-VirtualBox kernel: ..TIMER: vector=0x30 apic1=0 pin1=2 apic2=-1 pin2=-1
2025-11-19T16:15:24.285416+03:00 mark-VirtualBox kernel: clocksource: tsc-early: mask: 0xffffffffffffffff max_cycles: 0x23fa772cf26, max_idle_ns: 440795269835 ns
2025-11-19T16:15:24.285416+03:00 mark-VirtualBox kernel: Calibrating delay loop (skipped) preset value.. 4992.00 BogoMIPS (lpj=2496000)
2025-11-19T16:15:24.285418+03:00 mark-VirtualBox kernel: Last level iTLB entries: 4KB 0, 2MB 0, 4MB 0
2025-11-19T16:15:24.285418+03:00 mark-VirtualBox kernel: Last level dTLB entries: 4KB 0, 2MB 0, 4MB 0, 1GB 0
2025-11-19T16:15:24.285418+03:00 mark-VirtualBox kernel: Spectre V1 : Mitigation: usercopy/swapgs barriers and __user pointer sanitization
2025-11-19T16:15:24.285419+03:00 mark-VirtualBox kernel: Spectre V2 : Spectre BHI mitigation: SW BHB clearing on syscall and VM exit
2025-11-19T16:15:24.285419+03:00 mark-VirtualBox kernel: Spectre V2 : Mitigation: Enhanced / Automatic IBRS
2025-11-19T16:15:24.285419+03:00 mark-VirtualBox kernel: Spectre V2 : Spectre v2 / PBRSB-eIBRS: Retire a single CALL on VMEXIT
2025-11-19T16:15:24.285420+03:00 mark-VirtualBox kernel: RETBleed: Mitigation: Enhanced IBRS
2025-11-19T16:15:24.285421+03:00 mark-VirtualBox kernel: Speculative Store Bypass: Vulnerable
2025-11-19T16:15:24.285422+03:00 mark-VirtualBox kernel: Register File Data Sampling: Vulnerable: No microcode
2025-11-19T16:15:24.285422+03:00 mark-VirtualBox kernel: ITS: Mitigation: Aligned branch/return thunks
2025-11-19T16:15:24.285422+03:00 mark-VirtualBox kernel: x86/fpu: x87 FPU will use FXSAVE
2025-11-19T16:15:24.285423+03:00 mark-VirtualBox kernel: Freeing SMP alternatives memory: 48K
2025-11-19T16:15:24.285423+03:00 mark-VirtualBox kernel: pid_max: default: 32768 minimum: 301
2025-11-19T16:15:24.285431+03:00 mark-VirtualBox kernel: LSM: initializing lsm=lockdown,capability,landlock,yama,apparmor,ima,evm
2025-11-19T16:15:24.285433+03:00 mark-VirtualBox kernel: landlock: Up and running.
2025-11-19T16:15:24.285433+03:00 mark-VirtualBox kernel: Yama: becoming mindful.
2025-11-19T16:15:24.285434+03:00 mark-VirtualBox kernel: AppArmor: AppArmor initialized
2025-11-19T16:15:24.285435+03:00 mark-VirtualBox kernel: Mount-cache hash table entries: 8192 (order: 4, 65536 bytes, linear)
2025-11-19T16:15:24.285435+03:00 mark-VirtualBox kernel: Mountpoint-cache hash table entries: 8192 (order: 4, 65536 bytes, linear)
2025-11-19T16:15:24.285437+03:00 mark-VirtualBox kernel: APIC calibration not consistent with PM-Timer: 103ms instead of 100ms
2025-11-19T16:15:24.285438+03:00 mark-VirtualBox kernel: APIC delta adjusted to PM-Timer: 6308642 (6555222)
2025-11-19T16:15:24.285439+03:00 mark-VirtualBox kernel: smpboot: CPU0: 12th Gen Intel(R) Core(TM) i5-12400F (family: 0x6, model: 0x97, stepping: 0x5)
2025-11-19T16:15:24.285439+03:00 mark-VirtualBox kernel: Performance Events: unsupported p6 CPU model 151 no PMU driver, software events only.
2025-11-19T16:15:24.285440+03:00 mark-VirtualBox kernel: signal: max sigframe size: 1440
2025-11-19T16:15:24.285440+03:00 mark-VirtualBox kernel: rcu: Hierarchical SRCU implementation.
2025-11-19T16:15:24.285441+03:00 mark-VirtualBox kernel: rcu: 	Max phase no-delay instances is 400.
2025-11-19T16:15:24.285442+03:00 mark-VirtualBox kernel: Timer migration: 1 hierarchy levels; 8 children per group; 1 crossnode level
2025-11-19T16:15:24.285443+03:00 mark-VirtualBox kernel: NMI watchdog: Perf NMI watchdog permanently disabled
2025-11-19T16:15:24.285444+03:00 mark-VirtualBox kernel: smp: Bringing up secondary CPUs ...
2025-11-19T16:15:24.285444+03:00 mark-VirtualBox kernel: smpboot: x86: Booting SMP configuration:
2025-11-19T16:15:24.285444+03:00 mark-VirtualBox kernel: .... node  #0, CPUs:      #1
2025-11-19T16:15:24.285445+03:00 mark-VirtualBox kernel: TSC synchronization [CPU#0 -> CPU#1]:
2025-11-19T16:15:24.285446+03:00 mark-VirtualBox kernel: Measured 50695 cycles TSC warp between CPUs, turning off TSC clock.
2025-11-19T16:15:24.285447+03:00 mark-VirtualBox kernel: tsc: Marking TSC unstable due to check_tsc_sync_source failed
2025-11-19T16:15:24.285447+03:00 mark-VirtualBox kernel: smp: Brought up 1 node, 2 CPUs
2025-11-19T16:15:24.285448+03:00 mark-VirtualBox kernel: smpboot: Total of 2 processors activated (9984.00 BogoMIPS)
2025-11-19T16:15:24.285448+03:00 mark-VirtualBox kernel: Memory: 3973880K/4246072K available (21451K kernel code, 4568K rwdata, 15064K rodata, 5140K init, 4432K bss, 265956K reserved, 0K cma-reserved)
2025-11-19T16:15:24.285449+03:00 mark-VirtualBox kernel: devtmpfs: initialized
2025-11-19T16:15:24.285450+03:00 mark-VirtualBox kernel: x86/mm: Memory block size: 128MB
2025-11-19T16:15:24.285451+03:00 mark-VirtualBox kernel: clocksource: jiffies: mask: 0xffffffff max_cycles: 0xffffffff, max_idle_ns: 1911260446275000 ns
2025-11-19T16:15:24.285451+03:00 mark-VirtualBox kernel: futex hash table entries: 512 (order: 3, 32768 bytes, linear)
2025-11-19T16:15:24.285451+03:00 mark-VirtualBox kernel: pinctrl core: initialized pinctrl subsystem
2025-11-19T16:15:24.285452+03:00 mark-VirtualBox kernel: PM: RTC time: 13:15:17, date: 2025-11-19
2025-11-19T16:15:24.285452+03:00 mark-VirtualBox kernel: NET: Registered PF_NETLINK/PF_ROUTE protocol family
2025-11-19T16:15:24.285453+03:00 mark-VirtualBox kernel: DMA: preallocated 512 KiB GFP_KERNEL pool for atomic allocations
2025-11-19T16:15:24.285454+03:00 mark-VirtualBox kernel: DMA: preallocated 512 KiB GFP_KERNEL|GFP_DMA pool for atomic allocations
2025-11-19T16:15:24.285454+03:00 mark-VirtualBox kernel: DMA: preallocated 512 KiB GFP_KERNEL|GFP_DMA32 pool for atomic allocations
2025-11-19T16:15:24.285455+03:00 mark-VirtualBox kernel: audit: initializing netlink subsys (disabled)
2025-11-19T16:15:24.285455+03:00 mark-VirtualBox kernel: audit: type=2000 audit(1763559692.685:1): state=initialized audit_enabled=0 res=1
2025-11-19T16:15:24.285456+03:00 mark-VirtualBox kernel: thermal_sys: Registered thermal governor 'fair_share'
2025-11-19T16:15:24.285456+03:00 mark-VirtualBox kernel: thermal_sys: Registered thermal governor 'bang_bang'
2025-11-19T16:15:24.285457+03:00 mark-VirtualBox kernel: thermal_sys: Registered thermal governor 'step_wise'
2025-11-19T16:15:24.285458+03:00 mark-VirtualBox kernel: thermal_sys: Registered thermal governor 'user_space'
2025-11-19T16:15:24.285458+03:00 mark-VirtualBox kernel: thermal_sys: Registered thermal governor 'power_allocator'
2025-11-19T16:15:24.285459+03:00 mark-VirtualBox kernel: cpuidle: using governor ladder
2025-11-19T16:15:24.285459+03:00 mark-VirtualBox kernel: cpuidle: using governor menu
2025-11-19T16:15:24.285460+03:00 mark-VirtualBox kernel: acpiphp: ACPI Hot Plug PCI Controller Driver version: 0.5
2025-11-19T16:15:24.285460+03:00 mark-VirtualBox kernel: PCI: Using configuration type 1 for base access
2025-11-19T16:15:24.285461+03:00 mark-VirtualBox kernel: kprobes: kprobe jump-optimization is enabled. All kprobes are optimized if possible.
2025-11-19T16:15:24.285462+03:00 mark-VirtualBox kernel: HugeTLB: registered 2.00 MiB page size, pre-allocated 0 pages
2025-11-19T16:15:24.285462+03:00 mark-VirtualBox kernel: HugeTLB: 28 KiB vmemmap can be freed for a 2.00 MiB page
2025-11-19T16:15:24.285462+03:00 mark-VirtualBox kernel: ACPI: Added _OSI(Module Device)
2025-11-19T16:15:24.285463+03:00 mark-VirtualBox kernel: ACPI: Added _OSI(Processor Device)
2025-11-19T16:15:24.285463+03:00 mark-VirtualBox kernel: ACPI: Added _OSI(Processor Aggregator Device)
2025-11-19T16:15:24.285465+03:00 mark-VirtualBox kernel: ACPI: 2 ACPI AML tables successfully acquired and loaded
2025-11-19T16:15:24.285465+03:00 mark-VirtualBox kernel: ACPI: Interpreter enabled
2025-11-19T16:15:24.285465+03:00 mark-VirtualBox kernel: ACPI: PM: (supports S0 S5)
2025-11-19T16:15:24.285466+03:00 mark-VirtualBox kernel: ACPI: Using IOAPIC for interrupt routing
2025-11-19T16:15:24.285466+03:00 mark-VirtualBox kernel: PCI: Using host bridge windows from ACPI; if necessary, use "pci=nocrs" and report a bug
2025-11-19T16:15:24.285466+03:00 mark-VirtualBox kernel: PCI: Using E820 reservations for host bridge windows
2025-11-19T16:15:24.285468+03:00 mark-VirtualBox kernel: ACPI: Enabled 2 GPEs in block 00 to 07
2025-11-19T16:15:24.285468+03:00 mark-VirtualBox kernel: ACPI: PCI Root Bridge [PCI0] (domain 0000 [bus 00-ff])
2025-11-19T16:15:24.285469+03:00 mark-VirtualBox kernel: acpi PNP0A03:00: _OSC: OS supports [ASPM ClockPM Segments MSI EDR HPX-Type3]
2025-11-19T16:15:24.285469+03:00 mark-VirtualBox kernel: acpi PNP0A03:00: _OSC: not requesting OS control; OS requires [ExtendedConfig ASPM ClockPM MSI]
2025-11-19T16:15:24.285469+03:00 mark-VirtualBox kernel: acpi PNP0A03:00: fail to add MMCONFIG information, can't access extended configuration space under this bridge
2025-11-19T16:15:24.285470+03:00 mark-VirtualBox kernel: PCI host bridge to bus 0000:00
2025-11-19T16:15:24.285473+03:00 mark-VirtualBox kernel: pci_bus 0000:00: root bus resource [io  0x0000-0x0cf7 window]
2025-11-19T16:15:24.285475+03:00 mark-VirtualBox kernel: pci_bus 0000:00: root bus resource [io  0x0d00-0xffff window]
2025-11-19T16:15:24.285475+03:00 mark-VirtualBox kernel: pci_bus 0000:00: root bus resource [mem 0x000a0000-0x000bffff window]
2025-11-19T16:15:24.285476+03:00 mark-VirtualBox kernel: pci_bus 0000:00: root bus resource [mem 0xe0000000-0xfdffffff window]
2025-11-19T16:15:24.285476+03:00 mark-VirtualBox kernel: pci_bus 0000:00: root bus resource [bus 00-ff]
2025-11-19T16:15:24.285476+03:00 mark-VirtualBox kernel: pci 0000:00:00.0: [8086:1237] type 00 class 0x060000 conventional PCI endpoint
2025-11-19T16:15:24.285477+03:00 mark-VirtualBox kernel: pci 0000:00:01.0: [8086:7000] type 00 class 0x060100 conventional PCI endpoint
2025-11-19T16:15:24.285479+03:00 mark-VirtualBox kernel: pci 0000:00:01.1: [8086:7111] type 00 class 0x01018a conventional PCI endpoint
2025-11-19T16:15:24.285479+03:00 mark-VirtualBox kernel: pci 0000:00:01.1: BAR 4 [io  0xd000-0xd00f]
2025-11-19T16:15:24.285480+03:00 mark-VirtualBox kernel: pci 0000:00:01.1: BAR 0 [io  0x01f0-0x01f7]: legacy IDE quirk
2025-11-19T16:15:24.285480+03:00 mark-VirtualBox kernel: pci 0000:00:01.1: BAR 1 [io  0x03f6]: legacy IDE quirk
2025-11-19T16:15:24.285481+03:00 mark-VirtualBox kernel: pci 0000:00:01.1: BAR 2 [io  0x0170-0x0177]: legacy IDE quirk
2025-11-19T16:15:24.285481+03:00 mark-VirtualBox kernel: pci 0000:00:01.1: BAR 3 [io  0x0376]: legacy IDE quirk
2025-11-19T16:15:24.285483+03:00 mark-VirtualBox kernel: pci 0000:00:02.0: [15ad:0405] type 00 class 0x030000 conventional PCI endpoint
2025-11-19T16:15:24.285483+03:00 mark-VirtualBox kernel: pci 0000:00:02.0: BAR 0 [io  0xd010-0xd01f]
2025-11-19T16:15:24.285484+03:00 mark-VirtualBox kernel: pci 0000:00:02.0: BAR 1 [mem 0xe0000000-0xe7ffffff pref]
2025-11-19T16:15:24.285511+03:00 mark-VirtualBox kernel: pci 0000:00:02.0: BAR 2 [mem 0xf0000000-0xf01fffff]
2025-11-19T16:15:24.285512+03:00 mark-VirtualBox kernel: pci 0000:00:02.0: Video device with shadowed ROM at [mem 0x000c0000-0x000dffff]
2025-11-19T16:15:24.285512+03:00 mark-VirtualBox kernel: pci 0000:00:03.0: [8086:100e] type 00 class 0x020000 conventional PCI endpoint
2025-11-19T16:15:24.285513+03:00 mark-VirtualBox kernel: pci 0000:00:03.0: BAR 0 [mem 0xf0200000-0xf021ffff]
2025-11-19T16:15:24.285515+03:00 mark-VirtualBox kernel: pci 0000:00:03.0: BAR 2 [io  0xd020-0xd027]
2025-11-19T16:15:24.285515+03:00 mark-VirtualBox kernel: pci 0000:00:04.0: [80ee:cafe] type 00 class 0x088000 conventional PCI endpoint
2025-11-19T16:15:24.285515+03:00 mark-VirtualBox kernel: pci 0000:00:04.0: BAR 0 [io  0xd040-0xd05f]
2025-11-19T16:15:24.285516+03:00 mark-VirtualBox kernel: pci 0000:00:04.0: BAR 1 [mem 0xf0400000-0xf07fffff]
2025-11-19T16:15:24.285516+03:00 mark-VirtualBox kernel: pci 0000:00:04.0: BAR 2 [mem 0xf0800000-0xf0803fff pref]
2025-11-19T16:15:24.285516+03:00 mark-VirtualBox kernel: pci 0000:00:05.0: [8086:2415] type 00 class 0x040100 conventional PCI endpoint
2025-11-19T16:15:24.285518+03:00 mark-VirtualBox kernel: pci 0000:00:05.0: BAR 0 [io  0xd100-0xd1ff]
2025-11-19T16:15:24.285519+03:00 mark-VirtualBox kernel: pci 0000:00:05.0: BAR 1 [io  0xd200-0xd23f]
2025-11-19T16:15:24.285519+03:00 mark-VirtualBox kernel: pci 0000:00:06.0: [106b:003f] type 00 class 0x0c0310 conventional PCI endpoint
2025-11-19T16:15:24.285520+03:00 mark-VirtualBox kernel: pci 0000:00:06.0: BAR 0 [mem 0xf0804000-0xf0804fff]
2025-11-19T16:15:24.285520+03:00 mark-VirtualBox kernel: pci 0000:00:07.0: [8086:7113] type 00 class 0x068000 conventional PCI endpoint
2025-11-19T16:15:24.285520+03:00 mark-VirtualBox kernel: pci 0000:00:07.0: quirk: [io  0x4000-0x403f] claimed by PIIX4 ACPI
2025-11-19T16:15:24.285521+03:00 mark-VirtualBox kernel: pci 0000:00:07.0: quirk: [io  0x4100-0x410f] claimed by PIIX4 SMB
2025-11-19T16:15:24.285524+03:00 mark-VirtualBox kernel: pci 0000:00:0b.0: [8086:265c] type 00 class 0x0c0320 conventional PCI endpoint
2025-11-19T16:15:24.285525+03:00 mark-VirtualBox kernel: pci 0000:00:0b.0: BAR 0 [mem 0xf0805000-0xf0805fff]
2025-11-19T16:15:24.285525+03:00 mark-VirtualBox kernel: pci 0000:00:0d.0: [8086:2829] type 00 class 0x010601 conventional PCI endpoint
2025-11-19T16:15:24.285526+03:00 mark-VirtualBox kernel: pci 0000:00:0d.0: BAR 0 [io  0xd240-0xd247]
2025-11-19T16:15:24.285526+03:00 mark-VirtualBox kernel: pci 0000:00:0d.0: BAR 1 [io  0xd248-0xd24b]
2025-11-19T16:15:24.285526+03:00 mark-VirtualBox kernel: pci 0000:00:0d.0: BAR 2 [io  0xd250-0xd257]
2025-11-19T16:15:24.285528+03:00 mark-VirtualBox kernel: pci 0000:00:0d.0: BAR 3 [io  0xd258-0xd25b]
2025-11-19T16:15:24.285529+03:00 mark-VirtualBox kernel: pci 0000:00:0d.0: BAR 4 [io  0xd260-0xd26f]
2025-11-19T16:15:24.285529+03:00 mark-VirtualBox kernel: pci 0000:00:0d.0: BAR 5 [mem 0xf0806000-0xf0807fff]
2025-11-19T16:15:24.285530+03:00 mark-VirtualBox kernel: ACPI: PCI: Interrupt link LNKA configured for IRQ 11
2025-11-19T16:15:24.285530+03:00 mark-VirtualBox kernel: ACPI: PCI: Interrupt link LNKB configured for IRQ 10
2025-11-19T16:15:24.285530+03:00 mark-VirtualBox kernel: ACPI: PCI: Interrupt link LNKC configured for IRQ 9
2025-11-19T16:15:24.285532+03:00 mark-VirtualBox kernel: ACPI: PCI: Interrupt link LNKD configured for IRQ 11
2025-11-19T16:15:24.285533+03:00 mark-VirtualBox kernel: iommu: Default domain type: Translated
2025-11-19T16:15:24.285533+03:00 mark-VirtualBox kernel: iommu: DMA domain TLB invalidation policy: lazy mode
2025-11-19T16:15:24.285533+03:00 mark-VirtualBox kernel: SCSI subsystem initialized
2025-11-19T16:15:24.285534+03:00 mark-VirtualBox kernel: libata version 3.00 loaded.
2025-11-19T16:15:24.285534+03:00 mark-VirtualBox kernel: ACPI: bus type USB registered
2025-11-19T16:15:24.285534+03:00 mark-VirtualBox kernel: usbcore: registered new interface driver usbfs
2025-11-19T16:15:24.285536+03:00 mark-VirtualBox kernel: usbcore: registered new interface driver hub
2025-11-19T16:15:24.285537+03:00 mark-VirtualBox kernel: usbcore: registered new device driver usb
2025-11-19T16:15:24.285537+03:00 mark-VirtualBox kernel: pps_core: LinuxPPS API ver. 1 registered
2025-11-19T16:15:24.285537+03:00 mark-VirtualBox kernel: pps_core: Software ver. 5.3.6 - Copyright 2005-2007 Rodolfo Giometti <giometti@linux.it>
2025-11-19T16:15:24.285538+03:00 mark-VirtualBox kernel: PTP clock support registered
2025-11-19T16:15:24.285538+03:00 mark-VirtualBox kernel: EDAC MC: Ver: 3.0.0
2025-11-19T16:15:24.285540+03:00 mark-VirtualBox kernel: NetLabel: Initializing
2025-11-19T16:15:24.285540+03:00 mark-VirtualBox kernel: NetLabel:  domain hash size = 128
2025-11-19T16:15:24.285541+03:00 mark-VirtualBox kernel: NetLabel:  protocols = UNLABELED CIPSOv4 CALIPSO
2025-11-19T16:15:24.285541+03:00 mark-VirtualBox kernel: NetLabel:  unlabeled traffic allowed by default
2025-11-19T16:15:24.285541+03:00 mark-VirtualBox kernel: mctp: management component transport protocol core
2025-11-19T16:15:24.285542+03:00 mark-VirtualBox kernel: NET: Registered PF_MCTP protocol family
2025-11-19T16:15:24.285543+03:00 mark-VirtualBox kernel: PCI: Using ACPI for IRQ routing
2025-11-19T16:15:24.285544+03:00 mark-VirtualBox kernel: PCI: pci_cache_line_size set to 64 bytes
2025-11-19T16:15:24.285544+03:00 mark-VirtualBox kernel: e820: reserve RAM buffer [mem 0x0009fc00-0x0009ffff]
2025-11-19T16:15:24.285545+03:00 mark-VirtualBox kernel: e820: reserve RAM buffer [mem 0xdfff0000-0xdfffffff]
2025-11-19T16:15:24.285545+03:00 mark-VirtualBox kernel: e820: reserve RAM buffer [mem 0x123300000-0x123ffffff]
2025-11-19T16:15:24.285546+03:00 mark-VirtualBox kernel: pci 0000:00:02.0: vgaarb: setting as boot VGA device
2025-11-19T16:15:24.285546+03:00 mark-VirtualBox kernel: pci 0000:00:02.0: vgaarb: bridge control possible
2025-11-19T16:15:24.285548+03:00 mark-VirtualBox kernel: pci 0000:00:02.0: vgaarb: VGA device added: decodes=io+mem,owns=io+mem,locks=none
2025-11-19T16:15:24.285548+03:00 mark-VirtualBox kernel: vgaarb: loaded
2025-11-19T16:15:24.285549+03:00 mark-VirtualBox kernel: clocksource: Switched to clocksource kvm-clock
2025-11-19T16:15:24.285549+03:00 mark-VirtualBox kernel: VFS: Disk quotas dquot_6.6.0
2025-11-19T16:15:24.285549+03:00 mark-VirtualBox kernel: VFS: Dquot-cache hash table entries: 512 (order 0, 4096 bytes)
2025-11-19T16:15:24.285550+03:00 mark-VirtualBox kernel: AppArmor: AppArmor Filesystem Enabled
2025-11-19T16:15:24.285552+03:00 mark-VirtualBox kernel: pnp: PnP ACPI init
2025-11-19T16:15:24.285552+03:00 mark-VirtualBox kernel: pnp: PnP ACPI: found 2 devices
2025-11-19T16:15:24.285553+03:00 mark-VirtualBox kernel: clocksource: acpi_pm: mask: 0xffffff max_cycles: 0xffffff, max_idle_ns: 2085701024 ns
2025-11-19T16:15:24.285553+03:00 mark-VirtualBox kernel: NET: Registered PF_INET protocol family
2025-11-19T16:15:24.285553+03:00 mark-VirtualBox kernel: IP idents hash table entries: 65536 (order: 7, 524288 bytes, linear)
2025-11-19T16:15:24.285554+03:00 mark-VirtualBox kernel: tcp_listen_portaddr_hash hash table entries: 2048 (order: 3, 32768 bytes, linear)
2025-11-19T16:15:24.285554+03:00 mark-VirtualBox kernel: Table-perturb hash table entries: 65536 (order: 6, 262144 bytes, linear)
2025-11-19T16:15:24.285556+03:00 mark-VirtualBox kernel: TCP established hash table entries: 32768 (order: 6, 262144 bytes, linear)
2025-11-19T16:15:24.285556+03:00 mark-VirtualBox kernel: TCP bind hash table entries: 32768 (order: 8, 1048576 bytes, linear)
2025-11-19T16:15:24.285557+03:00 mark-VirtualBox kernel: TCP: Hash tables configured (established 32768 bind 32768)
2025-11-19T16:15:24.285557+03:00 mark-VirtualBox kernel: MPTCP token hash table entries: 4096 (order: 4, 98304 bytes, linear)
2025-11-19T16:15:24.285557+03:00 mark-VirtualBox kernel: UDP hash table entries: 2048 (order: 5, 131072 bytes, linear)
2025-11-19T16:15:24.285558+03:00 mark-VirtualBox kernel: UDP-Lite hash table entries: 2048 (order: 5, 131072 bytes, linear)
2025-11-19T16:15:24.285560+03:00 mark-VirtualBox kernel: NET: Registered PF_UNIX/PF_LOCAL protocol family
2025-11-19T16:15:24.285560+03:00 mark-VirtualBox kernel: NET: Registered PF_XDP protocol family
2025-11-19T16:15:24.285560+03:00 mark-VirtualBox kernel: pci_bus 0000:00: resource 4 [io  0x0000-0x0cf7 window]
2025-11-19T16:15:24.285561+03:00 mark-VirtualBox kernel: pci_bus 0000:00: resource 5 [io  0x0d00-0xffff window]
2025-11-19T16:15:24.285561+03:00 mark-VirtualBox kernel: pci_bus 0000:00: resource 6 [mem 0x000a0000-0x000bffff window]
2025-11-19T16:15:24.285562+03:00 mark-VirtualBox kernel: pci_bus 0000:00: resource 7 [mem 0xe0000000-0xfdffffff window]
2025-11-19T16:15:24.285563+03:00 mark-VirtualBox kernel: pci 0000:00:00.0: Limiting direct PCI/PCI transfers
2025-11-19T16:15:24.285564+03:00 mark-VirtualBox kernel: PCI: CLS 0 bytes, default 64
2025-11-19T16:15:24.285565+03:00 mark-VirtualBox kernel: Trying to unpack rootfs image as initramfs...
2025-11-19T16:15:24.285566+03:00 mark-VirtualBox kernel: PCI-DMA: Using software bounce buffering for IO (SWIOTLB)
2025-11-19T16:15:24.285566+03:00 mark-VirtualBox kernel: software IO TLB: mapped [mem 0x00000000dbff0000-0x00000000dfff0000] (64MB)
2025-11-19T16:15:24.285567+03:00 mark-VirtualBox kernel: platform rtc_cmos: registered platform RTC device (no PNP device found)
2025-11-19T16:15:24.285618+03:00 mark-VirtualBox kernel: Initialise system trusted keyrings
2025-11-19T16:15:24.285622+03:00 mark-VirtualBox kernel: Key type blacklist registered
2025-11-19T16:15:24.285623+03:00 mark-VirtualBox kernel: workingset: timestamp_bits=36 max_order=20 bucket_order=0
