Running as unit: run-u155.service; invocation ID: 9cf6e8c799ec4cddaa6fc8d314b7bb91
ноя 19 15:49:15 ubuntu kernel: Linux version 6.14.0-27-generic (buildd@lcy02-amd64-120) (x86_64-linux-gnu-gcc-13 (Ubuntu 13.3.0-6ubuntu2~24.04) 13.3.0, GNU ld (GNU Binutils for Ubuntu) 2.42) #27~24.04.1-Ubuntu SMP PREEMPT_DYNAMIC Tue Jul 22 17:38:49 UTC 2 (Ubuntu 6.14.0-27.27~24.04.1-generic 6.14.6)
ноя 19 15:49:15 ubuntu kernel: Command line: BOOT_IMAGE=/casper/vmlinuz auto=true preseed/file=/cdrom/preseed.cfg priority=critical quiet splash noprompt noshell automatic-ubiquity debian-installer/locale=en_US keyboard-configuration/layoutcode=us languagechooser/language-name=English localechooser/supported-locales=en_US.UTF-8 countrychooser/shortlist=US --
ноя 19 15:49:15 ubuntu kernel: KERNEL supported cpus:
ноя 19 15:49:15 ubuntu kernel:   Intel GenuineIntel
ноя 19 15:49:15 ubuntu kernel:   AMD AuthenticAMD
ноя 19 15:49:15 ubuntu kernel:   Hygon HygonGenuine
ноя 19 15:49:15 ubuntu kernel:   Centaur CentaurHauls
ноя 19 15:49:15 ubuntu kernel:   zhaoxin   Shanghai  
ноя 19 15:49:15 ubuntu kernel: BIOS-provided physical RAM map:
ноя 19 15:49:15 ubuntu kernel: BIOS-e820: [mem 0x0000000000000000-0x000000000009fbff] usable
ноя 19 15:49:15 ubuntu kernel: BIOS-e820: [mem 0x000000000009fc00-0x000000000009ffff] reserved
ноя 19 15:49:15 ubuntu kernel: BIOS-e820: [mem 0x00000000000f0000-0x00000000000fffff] reserved
ноя 19 15:49:15 ubuntu kernel: BIOS-e820: [mem 0x0000000000100000-0x00000000dffeffff] usable
ноя 19 15:49:15 ubuntu kernel: BIOS-e820: [mem 0x00000000dfff0000-0x00000000dfffffff] ACPI data
ноя 19 15:49:15 ubuntu kernel: BIOS-e820: [mem 0x00000000fec00000-0x00000000fec00fff] reserved
ноя 19 15:49:15 ubuntu kernel: BIOS-e820: [mem 0x00000000fee00000-0x00000000fee00fff] reserved
ноя 19 15:49:15 ubuntu kernel: BIOS-e820: [mem 0x00000000fffc0000-0x00000000ffffffff] reserved
ноя 19 15:49:15 ubuntu kernel: BIOS-e820: [mem 0x0000000100000000-0x00000001232fffff] usable
ноя 19 15:49:15 ubuntu kernel: NX (Execute Disable) protection: active
ноя 19 15:49:15 ubuntu kernel: APIC: Static calls initialized
ноя 19 15:49:15 ubuntu kernel: SMBIOS 2.5 present.
ноя 19 15:49:15 ubuntu kernel: DMI: innotek GmbH VirtualBox/VirtualBox, BIOS VirtualBox 12/01/2006
ноя 19 15:49:15 ubuntu kernel: DMI: Memory slots populated: 0/0
ноя 19 15:49:15 ubuntu kernel: Hypervisor detected: KVM
ноя 19 15:49:15 ubuntu kernel: kvm-clock: Using msrs 4b564d01 and 4b564d00
ноя 19 15:49:15 ubuntu kernel: kvm-clock: using sched offset of 7905188089 cycles
ноя 19 15:49:15 ubuntu kernel: clocksource: kvm-clock: mask: 0xffffffffffffffff max_cycles: 0x1cd42e4dffb, max_idle_ns: 881590591483 ns
ноя 19 15:49:15 ubuntu kernel: tsc: Detected 2496.000 MHz processor
ноя 19 15:49:15 ubuntu kernel: e820: update [mem 0x00000000-0x00000fff] usable ==> reserved
ноя 19 15:49:15 ubuntu kernel: e820: remove [mem 0x000a0000-0x000fffff] usable
ноя 19 15:49:15 ubuntu kernel: last_pfn = 0x123300 max_arch_pfn = 0x400000000
ноя 19 15:49:15 ubuntu kernel: MTRRs disabled by BIOS
ноя 19 15:49:15 ubuntu kernel: x86/PAT: Configuration [0-7]: WB  WC  UC- UC  WB  WP  UC- WT  
ноя 19 15:49:15 ubuntu kernel: last_pfn = 0xe0000 max_arch_pfn = 0x400000000
ноя 19 15:49:15 ubuntu kernel: found SMP MP-table at [mem 0x0009fff0-0x0009ffff]
ноя 19 15:49:15 ubuntu kernel: RAMDISK: [mem 0x2e32d000-0x3318dfff]
ноя 19 15:49:15 ubuntu kernel: ACPI: Early table checksum verification disabled
ноя 19 15:49:15 ubuntu kernel: ACPI: RSDP 0x00000000000E0000 000024 (v02 VBOX  )
ноя 19 15:49:15 ubuntu kernel: ACPI: XSDT 0x00000000DFFF0030 00003C (v01 VBOX   VBOXXSDT 00000001 ASL  00000061)
ноя 19 15:49:15 ubuntu kernel: ACPI: FACP 0x00000000DFFF00F0 0000F4 (v04 VBOX   VBOXFACP 00000001 ASL  00000061)
ноя 19 15:49:15 ubuntu kernel: ACPI: DSDT 0x00000000DFFF0610 002353 (v02 VBOX   VBOXBIOS 00000002 INTL 20100528)
ноя 19 15:49:15 ubuntu kernel: ACPI: FACS 0x00000000DFFF0200 000040
ноя 19 15:49:15 ubuntu kernel: ACPI: FACS 0x00000000DFFF0200 000040
ноя 19 15:49:15 ubuntu kernel: ACPI: APIC 0x00000000DFFF0240 00005C (v02 VBOX   VBOXAPIC 00000001 ASL  00000061)
ноя 19 15:49:15 ubuntu kernel: ACPI: SSDT 0x00000000DFFF02A0 00036C (v01 VBOX   VBOXCPUT 00000002 INTL 20100528)
ноя 19 15:49:15 ubuntu kernel: ACPI: Reserving FACP table memory at [mem 0xdfff00f0-0xdfff01e3]
ноя 19 15:49:15 ubuntu kernel: ACPI: Reserving DSDT table memory at [mem 0xdfff0610-0xdfff2962]
ноя 19 15:49:15 ubuntu kernel: ACPI: Reserving FACS table memory at [mem 0xdfff0200-0xdfff023f]
ноя 19 15:49:15 ubuntu kernel: ACPI: Reserving FACS table memory at [mem 0xdfff0200-0xdfff023f]
ноя 19 15:49:15 ubuntu kernel: ACPI: Reserving APIC table memory at [mem 0xdfff0240-0xdfff029b]
ноя 19 15:49:15 ubuntu kernel: ACPI: Reserving SSDT table memory at [mem 0xdfff02a0-0xdfff060b]
ноя 19 15:49:15 ubuntu kernel: No NUMA configuration found
ноя 19 15:49:15 ubuntu kernel: Faking a node at [mem 0x0000000000000000-0x00000001232fffff]
ноя 19 15:49:15 ubuntu kernel: NODE_DATA(0) allocated [mem 0x1232d5540-0x1232fffff]
ноя 19 15:49:15 ubuntu kernel: Zone ranges:
ноя 19 15:49:15 ubuntu kernel:   DMA      [mem 0x0000000000001000-0x0000000000ffffff]
ноя 19 15:49:15 ubuntu kernel:   DMA32    [mem 0x0000000001000000-0x00000000ffffffff]
ноя 19 15:49:15 ubuntu kernel:   Normal   [mem 0x0000000100000000-0x00000001232fffff]
ноя 19 15:49:15 ubuntu kernel:   Device   empty
ноя 19 15:49:15 ubuntu kernel: Movable zone start for each node
ноя 19 15:49:15 ubuntu kernel: Early memory node ranges
ноя 19 15:49:15 ubuntu kernel:   node   0: [mem 0x0000000000001000-0x000000000009efff]
ноя 19 15:49:15 ubuntu kernel:   node   0: [mem 0x0000000000100000-0x00000000dffeffff]
ноя 19 15:49:15 ubuntu kernel:   node   0: [mem 0x0000000100000000-0x00000001232fffff]
ноя 19 15:49:15 ubuntu kernel: Initmem setup node 0 [mem 0x0000000000001000-0x00000001232fffff]
ноя 19 15:49:15 ubuntu kernel: On node 0, zone DMA: 1 pages in unavailable ranges
ноя 19 15:49:15 ubuntu kernel: On node 0, zone DMA: 97 pages in unavailable ranges
ноя 19 15:49:15 ubuntu kernel: On node 0, zone Normal: 16 pages in unavailable ranges
ноя 19 15:49:15 ubuntu kernel: On node 0, zone Normal: 19712 pages in unavailable ranges
ноя 19 15:49:15 ubuntu kernel: ACPI: PM-Timer IO Port: 0x4008
ноя 19 15:49:15 ubuntu kernel: IOAPIC[0]: apic_id 2, version 32, address 0xfec00000, GSI 0-23
ноя 19 15:49:15 ubuntu kernel: ACPI: INT_SRC_OVR (bus 0 bus_irq 0 global_irq 2 dfl dfl)
ноя 19 15:49:15 ubuntu kernel: ACPI: INT_SRC_OVR (bus 0 bus_irq 9 global_irq 9 low level)
ноя 19 15:49:15 ubuntu kernel: ACPI: Using ACPI (MADT) for SMP configuration information
ноя 19 15:49:15 ubuntu kernel: CPU topo: Max. logical packages:   1
ноя 19 15:49:15 ubuntu kernel: CPU topo: Max. logical dies:       1
ноя 19 15:49:15 ubuntu kernel: CPU topo: Max. dies per package:   1
ноя 19 15:49:15 ubuntu kernel: CPU topo: Max. threads per core:   1
ноя 19 15:49:15 ubuntu kernel: CPU topo: Num. cores per package:     2
ноя 19 15:49:15 ubuntu kernel: CPU topo: Num. threads per package:   2
ноя 19 15:49:15 ubuntu kernel: CPU topo: Allowing 2 present CPUs plus 0 hotplug CPUs
ноя 19 15:49:15 ubuntu kernel: PM: hibernation: Registered nosave memory: [mem 0x00000000-0x00000fff]
ноя 19 15:49:15 ubuntu kernel: PM: hibernation: Registered nosave memory: [mem 0x0009f000-0x000fffff]
ноя 19 15:49:15 ubuntu kernel: PM: hibernation: Registered nosave memory: [mem 0xdfff0000-0xffffffff]
ноя 19 15:49:15 ubuntu kernel: [mem 0xe0000000-0xfebfffff] available for PCI devices
ноя 19 15:49:15 ubuntu kernel: Booting paravirtualized kernel on KVM
ноя 19 15:49:15 ubuntu kernel: clocksource: refined-jiffies: mask: 0xffffffff max_cycles: 0xffffffff, max_idle_ns: 1910969940391419 ns
ноя 19 15:49:15 ubuntu kernel: setup_percpu: NR_CPUS:8192 nr_cpumask_bits:2 nr_cpu_ids:2 nr_node_ids:1
ноя 19 15:49:15 ubuntu kernel: percpu: Embedded 88 pages/cpu s237568 r8192 d114688 u1048576
ноя 19 15:49:15 ubuntu kernel: pcpu-alloc: s237568 r8192 d114688 u1048576 alloc=1*2097152
ноя 19 15:49:15 ubuntu kernel: pcpu-alloc: [0] 0 1 
ноя 19 15:49:15 ubuntu kernel: kvm-guest: PV spinlocks enabled
ноя 19 15:49:15 ubuntu kernel: PV qspinlock hash table entries: 256 (order: 0, 4096 bytes, linear)
ноя 19 15:49:15 ubuntu kernel: Kernel command line: BOOT_IMAGE=/casper/vmlinuz auto=true preseed/file=/cdrom/preseed.cfg priority=critical quiet splash noprompt noshell automatic-ubiquity debian-installer/locale=en_US keyboard-configuration/layoutcode=us languagechooser/language-name=English localechooser/supported-locales=en_US.UTF-8 countrychooser/shortlist=US --
ноя 19 15:49:15 ubuntu kernel: Unknown kernel command line parameters "splash noprompt noshell automatic-ubiquity BOOT_IMAGE=/casper/vmlinuz auto=true preseed/file=/cdrom/preseed.cfg priority=critical debian-installer/locale=en_US keyboard-configuration/layoutcode=us languagechooser/language-name=English localechooser/supported-locales=en_US.UTF-8 countrychooser/shortlist=US", will be passed to user space.
ноя 19 15:49:15 ubuntu kernel: random: crng init done
ноя 19 15:49:15 ubuntu kernel: printk: log buffer data + meta data: 262144 + 917504 = 1179648 bytes
ноя 19 15:49:15 ubuntu kernel: Dentry cache hash table entries: 524288 (order: 10, 4194304 bytes, linear)
ноя 19 15:49:15 ubuntu kernel: Inode-cache hash table entries: 262144 (order: 9, 2097152 bytes, linear)
ноя 19 15:49:15 ubuntu kernel: Fallback order for Node 0: 0 
ноя 19 15:49:15 ubuntu kernel: Built 1 zonelists, mobility grouping on.  Total pages: 1061518
ноя 19 15:49:15 ubuntu kernel: Policy zone: Normal
ноя 19 15:49:15 ubuntu kernel: mem auto-init: stack:all(zero), heap alloc:on, heap free:off
ноя 19 15:49:15 ubuntu kernel: software IO TLB: area num 2.
ноя 19 15:49:15 ubuntu kernel: SLUB: HWalign=64, Order=0-3, MinObjects=0, CPUs=2, Nodes=1
ноя 19 15:49:15 ubuntu kernel: ftrace: allocating 60343 entries in 236 pages
ноя 19 15:49:15 ubuntu kernel: ftrace: allocated 236 pages with 5 groups
ноя 19 15:49:15 ubuntu kernel: Dynamic Preempt: voluntary
ноя 19 15:49:15 ubuntu kernel: rcu: Preemptible hierarchical RCU implementation.
ноя 19 15:49:15 ubuntu kernel: rcu:         RCU restricting CPUs from NR_CPUS=8192 to nr_cpu_ids=2.
ноя 19 15:49:15 ubuntu kernel:         Trampoline variant of Tasks RCU enabled.
ноя 19 15:49:15 ubuntu kernel:         Rude variant of Tasks RCU enabled.
ноя 19 15:49:15 ubuntu kernel:         Tracing variant of Tasks RCU enabled.
ноя 19 15:49:15 ubuntu kernel: rcu: RCU calculated value of scheduler-enlistment delay is 100 jiffies.
ноя 19 15:49:15 ubuntu kernel: rcu: Adjusting geometry for rcu_fanout_leaf=16, nr_cpu_ids=2
ноя 19 15:49:15 ubuntu kernel: RCU Tasks: Setting shift to 1 and lim to 1 rcu_task_cb_adjust=1 rcu_task_cpu_ids=2.
ноя 19 15:49:15 ubuntu kernel: RCU Tasks Rude: Setting shift to 1 and lim to 1 rcu_task_cb_adjust=1 rcu_task_cpu_ids=2.
ноя 19 15:49:15 ubuntu kernel: RCU Tasks Trace: Setting shift to 1 and lim to 1 rcu_task_cb_adjust=1 rcu_task_cpu_ids=2.
ноя 19 15:49:15 ubuntu kernel: NR_IRQS: 524544, nr_irqs: 440, preallocated irqs: 16
ноя 19 15:49:15 ubuntu kernel: rcu: srcu_init: Setting srcu_struct sizes based on contention.
ноя 19 15:49:15 ubuntu kernel: Console: colour VGA+ 80x25
ноя 19 15:49:15 ubuntu kernel: printk: legacy console [tty0] enabled
ноя 19 15:49:15 ubuntu kernel: ACPI: Core revision 20240827
ноя 19 15:49:15 ubuntu kernel: APIC: Switch to symmetric I/O mode setup
ноя 19 15:49:15 ubuntu kernel: ..TIMER: vector=0x30 apic1=0 pin1=2 apic2=-1 pin2=-1
ноя 19 15:49:15 ubuntu kernel: clocksource: tsc-early: mask: 0xffffffffffffffff max_cycles: 0x23fa772cf26, max_idle_ns: 440795269835 ns
ноя 19 15:49:15 ubuntu kernel: Calibrating delay loop (skipped) preset value.. 4992.00 BogoMIPS (lpj=2496000)
ноя 19 15:49:15 ubuntu kernel: Last level iTLB entries: 4KB 0, 2MB 0, 4MB 0
ноя 19 15:49:15 ubuntu kernel: Last level dTLB entries: 4KB 0, 2MB 0, 4MB 0, 1GB 0
ноя 19 15:49:15 ubuntu kernel: Spectre V1 : Mitigation: usercopy/swapgs barriers and __user pointer sanitization
ноя 19 15:49:15 ubuntu kernel: Spectre V2 : Spectre BHI mitigation: SW BHB clearing on syscall and VM exit
ноя 19 15:49:15 ubuntu kernel: Spectre V2 : Mitigation: Enhanced / Automatic IBRS
ноя 19 15:49:15 ubuntu kernel: Spectre V2 : Spectre v2 / PBRSB-eIBRS: Retire a single CALL on VMEXIT
ноя 19 15:49:15 ubuntu kernel: RETBleed: Mitigation: Enhanced IBRS
ноя 19 15:49:15 ubuntu kernel: Speculative Store Bypass: Vulnerable
ноя 19 15:49:15 ubuntu kernel: Register File Data Sampling: Vulnerable: No microcode
ноя 19 15:49:15 ubuntu kernel: x86/fpu: x87 FPU will use FXSAVE
ноя 19 15:49:15 ubuntu kernel: Freeing SMP alternatives memory: 48K
ноя 19 15:49:15 ubuntu kernel: pid_max: default: 32768 minimum: 301
ноя 19 15:49:15 ubuntu kernel: LSM: initializing lsm=lockdown,capability,landlock,yama,apparmor,ima,evm
ноя 19 15:49:15 ubuntu kernel: landlock: Up and running.
ноя 19 15:49:15 ubuntu kernel: Yama: becoming mindful.
ноя 19 15:49:15 ubuntu kernel: AppArmor: AppArmor initialized
ноя 19 15:49:15 ubuntu kernel: Mount-cache hash table entries: 8192 (order: 4, 65536 bytes, linear)
ноя 19 15:49:15 ubuntu kernel: Mountpoint-cache hash table entries: 8192 (order: 4, 65536 bytes, linear)
ноя 19 15:49:15 ubuntu kernel: APIC calibration not consistent with PM-Timer: 125ms instead of 100ms
ноя 19 15:49:15 ubuntu kernel: APIC delta adjusted to PM-Timer: 6292610 (7877779)
ноя 19 15:49:15 ubuntu kernel: smpboot: CPU0: 12th Gen Intel(R) Core(TM) i5-12400F (family: 0x6, model: 0x97, stepping: 0x5)
ноя 19 15:49:15 ubuntu kernel: Performance Events: unsupported p6 CPU model 151 no PMU driver, software events only.
ноя 19 15:49:15 ubuntu kernel: signal: max sigframe size: 1440
ноя 19 15:49:15 ubuntu kernel: rcu: Hierarchical SRCU implementation.
ноя 19 15:49:15 ubuntu kernel: rcu:         Max phase no-delay instances is 400.
ноя 19 15:49:15 ubuntu kernel: Timer migration: 1 hierarchy levels; 8 children per group; 1 crossnode level
ноя 19 15:49:15 ubuntu kernel: NMI watchdog: Perf NMI watchdog permanently disabled
ноя 19 15:49:15 ubuntu kernel: smp: Bringing up secondary CPUs ...
ноя 19 15:49:15 ubuntu kernel: smpboot: x86: Booting SMP configuration:
ноя 19 15:49:15 ubuntu kernel: .... node  #0, CPUs:      #1
ноя 19 15:49:15 ubuntu kernel: TSC synchronization [CPU#0 -> CPU#1]:
ноя 19 15:49:15 ubuntu kernel: Measured 50703 cycles TSC warp between CPUs, turning off TSC clock.
ноя 19 15:49:15 ubuntu kernel: tsc: Marking TSC unstable due to check_tsc_sync_source failed
ноя 19 15:49:15 ubuntu kernel: smp: Brought up 1 node, 2 CPUs
ноя 19 15:49:15 ubuntu kernel: smpboot: Total of 2 processors activated (9984.00 BogoMIPS)
ноя 19 15:49:15 ubuntu kernel: Memory: 3964584K/4246072K available (21441K kernel code, 4572K rwdata, 15048K rodata, 5132K init, 4436K bss, 275152K reserved, 0K cma-reserved)
ноя 19 15:49:15 ubuntu kernel: devtmpfs: initialized
ноя 19 15:49:15 ubuntu kernel: x86/mm: Memory block size: 128MB
ноя 19 15:49:15 ubuntu kernel: clocksource: jiffies: mask: 0xffffffff max_cycles: 0xffffffff, max_idle_ns: 1911260446275000 ns
ноя 19 15:49:15 ubuntu kernel: futex hash table entries: 512 (order: 3, 32768 bytes, linear)
ноя 19 15:49:15 ubuntu kernel: pinctrl core: initialized pinctrl subsystem
ноя 19 15:49:15 ubuntu kernel: PM: RTC time: 12:49:08, date: 2025-11-19
ноя 19 15:49:15 ubuntu kernel: NET: Registered PF_NETLINK/PF_ROUTE protocol family
ноя 19 15:49:15 ubuntu kernel: DMA: preallocated 512 KiB GFP_KERNEL pool for atomic allocations
ноя 19 15:49:15 ubuntu kernel: DMA: preallocated 512 KiB GFP_KERNEL|GFP_DMA pool for atomic allocations
ноя 19 15:49:15 ubuntu kernel: DMA: preallocated 512 KiB GFP_KERNEL|GFP_DMA32 pool for atomic allocations
ноя 19 15:49:15 ubuntu kernel: audit: initializing netlink subsys (disabled)
ноя 19 15:49:15 ubuntu kernel: audit: type=2000 audit(1763556557.767:1): state=initialized audit_enabled=0 res=1
ноя 19 15:49:15 ubuntu kernel: thermal_sys: Registered thermal governor 'fair_share'
ноя 19 15:49:15 ubuntu kernel: thermal_sys: Registered thermal governor 'bang_bang'
ноя 19 15:49:15 ubuntu kernel: thermal_sys: Registered thermal governor 'step_wise'
ноя 19 15:49:15 ubuntu kernel: thermal_sys: Registered thermal governor 'user_space'
ноя 19 15:49:15 ubuntu kernel: thermal_sys: Registered thermal governor 'power_allocator'
ноя 19 15:49:15 ubuntu kernel: cpuidle: using governor ladder
ноя 19 15:49:15 ubuntu kernel: cpuidle: using governor menu
ноя 19 15:49:15 ubuntu kernel: acpiphp: ACPI Hot Plug PCI Controller Driver version: 0.5
ноя 19 15:49:15 ubuntu kernel: PCI: Using configuration type 1 for base access
ноя 19 15:49:15 ubuntu kernel: kprobes: kprobe jump-optimization is enabled. All kprobes are optimized if possible.
ноя 19 15:49:15 ubuntu kernel: HugeTLB: registered 2.00 MiB page size, pre-allocated 0 pages
ноя 19 15:49:15 ubuntu kernel: HugeTLB: 28 KiB vmemmap can be freed for a 2.00 MiB page
ноя 19 15:49:15 ubuntu kernel: ACPI: Added _OSI(Module Device)
ноя 19 15:49:15 ubuntu kernel: ACPI: Added _OSI(Processor Device)
ноя 19 15:49:15 ubuntu kernel: ACPI: Added _OSI(3.0 _SCP Extensions)
ноя 19 15:49:15 ubuntu kernel: ACPI: Added _OSI(Processor Aggregator Device)
ноя 19 15:49:15 ubuntu kernel: ACPI: 2 ACPI AML tables successfully acquired and loaded
ноя 19 15:49:15 ubuntu kernel: ACPI: Interpreter enabled
ноя 19 15:49:15 ubuntu kernel: ACPI: PM: (supports S0 S5)
ноя 19 15:49:15 ubuntu kernel: ACPI: Using IOAPIC for interrupt routing
ноя 19 15:49:15 ubuntu kernel: PCI: Using host bridge windows from ACPI; if necessary, use "pci=nocrs" and report a bug
ноя 19 15:49:15 ubuntu kernel: PCI: Using E820 reservations for host bridge windows
ноя 19 15:49:15 ubuntu kernel: ACPI: Enabled 2 GPEs in block 00 to 07
ноя 19 15:49:15 ubuntu kernel: ACPI: PCI Root Bridge [PCI0] (domain 0000 [bus 00-ff])
ноя 19 15:49:15 ubuntu kernel: acpi PNP0A03:00: _OSC: OS supports [ASPM ClockPM Segments MSI EDR HPX-Type3]
ноя 19 15:49:15 ubuntu kernel: acpi PNP0A03:00: _OSC: not requesting OS control; OS requires [ExtendedConfig ASPM ClockPM MSI]
ноя 19 15:49:15 ubuntu kernel: acpi PNP0A03:00: fail to add MMCONFIG information, can't access extended configuration space under this bridge
ноя 19 15:49:15 ubuntu kernel: PCI host bridge to bus 0000:00
ноя 19 15:49:15 ubuntu kernel: pci_bus 0000:00: root bus resource [io  0x0000-0x0cf7 window]
ноя 19 15:49:15 ubuntu kernel: pci_bus 0000:00: root bus resource [io  0x0d00-0xffff window]
ноя 19 15:49:15 ubuntu kernel: pci_bus 0000:00: root bus resource [mem 0x000a0000-0x000bffff window]
ноя 19 15:49:15 ubuntu kernel: pci_bus 0000:00: root bus resource [mem 0xe0000000-0xfdffffff window]
ноя 19 15:49:15 ubuntu kernel: pci_bus 0000:00: root bus resource [bus 00-ff]
ноя 19 15:49:15 ubuntu kernel: pci 0000:00:00.0: [8086:1237] type 00 class 0x060000 conventional PCI endpoint
ноя 19 15:49:15 ubuntu kernel: pci 0000:00:01.0: [8086:7000] type 00 class 0x060100 conventional PCI endpoint
ноя 19 15:49:15 ubuntu kernel: pci 0000:00:01.1: [8086:7111] type 00 class 0x01018a conventional PCI endpoint
ноя 19 15:49:15 ubuntu kernel: pci 0000:00:01.1: BAR 4 [io  0xd000-0xd00f]
ноя 19 15:49:15 ubuntu kernel: pci 0000:00:01.1: BAR 0 [io  0x01f0-0x01f7]: legacy IDE quirk
ноя 19 15:49:15 ubuntu kernel: pci 0000:00:01.1: BAR 1 [io  0x03f6]: legacy IDE quirk
ноя 19 15:49:15 ubuntu kernel: pci 0000:00:01.1: BAR 2 [io  0x0170-0x0177]: legacy IDE quirk
ноя 19 15:49:15 ubuntu kernel: pci 0000:00:01.1: BAR 3 [io  0x0376]: legacy IDE quirk
ноя 19 15:49:15 ubuntu kernel: pci 0000:00:02.0: [15ad:0405] type 00 class 0x030000 conventional PCI endpoint
ноя 19 15:49:15 ubuntu kernel: pci 0000:00:02.0: BAR 0 [io  0xd010-0xd01f]
ноя 19 15:49:15 ubuntu kernel: pci 0000:00:02.0: BAR 1 [mem 0xe0000000-0xe7ffffff pref]
ноя 19 15:49:15 ubuntu kernel: pci 0000:00:02.0: BAR 2 [mem 0xf0000000-0xf01fffff]
ноя 19 15:49:15 ubuntu kernel: pci 0000:00:02.0: Video device with shadowed ROM at [mem 0x000c0000-0x000dffff]
ноя 19 15:49:15 ubuntu kernel: pci 0000:00:03.0: [8086:100e] type 00 class 0x020000 conventional PCI endpoint
ноя 19 15:49:15 ubuntu kernel: pci 0000:00:03.0: BAR 0 [mem 0xf0200000-0xf021ffff]
ноя 19 15:49:15 ubuntu kernel: pci 0000:00:03.0: BAR 2 [io  0xd020-0xd027]
ноя 19 15:49:15 ubuntu kernel: pci 0000:00:04.0: [80ee:cafe] type 00 class 0x088000 conventional PCI endpoint
ноя 19 15:49:15 ubuntu kernel: pci 0000:00:04.0: BAR 0 [io  0xd040-0xd05f]
ноя 19 15:49:15 ubuntu kernel: pci 0000:00:04.0: BAR 1 [mem 0xf0400000-0xf07fffff]
ноя 19 15:49:15 ubuntu kernel: pci 0000:00:04.0: BAR 2 [mem 0xf0800000-0xf0803fff pref]
ноя 19 15:49:15 ubuntu kernel: pci 0000:00:05.0: [8086:2415] type 00 class 0x040100 conventional PCI endpoint
ноя 19 15:49:15 ubuntu kernel: pci 0000:00:05.0: BAR 0 [io  0xd100-0xd1ff]
ноя 19 15:49:15 ubuntu kernel: pci 0000:00:05.0: BAR 1 [io  0xd200-0xd23f]
ноя 19 15:49:15 ubuntu kernel: pci 0000:00:06.0: [106b:003f] type 00 class 0x0c0310 conventional PCI endpoint
ноя 19 15:49:15 ubuntu kernel: pci 0000:00:06.0: BAR 0 [mem 0xf0804000-0xf0804fff]
ноя 19 15:49:15 ubuntu kernel: pci 0000:00:07.0: [8086:7113] type 00 class 0x068000 conventional PCI endpoint
ноя 19 15:49:15 ubuntu kernel: pci 0000:00:07.0: quirk: [io  0x4000-0x403f] claimed by PIIX4 ACPI
ноя 19 15:49:15 ubuntu kernel: pci 0000:00:07.0: quirk: [io  0x4100-0x410f] claimed by PIIX4 SMB
ноя 19 15:49:15 ubuntu kernel: pci 0000:00:0b.0: [8086:265c] type 00 class 0x0c0320 conventional PCI endpoint
ноя 19 15:49:15 ubuntu kernel: pci 0000:00:0b.0: BAR 0 [mem 0xf0805000-0xf0805fff]
ноя 19 15:49:15 ubuntu kernel: pci 0000:00:0d.0: [8086:2829] type 00 class 0x010601 conventional PCI endpoint
ноя 19 15:49:15 ubuntu kernel: pci 0000:00:0d.0: BAR 0 [io  0xd240-0xd247]
ноя 19 15:49:15 ubuntu kernel: pci 0000:00:0d.0: BAR 1 [io  0xd248-0xd24b]
ноя 19 15:49:15 ubuntu kernel: pci 0000:00:0d.0: BAR 2 [io  0xd250-0xd257]
ноя 19 15:49:15 ubuntu kernel: pci 0000:00:0d.0: BAR 3 [io  0xd258-0xd25b]
ноя 19 15:49:15 ubuntu kernel: pci 0000:00:0d.0: BAR 4 [io  0xd260-0xd26f]
ноя 19 15:49:15 ubuntu kernel: pci 0000:00:0d.0: BAR 5 [mem 0xf0806000-0xf0807fff]
ноя 19 15:49:15 ubuntu kernel: ACPI: PCI: Interrupt link LNKA configured for IRQ 11
ноя 19 15:49:15 ubuntu kernel: ACPI: PCI: Interrupt link LNKB configured for IRQ 10
ноя 19 15:49:15 ubuntu kernel: ACPI: PCI: Interrupt link LNKC configured for IRQ 9
ноя 19 15:49:15 ubuntu kernel: ACPI: PCI: Interrupt link LNKD configured for IRQ 11
ноя 19 15:49:15 ubuntu kernel: iommu: Default domain type: Translated
ноя 19 15:49:15 ubuntu kernel: iommu: DMA domain TLB invalidation policy: lazy mode
ноя 19 15:49:15 ubuntu kernel: SCSI subsystem initialized
ноя 19 15:49:15 ubuntu kernel: libata version 3.00 loaded.
ноя 19 15:49:15 ubuntu kernel: ACPI: bus type USB registered
ноя 19 15:49:15 ubuntu kernel: usbcore: registered new interface driver usbfs
ноя 19 15:49:15 ubuntu kernel: usbcore: registered new interface driver hub
ноя 19 15:49:15 ubuntu kernel: usbcore: registered new device driver usb
ноя 19 15:49:15 ubuntu kernel: pps_core: LinuxPPS API ver. 1 registered
ноя 19 15:49:15 ubuntu kernel: pps_core: Software ver. 5.3.6 - Copyright 2005-2007 Rodolfo Giometti <giometti@linux.it>
ноя 19 15:49:15 ubuntu kernel: PTP clock support registered
ноя 19 15:49:15 ubuntu kernel: EDAC MC: Ver: 3.0.0
ноя 19 15:49:15 ubuntu kernel: NetLabel: Initializing
ноя 19 15:49:15 ubuntu kernel: NetLabel:  domain hash size = 128
ноя 19 15:49:15 ubuntu kernel: NetLabel:  protocols = UNLABELED CIPSOv4 CALIPSO
ноя 19 15:49:15 ubuntu kernel: NetLabel:  unlabeled traffic allowed by default
ноя 19 15:49:15 ubuntu kernel: mctp: management component transport protocol core
ноя 19 15:49:15 ubuntu kernel: NET: Registered PF_MCTP protocol family
ноя 19 15:49:15 ubuntu kernel: PCI: Using ACPI for IRQ routing
ноя 19 15:49:15 ubuntu kernel: PCI: pci_cache_line_size set to 64 bytes
ноя 19 15:49:15 ubuntu kernel: e820: reserve RAM buffer [mem 0x0009fc00-0x0009ffff]
ноя 19 15:49:15 ubuntu kernel: e820: reserve RAM buffer [mem 0xdfff0000-0xdfffffff]
ноя 19 15:49:15 ubuntu kernel: e820: reserve RAM buffer [mem 0x123300000-0x123ffffff]
ноя 19 15:49:15 ubuntu kernel: pci 0000:00:02.0: vgaarb: setting as boot VGA device
ноя 19 15:49:15 ubuntu kernel: pci 0000:00:02.0: vgaarb: bridge control possible
ноя 19 15:49:15 ubuntu kernel: pci 0000:00:02.0: vgaarb: VGA device added: decodes=io+mem,owns=io+mem,locks=none
ноя 19 15:49:15 ubuntu kernel: vgaarb: loaded
ноя 19 15:49:15 ubuntu kernel: clocksource: Switched to clocksource kvm-clock
ноя 19 15:49:15 ubuntu kernel: VFS: Disk quotas dquot_6.6.0
ноя 19 15:49:15 ubuntu kernel: VFS: Dquot-cache hash table entries: 512 (order 0, 4096 bytes)
ноя 19 15:49:15 ubuntu kernel: AppArmor: AppArmor Filesystem Enabled
ноя 19 15:49:15 ubuntu kernel: pnp: PnP ACPI init
ноя 19 15:49:15 ubuntu kernel: pnp: PnP ACPI: found 2 devices
ноя 19 15:49:15 ubuntu kernel: clocksource: acpi_pm: mask: 0xffffff max_cycles: 0xffffff, max_idle_ns: 2085701024 ns
ноя 19 15:49:15 ubuntu kernel: NET: Registered PF_INET protocol family
ноя 19 15:49:15 ubuntu kernel: IP idents hash table entries: 65536 (order: 7, 524288 bytes, linear)
ноя 19 15:49:15 ubuntu kernel: tcp_listen_portaddr_hash hash table entries: 2048 (order: 3, 32768 bytes, linear)
ноя 19 15:49:15 ubuntu kernel: Table-perturb hash table entries: 65536 (order: 6, 262144 bytes, linear)
ноя 19 15:49:15 ubuntu kernel: TCP established hash table entries: 32768 (order: 6, 262144 bytes, linear)
ноя 19 15:49:15 ubuntu kernel: TCP bind hash table entries: 32768 (order: 8, 1048576 bytes, linear)
ноя 19 15:49:15 ubuntu kernel: TCP: Hash tables configured (established 32768 bind 32768)
ноя 19 15:49:15 ubuntu kernel: MPTCP token hash table entries: 4096 (order: 4, 98304 bytes, linear)
ноя 19 15:49:15 ubuntu kernel: UDP hash table entries: 2048 (order: 5, 131072 bytes, linear)
ноя 19 15:49:15 ubuntu kernel: UDP-Lite hash table entries: 2048 (order: 5, 131072 bytes, linear)
ноя 19 15:49:15 ubuntu kernel: NET: Registered PF_UNIX/PF_LOCAL protocol family
ноя 19 15:49:15 ubuntu kernel: NET: Registered PF_XDP protocol family
ноя 19 15:49:15 ubuntu kernel: pci_bus 0000:00: resource 4 [io  0x0000-0x0cf7 window]
ноя 19 15:49:15 ubuntu kernel: pci_bus 0000:00: resource 5 [io  0x0d00-0xffff window]
ноя 19 15:49:15 ubuntu kernel: pci_bus 0000:00: resource 6 [mem 0x000a0000-0x000bffff window]
ноя 19 15:49:15 ubuntu kernel: pci_bus 0000:00: resource 7 [mem 0xe0000000-0xfdffffff window]
ноя 19 15:49:15 ubuntu kernel: pci 0000:00:00.0: Limiting direct PCI/PCI transfers
ноя 19 15:49:15 ubuntu kernel: PCI: CLS 0 bytes, default 64
ноя 19 15:49:15 ubuntu kernel: PCI-DMA: Using software bounce buffering for IO (SWIOTLB)
ноя 19 15:49:15 ubuntu kernel: software IO TLB: mapped [mem 0x00000000dbff0000-0x00000000dfff0000] (64MB)
ноя 19 15:49:15 ubuntu kernel: platform rtc_cmos: registered platform RTC device (no PNP device found)
ноя 19 15:49:15 ubuntu kernel: Trying to unpack rootfs image as initramfs...
ноя 19 15:49:15 ubuntu kernel: Initialise system trusted keyrings
ноя 19 15:49:15 ubuntu kernel: Key type blacklist registered
ноя 19 15:49:15 ubuntu kernel: workingset: timestamp_bits=36 max_order=20 bucket_order=0
ноя 19 15:49:15 ubuntu kernel: zbud: loaded
ноя 19 15:49:15 ubuntu kernel: squashfs: version 4.0 (2009/01/31) Phillip Lougher
ноя 19 15:49:15 ubuntu kernel: fuse: init (API version 7.42)
ноя 19 15:49:15 ubuntu kernel: integrity: Platform Keyring initialized
ноя 19 15:49:15 ubuntu kernel: integrity: Machine keyring initialized
ноя 19 15:49:15 ubuntu kernel: Key type asymmetric registered
ноя 19 15:49:15 ubuntu kernel: Asymmetric key parser 'x509' registered
ноя 19 15:49:15 ubuntu kernel: Block layer SCSI generic (bsg) driver version 0.4 loaded (major 243)
ноя 19 15:49:15 ubuntu kernel: io scheduler mq-deadline registered
ноя 19 15:49:15 ubuntu kernel: ledtrig-cpu: registered to indicate activity on CPUs
ноя 19 15:49:15 ubuntu kernel: shpchp: Standard Hot Plug PCI Controller Driver version: 0.4
ноя 19 15:49:15 ubuntu kernel: ACPI: AC: AC Adapter [AC] (on-line)
ноя 19 15:49:15 ubuntu kernel: input: Power Button as /devices/LNXSYSTM:00/LNXPWRBN:00/input/input0
ноя 19 15:49:15 ubuntu kernel: ACPI: button: Power Button [PWRF]
ноя 19 15:49:15 ubuntu kernel: input: Sleep Button as /devices/LNXSYSTM:00/LNXSLPBN:00/input/input1
ноя 19 15:49:15 ubuntu kernel: ACPI: button: Sleep Button [SLPF]
ноя 19 15:49:15 ubuntu kernel: Serial: 8250/16550 driver, 32 ports, IRQ sharing enabled
ноя 19 15:49:15 ubuntu kernel: Linux agpgart interface v0.103
ноя 19 15:49:15 ubuntu kernel: loop: module loaded
ноя 19 15:49:15 ubuntu kernel: ata_piix 0000:00:01.1: version 2.13
ноя 19 15:49:15 ubuntu kernel: scsi host0: ata_piix
ноя 19 15:49:15 ubuntu kernel: scsi host1: ata_piix
ноя 19 15:49:15 ubuntu kernel: ata1: PATA max UDMA/33 cmd 0x1f0 ctl 0x3f6 bmdma 0xd000 irq 14 lpm-pol 0
ноя 19 15:49:15 ubuntu kernel: ata2: PATA max UDMA/33 cmd 0x170 ctl 0x376 bmdma 0xd008 irq 15 lpm-pol 0
ноя 19 15:49:15 ubuntu kernel: ACPI: bus type drm_connector registered
ноя 19 15:49:15 ubuntu kernel: tun: Universal TUN/TAP device driver, 1.6
ноя 19 15:49:15 ubuntu kernel: PPP generic driver version 2.4.2
ноя 19 15:49:15 ubuntu kernel: ohci-pci 0000:00:06.0: OHCI PCI host controller
ноя 19 15:49:15 ubuntu kernel: ohci-pci 0000:00:06.0: new USB bus registered, assigned bus number 1
ноя 19 15:49:15 ubuntu kernel: ohci-pci 0000:00:06.0: irq 22, io mem 0xf0804000
ноя 19 15:49:15 ubuntu kernel: usb usb1: New USB device found, idVendor=1d6b, idProduct=0001, bcdDevice= 6.14
ноя 19 15:49:15 ubuntu kernel: usb usb1: New USB device strings: Mfr=3, Product=2, SerialNumber=1
ноя 19 15:49:15 ubuntu kernel: usb usb1: Product: OHCI PCI host controller
ноя 19 15:49:15 ubuntu kernel: usb usb1: Manufacturer: Linux 6.14.0-27-generic ohci_hcd
ноя 19 15:49:15 ubuntu kernel: usb usb1: SerialNumber: 0000:00:06.0
ноя 19 15:49:15 ubuntu kernel: hub 1-0:1.0: USB hub found
ноя 19 15:49:15 ubuntu kernel: hub 1-0:1.0: 12 ports detected
ноя 19 15:49:15 ubuntu kernel: ehci-pci 0000:00:0b.0: EHCI Host Controller
ноя 19 15:49:15 ubuntu kernel: ehci-pci 0000:00:0b.0: new USB bus registered, assigned bus number 2
ноя 19 15:49:15 ubuntu kernel: ehci-pci 0000:00:0b.0: irq 19, io mem 0xf0805000
ноя 19 15:49:15 ubuntu kernel: Freeing initrd memory: 80260K
ноя 19 15:49:15 ubuntu kernel: i8042: PNP: PS/2 Controller [PNP0303:PS2K,PNP0f03:PS2M] at 0x60,0x64 irq 1,12
ноя 19 15:49:15 ubuntu kernel: ehci-pci 0000:00:0b.0: USB 2.0 started, EHCI 1.00
ноя 19 15:49:15 ubuntu kernel: usb usb2: New USB device found, idVendor=1d6b, idProduct=0002, bcdDevice= 6.14
ноя 19 15:49:15 ubuntu kernel: usb usb2: New USB device strings: Mfr=3, Product=2, SerialNumber=1
ноя 19 15:49:15 ubuntu kernel: usb usb2: Product: EHCI Host Controller
ноя 19 15:49:15 ubuntu kernel: usb usb2: Manufacturer: Linux 6.14.0-27-generic ehci_hcd
ноя 19 15:49:15 ubuntu kernel: usb usb2: SerialNumber: 0000:00:0b.0
ноя 19 15:49:15 ubuntu kernel: hub 2-0:1.0: USB hub found
ноя 19 15:49:15 ubuntu kernel: hub 2-0:1.0: 12 ports detected
ноя 19 15:49:15 ubuntu kernel: serio: i8042 KBD port at 0x60,0x64 irq 1
ноя 19 15:49:15 ubuntu kernel: serio: i8042 AUX port at 0x60,0x64 irq 12
ноя 19 15:49:15 ubuntu kernel: mousedev: PS/2 mouse device common for all mice
ноя 19 15:49:15 ubuntu kernel: input: AT Translated Set 2 keyboard as /devices/platform/i8042/serio0/input/input2
ноя 19 15:49:15 ubuntu kernel: rtc_cmos rtc_cmos: registered as rtc0
ноя 19 15:49:15 ubuntu kernel: rtc_cmos rtc_cmos: setting system clock to 2025-11-19T12:49:08 UTC (1763556548)
ноя 19 15:49:15 ubuntu kernel: rtc_cmos rtc_cmos: alarms up to one day, 114 bytes nvram
ноя 19 15:49:15 ubuntu kernel: i2c_dev: i2c /dev entries driver
ноя 19 15:49:15 ubuntu kernel: device-mapper: core: CONFIG_IMA_DISABLE_HTABLE is disabled. Duplicate IMA measurements will not be recorded in the IMA log.
ноя 19 15:49:15 ubuntu kernel: device-mapper: uevent: version 1.0.3
ноя 19 15:49:15 ubuntu kernel: device-mapper: ioctl: 4.49.0-ioctl (2025-01-17) initialised: dm-devel@lists.linux.dev
ноя 19 15:49:15 ubuntu kernel: intel_pstate: CPU model not supported
ноя 19 15:49:15 ubuntu kernel: drop_monitor: Initializing network drop monitor service
ноя 19 15:49:15 ubuntu kernel: NET: Registered PF_INET6 protocol family
ноя 19 15:49:15 ubuntu kernel: Segment Routing with IPv6
ноя 19 15:49:15 ubuntu kernel: In-situ OAM (IOAM) with IPv6
ноя 19 15:49:15 ubuntu kernel: NET: Registered PF_PACKET protocol family
ноя 19 15:49:15 ubuntu kernel: Key type dns_resolver registered
ноя 19 15:49:15 ubuntu kernel: IPI shorthand broadcast: enabled
ноя 19 15:49:15 ubuntu kernel: sched_clock: Marking stable (809621709, 37278626)->(926084341, -79184006)
ноя 19 15:49:15 ubuntu kernel: registered taskstats version 1
ноя 19 15:49:15 ubuntu kernel: Loading compiled-in X.509 certificates
ноя 19 15:49:15 ubuntu kernel: Loaded X.509 cert 'Build time autogenerated kernel key: b72185e7da5a2807c98fd54db84f90ec0625b589'
ноя 19 15:49:15 ubuntu kernel: Loaded X.509 cert 'Canonical Ltd. Live Patch Signing 2025 Kmod: d541cef61dc7e793b7eb7e899970a2eef0b5dc8c'
ноя 19 15:49:15 ubuntu kernel: Loaded X.509 cert 'Canonical Ltd. Live Patch Signing: 14df34d1a87cf37625abec039ef2bf521249b969'
ноя 19 15:49:15 ubuntu kernel: Loaded X.509 cert 'Canonical Ltd. Kernel Module Signing: 88f752e560a1e0737e31163a466ad7b70a850c19'
ноя 19 15:49:15 ubuntu kernel: blacklist: Loading compiled-in revocation X.509 certificates
ноя 19 15:49:15 ubuntu kernel: Loaded X.509 cert 'Canonical Ltd. Secure Boot Signing: 61482aa2830d0ab2ad5af10b7250da9033ddcef0'
ноя 19 15:49:15 ubuntu kernel: Loaded X.509 cert 'Canonical Ltd. Secure Boot Signing (2017): 242ade75ac4a15e50d50c84b0d45ff3eae707a03'
ноя 19 15:49:15 ubuntu kernel: Loaded X.509 cert 'Canonical Ltd. Secure Boot Signing (ESM 2018): 365188c1d374d6b07c3c8f240f8ef722433d6a8b'
ноя 19 15:49:15 ubuntu kernel: Loaded X.509 cert 'Canonical Ltd. Secure Boot Signing (2019): c0746fd6c5da3ae827864651ad66ae47fe24b3e8'
ноя 19 15:49:15 ubuntu kernel: Loaded X.509 cert 'Canonical Ltd. Secure Boot Signing (2021 v1): a8d54bbb3825cfb94fa13c9f8a594a195c107b8d'
ноя 19 15:49:15 ubuntu kernel: Loaded X.509 cert 'Canonical Ltd. Secure Boot Signing (2021 v2): 4cf046892d6fd3c9a5b03f98d845f90851dc6a8c'
ноя 19 15:49:15 ubuntu kernel: Loaded X.509 cert 'Canonical Ltd. Secure Boot Signing (2021 v3): 100437bb6de6e469b581e61cd66bce3ef4ed53af'
ноя 19 15:49:15 ubuntu kernel: Loaded X.509 cert 'Canonical Ltd. Secure Boot Signing (Ubuntu Core 2019): c1d57b8f6b743f23ee41f4f7ee292f06eecadfb9'
ноя 19 15:49:15 ubuntu kernel: Demotion targets for Node 0: null
ноя 19 15:49:15 ubuntu kernel: Key type .fscrypt registered
ноя 19 15:49:15 ubuntu kernel: Key type fscrypt-provisioning registered
ноя 19 15:49:15 ubuntu kernel: cryptd: max_cpu_qlen set to 1000
ноя 19 15:49:15 ubuntu kernel: ata2.00: ATAPI: VBOX CD-ROM, 1.0, max UDMA/133
ноя 19 15:49:15 ubuntu kernel: scsi 1:0:0:0: CD-ROM            VBOX     CD-ROM           1.0  PQ: 0 ANSI: 5
ноя 19 15:49:15 ubuntu kernel: sr 1:0:0:0: [sr0] scsi3-mmc drive: 32x/32x xa/form2 tray
ноя 19 15:49:15 ubuntu kernel: cdrom: Uniform CD-ROM driver Revision: 3.20
ноя 19 15:49:15 ubuntu kernel: sr 1:0:0:0: Attached scsi CD-ROM sr0
ноя 19 15:49:15 ubuntu kernel: sr 1:0:0:0: Attached scsi generic sg0 type 5
ноя 19 15:49:15 ubuntu kernel: Key type encrypted registered
ноя 19 15:49:15 ubuntu kernel: AppArmor: AppArmor sha256 policy hashing enabled
ноя 19 15:49:15 ubuntu kernel: ima: No TPM chip found, activating TPM-bypass!
ноя 19 15:49:15 ubuntu kernel: Loading compiled-in module X.509 certificates
ноя 19 15:49:15 ubuntu kernel: Loaded X.509 cert 'Build time autogenerated kernel key: b72185e7da5a2807c98fd54db84f90ec0625b589'
ноя 19 15:49:15 ubuntu kernel: ima: Allocated hash algorithm: sha256
ноя 19 15:49:15 ubuntu kernel: ima: No architecture policies found
ноя 19 15:49:15 ubuntu kernel: evm: Initialising EVM extended attributes:
ноя 19 15:49:15 ubuntu kernel: evm: security.selinux
ноя 19 15:49:15 ubuntu kernel: evm: security.SMACK64
ноя 19 15:49:15 ubuntu kernel: evm: security.SMACK64EXEC
ноя 19 15:49:15 ubuntu kernel: evm: security.SMACK64TRANSMUTE
ноя 19 15:49:15 ubuntu kernel: evm: security.SMACK64MMAP
ноя 19 15:49:15 ubuntu kernel: evm: security.apparmor
ноя 19 15:49:15 ubuntu kernel: evm: security.ima
ноя 19 15:49:15 ubuntu kernel: evm: security.capability
ноя 19 15:49:15 ubuntu kernel: evm: HMAC attrs: 0x1
ноя 19 15:49:15 ubuntu kernel: PM:   Magic number: 1:519:835
ноя 19 15:49:15 ubuntu kernel: RAS: Correctable Errors collector initialized.
ноя 19 15:49:15 ubuntu kernel: clk: Disabling unused clocks
ноя 19 15:49:15 ubuntu kernel: PM: genpd: Disabling unused power domains
ноя 19 15:49:15 ubuntu kernel: Freeing unused decrypted memory: 2028K
ноя 19 15:49:15 ubuntu kernel: Freeing unused kernel image (initmem) memory: 5132K
ноя 19 15:49:15 ubuntu kernel: Write protecting the kernel read-only data: 38912k
ноя 19 15:49:15 ubuntu kernel: Freeing unused kernel image (text/rodata gap) memory: 1084K
ноя 19 15:49:15 ubuntu kernel: Freeing unused kernel image (rodata/data gap) memory: 1336K
ноя 19 15:49:15 ubuntu kernel: x86/mm: Checked W+X mappings: passed, no W+X pages found.
ноя 19 15:49:15 ubuntu kernel: Run /init as init process
ноя 19 15:49:15 ubuntu kernel:   with arguments:
ноя 19 15:49:15 ubuntu kernel:     /init
ноя 19 15:49:15 ubuntu kernel:     splash
ноя 19 15:49:15 ubuntu kernel:     noprompt
ноя 19 15:49:15 ubuntu kernel:     noshell
ноя 19 15:49:15 ubuntu kernel:     automatic-ubiquity
ноя 19 15:49:15 ubuntu kernel:   with environment:
ноя 19 15:49:15 ubuntu kernel:     HOME=/
ноя 19 15:49:15 ubuntu kernel:     TERM=linux
ноя 19 15:49:15 ubuntu kernel:     BOOT_IMAGE=/casper/vmlinuz
ноя 19 15:49:15 ubuntu kernel:     auto=true
ноя 19 15:49:15 ubuntu kernel:     preseed/file=/cdrom/preseed.cfg
ноя 19 15:49:15 ubuntu kernel:     priority=critical
ноя 19 15:49:15 ubuntu kernel:     debian-installer/locale=en_US
ноя 19 15:49:15 ubuntu kernel:     keyboard-configuration/layoutcode=us
ноя 19 15:49:15 ubuntu kernel:     languagechooser/language-name=English
ноя 19 15:49:15 ubuntu kernel:     localechooser/supported-locales=en_US.UTF-8
ноя 19 15:49:15 ubuntu kernel:     countrychooser/shortlist=US
ноя 19 15:49:15 ubuntu kernel: usb 1-1: new full-speed USB device number 2 using ohci-pci
ноя 19 15:49:15 ubuntu kernel: e1000: Intel(R) PRO/1000 Network Driver
ноя 19 15:49:15 ubuntu kernel: e1000: Copyright (c) 1999-2006 Intel Corporation.
ноя 19 15:49:15 ubuntu kernel: ACPI: video: Video Device [GFX0] (multi-head: yes  rom: no  post: no)
ноя 19 15:49:15 ubuntu kernel: ahci 0000:00:0d.0: version 3.0
ноя 19 15:49:15 ubuntu kernel: input: Video Bus as /devices/LNXSYSTM:00/LNXSYBUS:00/PNP0A03:00/LNXVIDEO:00/input/input5
ноя 19 15:49:15 ubuntu kernel: ahci 0000:00:0d.0: SSS flag set, parallel bus scan disabled
ноя 19 15:49:15 ubuntu kernel: ahci 0000:00:0d.0: AHCI vers 0001.0100, 32 command slots, 3 Gbps, SATA mode
ноя 19 15:49:15 ubuntu kernel: ahci 0000:00:0d.0: 1/1 ports implemented (port mask 0x1)
ноя 19 15:49:15 ubuntu kernel: ahci 0000:00:0d.0: flags: 64bit ncq stag only ccc 
ноя 19 15:49:15 ubuntu kernel: input: ImExPS/2 Generic Explorer Mouse as /devices/platform/i8042/serio1/input/input4
ноя 19 15:49:15 ubuntu kernel: scsi host2: ahci
ноя 19 15:49:15 ubuntu kernel: ata3: SATA max UDMA/133 abar m8192@0xf0806000 port 0xf0806100 irq 21 lpm-pol 0
ноя 19 15:49:15 ubuntu kernel: usb 1-1: New USB device found, idVendor=80ee, idProduct=0021, bcdDevice= 1.00
ноя 19 15:49:15 ubuntu kernel: usb 1-1: New USB device strings: Mfr=1, Product=3, SerialNumber=0
ноя 19 15:49:15 ubuntu kernel: usb 1-1: Product: USB Tablet
ноя 19 15:49:15 ubuntu kernel: usb 1-1: Manufacturer: VirtualBox
ноя 19 15:49:15 ubuntu kernel: hid: raw HID events driver (C) Jiri Kosina
ноя 19 15:49:15 ubuntu kernel: ata3: SATA link up 3.0 Gbps (SStatus 123 SControl 300)
ноя 19 15:49:15 ubuntu kernel: ata3.00: ATA-6: VBOX HARDDISK, 1.0, max UDMA/133
ноя 19 15:49:15 ubuntu kernel: ata3.00: 68917120 sectors, multi 128: LBA48 NCQ (depth 32)
ноя 19 15:49:15 ubuntu kernel: ata3.00: configured for UDMA/133
ноя 19 15:49:15 ubuntu kernel: scsi 2:0:0:0: Direct-Access     ATA      VBOX HARDDISK    1.0  PQ: 0 ANSI: 5
ноя 19 15:49:15 ubuntu kernel: sd 2:0:0:0: [sda] 68917120 512-byte logical blocks: (35.3 GB/32.9 GiB)
ноя 19 15:49:15 ubuntu kernel: sd 2:0:0:0: [sda] Write Protect is off
ноя 19 15:49:15 ubuntu kernel: sd 2:0:0:0: [sda] Mode Sense: 00 3a 00 00
ноя 19 15:49:15 ubuntu kernel: sd 2:0:0:0: [sda] Write cache: enabled, read cache: enabled, doesn't support DPO or FUA
ноя 19 15:49:15 ubuntu kernel: sd 2:0:0:0: [sda] Preferred minimum I/O size 512 bytes
ноя 19 15:49:15 ubuntu kernel: sd 2:0:0:0: Attached scsi generic sg1 type 0
ноя 19 15:49:15 ubuntu kernel: sd 2:0:0:0: [sda] Attached SCSI disk
ноя 19 15:49:15 ubuntu kernel: usbcore: registered new interface driver usbhid
ноя 19 15:49:15 ubuntu kernel: usbhid: USB HID core driver
ноя 19 15:49:15 ubuntu kernel: input: VirtualBox USB Tablet as /devices/pci0000:00/0000:00:06.0/usb1/1-1/1-1:1.0/0003:80EE:0021.0001/input/input6
ноя 19 15:49:15 ubuntu kernel: hid-generic 0003:80EE:0021.0001: input,hidraw0: USB HID v1.10 Mouse [VirtualBox USB Tablet] on usb-0000:00:06.0-1/input0
ноя 19 15:49:15 ubuntu kernel: e1000 0000:00:03.0 eth0: (PCI:33MHz:32-bit) 08:00:27:67:98:5e
ноя 19 15:49:15 ubuntu kernel: e1000 0000:00:03.0 eth0: Intel(R) PRO/1000 Network Connection
ноя 19 15:49:15 ubuntu kernel: e1000 0000:00:03.0 enp0s3: renamed from eth0
ноя 19 15:49:15 ubuntu kernel: raid6: sse2x4   gen() 26664 MB/s
ноя 19 15:49:15 ubuntu kernel: raid6: sse2x2   gen() 28699 MB/s
ноя 19 15:49:15 ubuntu kernel: raid6: sse2x1   gen() 21421 MB/s
ноя 19 15:49:15 ubuntu kernel: raid6: using algorithm sse2x2 gen() 28699 MB/s
ноя 19 15:49:15 ubuntu kernel: raid6: .... xor() 17390 MB/s, rmw enabled
ноя 19 15:49:15 ubuntu kernel: raid6: using ssse3x2 recovery algorithm
ноя 19 15:49:15 ubuntu kernel: xor: measuring software checksum speed
ноя 19 15:49:15 ubuntu kernel:    prefetch64-sse  : 40230 MB/sec
ноя 19 15:49:15 ubuntu kernel:    generic_sse     : 33248 MB/sec
ноя 19 15:49:15 ubuntu kernel: xor: using function: prefetch64-sse (40230 MB/sec)
ноя 19 15:49:15 ubuntu kernel: async_tx: api initialized (async)
ноя 19 15:49:15 ubuntu kernel: ISO 9660 Extensions: Microsoft Joliet Level 3
ноя 19 15:49:15 ubuntu kernel: ISO 9660 Extensions: RRIP_1991A
ноя 19 15:49:15 ubuntu kernel: loop0: detected capacity change from 0 to 3471744
ноя 19 15:49:15 ubuntu kernel: loop1: detected capacity change from 0 to 1071616
ноя 19 15:49:15 ubuntu kernel: loop2: detected capacity change from 0 to 1896256
ноя 19 15:49:15 ubuntu kernel: overlayfs: null uuid detected in lower fs '/', falling back to xino=off,index=off,nfs_export=off.
ноя 19 15:49:15 ubuntu kernel: evm: overlay not supported
ноя 19 15:49:15 ubuntu systemd[1]: Inserted module 'autofs4'
ноя 19 15:49:15 ubuntu systemd[1]: systemd 255.4-1ubuntu8.10 running in system mode (+PAM +AUDIT +SELINUX +APPARMOR +IMA +SMACK +SECCOMP +GCRYPT -GNUTLS +OPENSSL +ACL +BLKID +CURL +ELFUTILS +FIDO2 +IDN2 -IDN +IPTC +KMOD +LIBCRYPTSETUP +LIBFDISK +PCRE2 -PWQUALITY +P11KIT +QRENCODE +TPM2 +BZIP2 +LZ4 +XZ +ZLIB +ZSTD -BPF_FRAMEWORK -XKBCOMMON +UTMP +SYSVINIT default-hierarchy=unified)
ноя 19 15:49:15 ubuntu systemd[1]: Detected virtualization oracle.
ноя 19 15:49:15 ubuntu systemd[1]: Detected architecture x86-64.
ноя 19 15:49:15 ubuntu systemd[1]: Invalid DMI field header.
ноя 19 15:49:15 ubuntu systemd[1]: Hostname set to <ubuntu>.
ноя 19 15:49:15 ubuntu systemd[1]: Initializing machine ID from random generator.
ноя 19 15:49:15 ubuntu systemd[1]: Queued start job for default target graphical.target.
ноя 19 15:49:15 ubuntu systemd[1]: Created slice system-modprobe.slice - Slice /system/modprobe.
ноя 19 15:49:15 ubuntu systemd[1]: Created slice user.slice - User and Session Slice.
ноя 19 15:49:15 ubuntu systemd[1]: Started systemd-ask-password-wall.path - Forward Password Requests to Wall Directory Watch.
ноя 19 15:49:15 ubuntu systemd[1]: Set up automount proc-sys-fs-binfmt_misc.automount - Arbitrary Executable File Formats File System Automount Point.
ноя 19 15:49:15 ubuntu systemd[1]: Reached target integritysetup.target - Local Integrity Protected Volumes.
ноя 19 15:49:15 ubuntu systemd[1]: Reached target remote-fs.target - Remote File Systems.
ноя 19 15:49:15 ubuntu systemd[1]: Reached target slices.target - Slice Units.
ноя 19 15:49:15 ubuntu systemd[1]: Reached target swap.target - Swaps.
ноя 19 15:49:15 ubuntu systemd[1]: Reached target veritysetup.target - Local Verity Protected Volumes.
ноя 19 15:49:15 ubuntu systemd[1]: Listening on dm-event.socket - Device-mapper event daemon FIFOs.
ноя 19 15:49:15 ubuntu systemd[1]: Listening on lvm2-lvmpolld.socket - LVM2 poll daemon socket.
ноя 19 15:49:15 ubuntu systemd[1]: Listening on syslog.socket - Syslog Socket.
ноя 19 15:49:15 ubuntu systemd[1]: Listening on systemd-initctl.socket - initctl Compatibility Named Pipe.
ноя 19 15:49:15 ubuntu systemd[1]: Listening on systemd-journald-dev-log.socket - Journal Socket (/dev/log).
ноя 19 15:49:15 ubuntu systemd[1]: Listening on systemd-journald.socket - Journal Socket.
ноя 19 15:49:15 ubuntu systemd[1]: Listening on systemd-oomd.socket - Userspace Out-Of-Memory (OOM) Killer Socket.
ноя 19 15:49:15 ubuntu systemd[1]: systemd-pcrextend.socket - TPM2 PCR Extension (Varlink) was skipped because of an unmet condition check (ConditionSecurity=measured-uki).
ноя 19 15:49:15 ubuntu systemd[1]: Listening on systemd-udevd-control.socket - udev Control Socket.
ноя 19 15:49:15 ubuntu systemd[1]: Listening on systemd-udevd-kernel.socket - udev Kernel Socket.
ноя 19 15:49:15 ubuntu systemd[1]: Mounting dev-hugepages.mount - Huge Pages File System...
ноя 19 15:49:15 ubuntu systemd[1]: Mounting dev-mqueue.mount - POSIX Message Queue File System...
ноя 19 15:49:15 ubuntu systemd[1]: Mounting sys-kernel-debug.mount - Kernel Debug File System...
ноя 19 15:49:15 ubuntu systemd[1]: Mounting sys-kernel-tracing.mount - Kernel Trace File System...
ноя 19 15:49:15 ubuntu systemd[1]: Starting systemd-journald.service - Journal Service...
ноя 19 15:49:15 ubuntu systemd[1]: Finished blk-availability.service - Availability of block devices.
ноя 19 15:49:15 ubuntu systemd[1]: Starting keyboard-setup.service - Set the console keyboard layout...
ноя 19 15:49:15 ubuntu systemd[1]: Starting kmod-static-nodes.service - Create List of Static Device Nodes...
ноя 19 15:49:15 ubuntu systemd[1]: Starting lvm2-monitor.service - Monitoring of LVM2 mirrors, snapshots etc. using dmeventd or progress polling...
ноя 19 15:49:15 ubuntu systemd[1]: Starting modprobe@configfs.service - Load Kernel Module configfs...
ноя 19 15:49:15 ubuntu systemd[1]: Starting modprobe@dm_mod.service - Load Kernel Module dm_mod...
ноя 19 15:49:15 ubuntu systemd[1]: Starting modprobe@drm.service - Load Kernel Module drm...
ноя 19 15:49:15 ubuntu systemd[1]: Starting modprobe@efi_pstore.service - Load Kernel Module efi_pstore...
ноя 19 15:49:15 ubuntu systemd-journald[889]: Collecting audit messages is disabled.
ноя 19 15:49:15 ubuntu systemd[1]: Starting modprobe@fuse.service - Load Kernel Module fuse...
ноя 19 15:49:15 ubuntu systemd[1]: Starting modprobe@loop.service - Load Kernel Module loop...
ноя 19 15:49:15 ubuntu systemd-journald[889]: Journal started
ноя 19 15:49:15 ubuntu systemd-journald[889]: Runtime Journal (/run/log/journal/2063c01f4177464c98009f8e51944ab0) is 4.9M, max 39.6M, 34.6M free.
ноя 19 15:49:15 ubuntu systemd[1]: Starting systemd-modules-load.service - Load Kernel Modules...
ноя 19 15:49:15 ubuntu systemd[1]: systemd-pcrmachine.service - TPM2 PCR Machine ID Measurement was skipped because of an unmet condition check (ConditionSecurity=measured-uki).
ноя 19 15:49:15 ubuntu systemd[1]: Starting systemd-remount-fs.service - Remount Root and Kernel File Systems...
ноя 19 15:49:15 ubuntu systemd[1]: systemd-tpm2-setup-early.service - TPM2 SRK Setup (Early) was skipped because of an unmet condition check (ConditionSecurity=measured-uki).
ноя 19 15:49:15 ubuntu systemd[1]: Starting systemd-udev-trigger.service - Coldplug All udev Devices...
ноя 19 15:49:15 ubuntu systemd[1]: Started systemd-journald.service - Journal Service.
ноя 19 15:49:15 ubuntu systemd[1]: Mounted dev-hugepages.mount - Huge Pages File System.
ноя 19 15:49:15 ubuntu systemd[1]: Mounted dev-mqueue.mount - POSIX Message Queue File System.
ноя 19 15:49:15 ubuntu systemd[1]: Mounted sys-kernel-debug.mount - Kernel Debug File System.
ноя 19 15:49:15 ubuntu systemd[1]: Mounted sys-kernel-tracing.mount - Kernel Trace File System.
ноя 19 15:49:15 ubuntu systemd[1]: Finished kmod-static-nodes.service - Create List of Static Device Nodes.
ноя 19 15:49:15 ubuntu systemd[1]: modprobe@configfs.service: Deactivated successfully.
ноя 19 15:49:15 ubuntu systemd[1]: Finished modprobe@configfs.service - Load Kernel Module configfs.
ноя 19 15:49:15 ubuntu systemd[1]: modprobe@dm_mod.service: Deactivated successfully.
ноя 19 15:49:15 ubuntu systemd[1]: Finished modprobe@dm_mod.service - Load Kernel Module dm_mod.
ноя 19 15:49:15 ubuntu systemd[1]: modprobe@drm.service: Deactivated successfully.
ноя 19 15:49:15 ubuntu systemd[1]: Finished modprobe@drm.service - Load Kernel Module drm.
ноя 19 15:49:15 ubuntu systemd[1]: modprobe@efi_pstore.service: Deactivated successfully.
ноя 19 15:49:15 ubuntu systemd[1]: Finished modprobe@efi_pstore.service - Load Kernel Module efi_pstore.
ноя 19 15:49:15 ubuntu systemd[1]: modprobe@fuse.service: Deactivated successfully.
ноя 19 15:49:15 ubuntu systemd[1]: Finished modprobe@fuse.service - Load Kernel Module fuse.
ноя 19 15:49:15 ubuntu systemd[1]: modprobe@loop.service: Deactivated successfully.
ноя 19 15:49:15 ubuntu systemd[1]: Finished modprobe@loop.service - Load Kernel Module loop.
ноя 19 15:49:15 ubuntu systemd[1]: Mounting sys-fs-fuse-connections.mount - FUSE Control File System...
ноя 19 15:49:15 ubuntu systemd[1]: Mounting sys-kernel-config.mount - Kernel Configuration File System...
ноя 19 15:49:15 ubuntu systemd[1]: systemd-repart.service - Repartition Root Disk was skipped because no trigger condition checks were met.
ноя 19 15:49:15 ubuntu systemd[1]: Starting systemd-tmpfiles-setup-dev-early.service - Create Static Device Nodes in /dev gracefully...
ноя 19 15:49:15 ubuntu systemd[1]: Finished keyboard-setup.service - Set the console keyboard layout.
ноя 19 15:49:15 ubuntu systemd[1]: Finished systemd-remount-fs.service - Remount Root and Kernel File Systems.
ноя 19 15:49:15 ubuntu systemd[1]: Mounted sys-fs-fuse-connections.mount - FUSE Control File System.
ноя 19 15:49:15 ubuntu systemd[1]: Mounted sys-kernel-config.mount - Kernel Configuration File System.
ноя 19 15:49:15 ubuntu systemd[1]: Starting cloud-init-local.service - Cloud-init: Local Stage (pre-network)...
ноя 19 15:49:15 ubuntu systemd-modules-load[904]: Inserted module 'lp'
ноя 19 15:49:15 ubuntu kernel: lp: driver loaded but no devices found
ноя 19 15:49:15 ubuntu kernel: ppdev: user-space parallel port driver
ноя 19 15:49:15 ubuntu systemd-modules-load[904]: Inserted module 'ppdev'
ноя 19 15:49:15 ubuntu systemd[1]: systemd-hwdb-update.service - Rebuild Hardware Database was skipped because no trigger condition checks were met.
ноя 19 15:49:15 ubuntu systemd-modules-load[904]: Inserted module 'parport_pc'
ноя 19 15:49:16 ubuntu systemd[1]: Starting systemd-journal-flush.service - Flush Journal to Persistent Storage...
ноя 19 15:49:16 ubuntu systemd[1]: systemd-pstore.service - Platform Persistent Storage Archival was skipped because of an unmet condition check (ConditionDirectoryNotEmpty=/sys/fs/pstore).
ноя 19 15:49:16 ubuntu systemd[1]: Starting systemd-random-seed.service - Load/Save OS Random Seed...
ноя 19 15:49:16 ubuntu systemd[1]: systemd-tpm2-setup.service - TPM2 SRK Setup was skipped because of an unmet condition check (ConditionSecurity=measured-uki).
ноя 19 15:49:16 ubuntu systemd-modules-load[904]: Inserted module 'msr'
ноя 19 15:49:16 ubuntu systemd[1]: Finished systemd-tmpfiles-setup-dev-early.service - Create Static Device Nodes in /dev gracefully.
ноя 19 15:49:16 ubuntu systemd-journald[889]: Time spent on flushing to /var/log/journal/2063c01f4177464c98009f8e51944ab0 is 2.921ms for 593 entries.
ноя 19 15:49:16 ubuntu systemd-journald[889]: System Journal (/var/log/journal/2063c01f4177464c98009f8e51944ab0) is 8.0M, max 198.2M, 190.2M free.
ноя 19 15:49:16 ubuntu systemd-journald[889]: Received client request to flush runtime journal.
ноя 19 15:49:16 ubuntu systemd[1]: Starting systemd-sysusers.service - Create System Users...
ноя 19 15:49:16 ubuntu systemd[1]: Finished systemd-random-seed.service - Load/Save OS Random Seed.
ноя 19 15:49:16 ubuntu systemd[1]: Finished lvm2-monitor.service - Monitoring of LVM2 mirrors, snapshots etc. using dmeventd or progress polling.
ноя 19 15:49:16 ubuntu systemd[1]: Finished systemd-modules-load.service - Load Kernel Modules.
ноя 19 15:49:16 ubuntu systemd[1]: Finished systemd-journal-flush.service - Flush Journal to Persistent Storage.
ноя 19 15:49:16 ubuntu systemd[1]: Starting systemd-sysctl.service - Apply Kernel Variables...
ноя 19 15:49:16 ubuntu systemd[1]: Finished systemd-udev-trigger.service - Coldplug All udev Devices.
ноя 19 15:49:16 ubuntu systemd[1]: Starting systemd-udev-settle.service - Wait for udev To Complete Device Initialization...
ноя 19 15:49:16 ubuntu udevadm[945]: systemd-udev-settle.service is deprecated. Please fix zfs-import-cache.service, zfs-load-module.service not to pull it in.
ноя 19 15:49:16 ubuntu systemd-sysusers[934]: Creating group 'gamemode' with GID 986.
ноя 19 15:49:16 ubuntu systemd[1]: Finished systemd-sysctl.service - Apply Kernel Variables.
ноя 19 15:49:16 ubuntu systemd-sysusers[934]: Creating group 'gnome-initial-setup' with GID 985.
ноя 19 15:49:16 ubuntu systemd[1]: Finished systemd-sysusers.service - Create System Users.
ноя 19 15:49:16 ubuntu systemd[1]: Starting systemd-tmpfiles-setup-dev.service - Create Static Device Nodes in /dev...
ноя 19 15:49:16 ubuntu systemd[1]: Finished systemd-tmpfiles-setup-dev.service - Create Static Device Nodes in /dev.
ноя 19 15:49:16 ubuntu systemd[1]: Reached target local-fs-pre.target - Preparation for Local File Systems.
ноя 19 15:49:16 ubuntu systemd[1]: tmp.mount: Directory /tmp to mount over is not empty, mounting anyway.
ноя 19 15:49:16 ubuntu systemd[1]: Mounting tmp.mount - /tmp...
ноя 19 15:49:16 ubuntu systemd[1]: Starting systemd-udevd.service - Rule-based Manager for Device Events and Files...
ноя 19 15:49:16 ubuntu systemd[1]: Mounted tmp.mount - /tmp.
ноя 19 15:49:16 ubuntu systemd-udevd[954]: Using default interface naming scheme 'v255'.
ноя 19 15:49:16 ubuntu systemd[1]: Started systemd-udevd.service - Rule-based Manager for Device Events and Files.
ноя 19 15:49:16 ubuntu systemd[1]: Starting plymouth-start.service - Show Plymouth Boot Screen...
ноя 19 15:49:16 ubuntu systemd[1]: Started plymouth-start.service - Show Plymouth Boot Screen.
ноя 19 15:49:16 ubuntu systemd[1]: systemd-ask-password-console.path - Dispatch Password Requests to Console Directory Watch was skipped because of an unmet condition check (ConditionPathExists=!/run/plymouth/pid).
ноя 19 15:49:16 ubuntu systemd[1]: Started systemd-ask-password-plymouth.path - Forward Password Requests to Plymouth Directory Watch.
ноя 19 15:49:16 ubuntu systemd[1]: Reached target cryptsetup.target - Local Encrypted Volumes.
ноя 19 15:49:16 ubuntu kernel: vboxguest: host-version: 7.0.14r161095 0x8000000f
ноя 19 15:49:16 ubuntu kernel: vbg_heartbeat_init: Setting up heartbeat to trigger every 2000 milliseconds
ноя 19 15:49:16 ubuntu kernel: input: VirtualBox mouse integration as /devices/pci0000:00/0000:00:04.0/input/input7
ноя 19 15:49:16 ubuntu kernel: piix4_smbus 0000:00:07.0: SMBus Host Controller at 0x4100, revision 0
ноя 19 15:49:16 ubuntu kernel: RAPL PMU: API unit is 2^-32 Joules, 0 fixed counters, 10737418240 ms ovfl timer
ноя 19 15:49:16 ubuntu systemd[1]: Listening on systemd-rfkill.socket - Load/Save RF Kill Switch Status /dev/rfkill Watch.
ноя 19 15:49:16 ubuntu kernel: vmwgfx 0000:00:02.0: vgaarb: deactivate vga console
ноя 19 15:49:16 ubuntu kernel: Console: switching to colour dummy device 80x25
ноя 19 15:49:16 ubuntu kernel: vmwgfx 0000:00:02.0: [drm] FIFO at 0x00000000f0000000 size is 2048 KiB
ноя 19 15:49:16 ubuntu kernel: vmwgfx 0000:00:02.0: [drm] VRAM at 0x00000000e0000000 size is 131072 KiB
ноя 19 15:49:16 ubuntu kernel: vmwgfx 0000:00:02.0: [drm] Running on SVGA version 2.
ноя 19 15:49:16 ubuntu kernel: vmwgfx 0000:00:02.0: [drm] Capabilities: rect copy, cursor, cursor bypass, cursor bypass 2, alpha cursor, extended fifo, pitchlock, irq mask, gmr, traces, gmr2, screen object 2, command buffers, 
ноя 19 15:49:16 ubuntu kernel: vmwgfx 0000:00:02.0: [drm] *ERROR* vmwgfx seems to be running on an unsupported hypervisor.
ноя 19 15:49:16 ubuntu kernel: vmwgfx 0000:00:02.0: [drm] *ERROR* This configuration is likely broken.
ноя 19 15:49:16 ubuntu kernel: vmwgfx 0000:00:02.0: [drm] *ERROR* Please switch to a supported graphics device to avoid problems.
ноя 19 15:49:16 ubuntu kernel: vmwgfx 0000:00:02.0: [drm] DMA map mode: Caching DMA mappings.
ноя 19 15:49:16 ubuntu kernel: vmwgfx 0000:00:02.0: [drm] Legacy memory limits: VRAM = 131072 KiB, FIFO = 2048 KiB, surface = 393216 KiB
ноя 19 15:49:16 ubuntu kernel: vmwgfx 0000:00:02.0: [drm] MOB limits: max mob size = 0 KiB, max mob pages = 0
ноя 19 15:49:16 ubuntu kernel: vmwgfx 0000:00:02.0: [drm] Max GMR ids is 8192
ноя 19 15:49:16 ubuntu kernel: vmwgfx 0000:00:02.0: [drm] Max number of GMR pages is 1048576
ноя 19 15:49:16 ubuntu kernel: vmwgfx 0000:00:02.0: [drm] Maximum display memory size is 131072 KiB
ноя 19 15:49:16 ubuntu kernel: vmwgfx 0000:00:02.0: [drm] Screen Object display unit initialized
ноя 19 15:49:16 ubuntu kernel: vmwgfx 0000:00:02.0: [drm] Fifo max 0x00200000 min 0x00001000 cap 0x00000355
ноя 19 15:49:16 ubuntu kernel: vmwgfx 0000:00:02.0: [drm] Using command buffers with DMA pool.
ноя 19 15:49:16 ubuntu kernel: vmwgfx 0000:00:02.0: [drm] Available shader model: Legacy.
ноя 19 15:49:16 ubuntu kernel: [drm] Initialized vmwgfx 2.20.0 for 0000:00:02.0 on minor 0
ноя 19 15:49:16 ubuntu kernel: fbcon: vmwgfxdrmfb (fb0) is primary device
ноя 19 15:49:16 ubuntu kernel: Console: switching to colour frame buffer device 160x50
ноя 19 15:49:16 ubuntu kernel: vmwgfx 0000:00:02.0: [drm] fb0: vmwgfxdrmfb frame buffer device
ноя 19 15:49:17 ubuntu mtp-probe[1005]: checking bus 1, device 2: "/sys/devices/pci0000:00/0000:00:06.0/usb1/1-1"
ноя 19 15:49:17 ubuntu mtp-probe[1005]: bus: 1, device: 2 was not an MTP device
ноя 19 15:49:17 ubuntu kernel: intel_rapl_msr: PL4 support detected.
ноя 19 15:49:17 ubuntu kernel: snd_intel8x0 0000:00:05.0: allow list rate for 1028:0177 is 48000
ноя 19 15:49:17 ubuntu (udev-worker)[974]: controlC0: Process '/usr/sbin/alsactl -E HOME=/run/alsa -E XDG_RUNTIME_DIR=/run/alsa/runtime restore 0' failed with exit code 99.
ноя 19 15:49:17 ubuntu systemd[1]: Finished systemd-udev-settle.service - Wait for udev To Complete Device Initialization.
ноя 19 15:49:17 ubuntu systemd[1]: systemd-ask-password-console.path - Dispatch Password Requests to Console Directory Watch was skipped because of an unmet condition check (ConditionPathExists=!/run/plymouth/pid).
ноя 19 15:49:17 ubuntu systemd[1]: Starting modprobe@dm_mod.service - Load Kernel Module dm_mod...
ноя 19 15:49:17 ubuntu systemd[1]: Starting modprobe@efi_pstore.service - Load Kernel Module efi_pstore...
ноя 19 15:49:17 ubuntu systemd[1]: Starting modprobe@loop.service - Load Kernel Module loop...
ноя 19 15:49:17 ubuntu systemd[1]: systemd-hwdb-update.service - Rebuild Hardware Database was skipped because no trigger condition checks were met.
ноя 19 15:49:17 ubuntu systemd[1]: systemd-pcrmachine.service - TPM2 PCR Machine ID Measurement was skipped because of an unmet condition check (ConditionSecurity=measured-uki).
ноя 19 15:49:17 ubuntu systemd[1]: systemd-tpm2-setup-early.service - TPM2 SRK Setup (Early) was skipped because of an unmet condition check (ConditionSecurity=measured-uki).
ноя 19 15:49:17 ubuntu systemd[1]: systemd-tpm2-setup.service - TPM2 SRK Setup was skipped because of an unmet condition check (ConditionSecurity=measured-uki).
ноя 19 15:49:17 ubuntu systemd[1]: Starting zfs-load-module.service - Install ZFS kernel module...
ноя 19 15:49:17 ubuntu systemd[1]: modprobe@dm_mod.service: Deactivated successfully.
ноя 19 15:49:17 ubuntu systemd[1]: Finished modprobe@dm_mod.service - Load Kernel Module dm_mod.
ноя 19 15:49:17 ubuntu systemd[1]: modprobe@efi_pstore.service: Deactivated successfully.
ноя 19 15:49:17 ubuntu systemd[1]: Finished modprobe@efi_pstore.service - Load Kernel Module efi_pstore.
ноя 19 15:49:17 ubuntu systemd[1]: systemd-pstore.service - Platform Persistent Storage Archival was skipped because of an unmet condition check (ConditionDirectoryNotEmpty=/sys/fs/pstore).
ноя 19 15:49:17 ubuntu systemd[1]: modprobe@loop.service: Deactivated successfully.
ноя 19 15:49:17 ubuntu systemd[1]: Finished modprobe@loop.service - Load Kernel Module loop.
ноя 19 15:49:17 ubuntu systemd[1]: systemd-repart.service - Repartition Root Disk was skipped because no trigger condition checks were met.
ноя 19 15:49:17 ubuntu kernel: spl: loading out-of-tree module taints kernel.
ноя 19 15:49:17 ubuntu kernel: zfs: module license 'CDDL' taints kernel.
ноя 19 15:49:17 ubuntu kernel: Disabling lock debugging due to kernel taint
ноя 19 15:49:17 ubuntu kernel: zfs: module license taints kernel.
ноя 19 15:49:19 ubuntu kernel: ZFS: Loaded module v2.3.1-1ubuntu1, ZFS pool version 5000, ZFS filesystem version 5
ноя 19 15:49:19 ubuntu kernel: ZFS: Using ZFS with kernel 6.14.0-27-generic is EXPERIMENTAL and SERIOUS DATA LOSS may occur!
ноя 19 15:49:19 ubuntu kernel: ZFS: Please report your results at: https://github.com/openzfs/zfs/issues/new
ноя 19 15:49:19 ubuntu systemd[1]: Finished zfs-load-module.service - Install ZFS kernel module.
ноя 19 15:49:19 ubuntu systemd[1]: zfs-import-cache.service - Import ZFS pools by cache file was skipped because of an unmet condition check (ConditionFileNotEmpty=/etc/zfs/zpool.cache).
ноя 19 15:49:19 ubuntu systemd[1]: Reached target zfs-import.target - ZFS pool import target.
ноя 19 15:49:19 ubuntu systemd[1]: Starting zfs-mount.service - Mount ZFS filesystems...
ноя 19 15:49:19 ubuntu systemd[1]: Starting zfs-volume-wait.service - Wait for ZFS Volume (zvol) links in /dev...
ноя 19 15:49:19 ubuntu systemd[1]: Finished zfs-mount.service - Mount ZFS filesystems.
ноя 19 15:49:19 ubuntu systemd[1]: Reached target snapd.mounts-pre.target - Mounting snaps.
ноя 19 15:49:19 ubuntu zvol_wait[1292]: No zvols found, nothing to do.
ноя 19 15:49:19 ubuntu systemd[1]: Mounting snap-bare-5.mount - Mount unit for bare, revision 5...
ноя 19 15:49:19 ubuntu systemd[1]: Mounting snap-core22-2045.mount - Mount unit for core22, revision 2045...
ноя 19 15:49:19 ubuntu systemd[1]: Mounting snap-firefox-6565.mount - Mount unit for firefox, revision 6565...
ноя 19 15:49:19 ubuntu systemd[1]: Mounting snap-firmware\x2dupdater-167.mount - Mount unit for firmware-updater, revision 167...
ноя 19 15:49:19 ubuntu systemd[1]: Mounting snap-gnome\x2d42\x2d2204-202.mount - Mount unit for gnome-42-2204, revision 202...
ноя 19 15:49:19 ubuntu kernel: loop3: detected capacity change from 0 to 151376
ноя 19 15:49:19 ubuntu systemd[1]: Mounting snap-gtk\x2dcommon\x2dthemes-1535.mount - Mount unit for gtk-common-themes, revision 1535...
ноя 19 15:49:19 ubuntu kernel: loop4: detected capacity change from 0 to 8
ноя 19 15:49:19 ubuntu kernel: loop5: detected capacity change from 0 to 22800
ноя 19 15:49:19 ubuntu kernel: loop6: detected capacity change from 0 to 502024
ноя 19 15:49:19 ubuntu kernel: loop7: detected capacity change from 0 to 187776
ноя 19 15:49:19 ubuntu kernel: loop8: detected capacity change from 0 to 1056784
ноя 19 15:49:19 ubuntu systemd[1]: Mounting snap-snap\x2dstore-1270.mount - Mount unit for snap-store, revision 1270...
ноя 19 15:49:19 ubuntu systemd[1]: Mounting snap-snapd-24792.mount - Mount unit for snapd, revision 24792...
ноя 19 15:49:19 ubuntu systemd[1]: Mounting snap-snapd\x2ddesktop\x2dintegration-315.mount - Mount unit for snapd-desktop-integration, revision 315...
ноя 19 15:49:19 ubuntu systemd[1]: Mounting snap-thunderbird-769.mount - Mount unit for thunderbird, revision 769...
ноя 19 15:49:19 ubuntu kernel: loop10: detected capacity change from 0 to 22176
ноя 19 15:49:19 ubuntu kernel: loop9: detected capacity change from 0 to 100952
ноя 19 15:49:19 ubuntu systemd[1]: Mounting snap-ubuntu\x2ddesktop\x2dbootstrap-413.mount - Mount unit for ubuntu-desktop-bootstrap, revision 413...
ноя 19 15:49:19 ubuntu systemd[1]: Finished zfs-volume-wait.service - Wait for ZFS Volume (zvol) links in /dev.
ноя 19 15:49:19 ubuntu systemd[1]: Mounted snap-bare-5.mount - Mount unit for bare, revision 5.
ноя 19 15:49:19 ubuntu systemd[1]: Mounted snap-core22-2045.mount - Mount unit for core22, revision 2045.
ноя 19 15:49:19 ubuntu systemd[1]: Mounted snap-firefox-6565.mount - Mount unit for firefox, revision 6565.
ноя 19 15:49:19 ubuntu systemd[1]: Mounted snap-firmware\x2dupdater-167.mount - Mount unit for firmware-updater, revision 167.
ноя 19 15:49:19 ubuntu systemd[1]: Mounted snap-gnome\x2d42\x2d2204-202.mount - Mount unit for gnome-42-2204, revision 202.
ноя 19 15:49:19 ubuntu systemd[1]: Mounted snap-gtk\x2dcommon\x2dthemes-1535.mount - Mount unit for gtk-common-themes, revision 1535.
ноя 19 15:49:19 ubuntu kernel: loop11: detected capacity change from 0 to 1152
ноя 19 15:49:19 ubuntu systemd[1]: Reached target zfs-volumes.target - ZFS volumes are ready.
ноя 19 15:49:19 ubuntu kernel: loop13: detected capacity change from 0 to 230520
ноя 19 15:49:19 ubuntu kernel: loop12: detected capacity change from 0 to 430032
ноя 19 15:49:19 ubuntu systemd[1]: Mounted snap-snap\x2dstore-1270.mount - Mount unit for snap-store, revision 1270.
ноя 19 15:49:19 ubuntu systemd[1]: Mounted snap-snapd\x2ddesktop\x2dintegration-315.mount - Mount unit for snapd-desktop-integration, revision 315.
ноя 19 15:49:19 ubuntu systemd[1]: Mounted snap-ubuntu\x2ddesktop\x2dbootstrap-413.mount - Mount unit for ubuntu-desktop-bootstrap, revision 413.
ноя 19 15:49:19 ubuntu systemd[1]: Mounted snap-thunderbird-769.mount - Mount unit for thunderbird, revision 769.
ноя 19 15:49:19 ubuntu systemd[1]: Mounted snap-snapd-24792.mount - Mount unit for snapd, revision 24792.
ноя 19 15:49:19 ubuntu systemd[1]: Reached target snapd.mounts.target - Mounted snaps.
ноя 19 15:49:19 ubuntu systemd[1]: Reached target local-fs.target - Local File Systems.
ноя 19 15:49:19 ubuntu systemd[1]: Listening on systemd-sysext.socket - System Extension Image Management (Varlink).
ноя 19 15:49:19 ubuntu systemd[1]: apparmor.service - Load AppArmor profiles was skipped because of an unmet condition check (ConditionPathExists=!/rofs/etc/apparmor.d).
ноя 19 15:49:19 ubuntu systemd[1]: Starting console-setup.service - Set console font and keymap...
ноя 19 15:49:19 ubuntu systemd[1]: Starting finalrd.service - Create final runtime dir for shutdown pivot root...
ноя 19 15:49:20 ubuntu systemd[1]: Starting ldconfig.service - Rebuild Dynamic Linker Cache...
ноя 19 15:49:20 ubuntu systemd[1]: Starting plymouth-read-write.service - Tell Plymouth To Write Out Runtime Data...
ноя 19 15:49:20 ubuntu systemd[1]: Starting snapd.apparmor.service - Load AppArmor profiles managed internally by snapd...
ноя 19 15:49:20 ubuntu systemd[1]: Starting systemd-binfmt.service - Set Up Additional Binary Formats...
ноя 19 15:49:20 ubuntu systemd[1]: Starting systemd-tmpfiles-setup.service - Create Volatile Files and Directories...
ноя 19 15:49:20 ubuntu systemd[1]: Starting ufw.service - Uncomplicated firewall...
ноя 19 15:49:20 ubuntu systemd[1]: Finished finalrd.service - Create final runtime dir for shutdown pivot root.
ноя 19 15:49:20 ubuntu systemd[1]: Finished plymouth-read-write.service - Tell Plymouth To Write Out Runtime Data.
ноя 19 15:49:20 ubuntu systemd[1]: Received SIGRTMIN+20 from PID 203 (plymouthd).
ноя 19 15:49:20 ubuntu systemd[1]: proc-sys-fs-binfmt_misc.automount: Got automount request for /proc/sys/fs/binfmt_misc, triggered by 1366 (systemd-binfmt)
ноя 19 15:49:20 ubuntu systemd[1]: Finished ufw.service - Uncomplicated firewall.
ноя 19 15:49:20 ubuntu systemd[1]: netplan-ovs-cleanup.service - OpenVSwitch configuration for cleanup was skipped because of an unmet condition check (ConditionFileIsExecutable=/usr/bin/ovs-vsctl).
ноя 19 15:49:20 ubuntu systemd[1]: Reloading requested from client PID 1393 ('systemctl') (unit cloud-init-local.service)...
ноя 19 15:49:20 ubuntu systemd[1]: Reloading...
ноя 19 15:49:20 ubuntu systemd[1]: Reloading finished in 567 ms.
ноя 19 15:49:20 ubuntu systemd[1]: Finished systemd-tmpfiles-setup.service - Create Volatile Files and Directories.
ноя 19 15:49:20 ubuntu systemd[1]: Mounting proc-sys-fs-binfmt_misc.mount - Arbitrary Executable File Formats File System...
ноя 19 15:49:20 ubuntu systemd[1]: systemd-firstboot.service - First Boot Wizard was skipped because of an unmet condition check (ConditionFirstBoot=yes).
ноя 19 15:49:20 ubuntu systemd[1]: first-boot-complete.target - First Boot Complete was skipped because of an unmet condition check (ConditionFirstBoot=yes).
ноя 19 15:49:20 ubuntu systemd[1]: Starting systemd-journal-catalog-update.service - Rebuild Journal Catalog...
ноя 19 15:49:20 ubuntu systemd[1]: systemd-machine-id-commit.service - Commit a transient machine-id on disk was skipped because of an unmet condition check (ConditionPathIsMountPoint=/etc/machine-id).
ноя 19 15:49:20 ubuntu systemd[1]: Starting systemd-oomd.service - Userspace Out-Of-Memory (OOM) Killer...
ноя 19 15:49:20 ubuntu systemd[1]: Starting systemd-resolved.service - Network Name Resolution...
ноя 19 15:49:20 ubuntu systemd[1]: Starting systemd-timesyncd.service - Network Time Synchronization...
ноя 19 15:49:20 ubuntu systemd[1]: Starting systemd-update-utmp.service - Record System Boot/Shutdown in UTMP...
ноя 19 15:49:20 ubuntu systemd[1]: Mounted proc-sys-fs-binfmt_misc.mount - Arbitrary Executable File Formats File System.
ноя 19 15:49:21 ubuntu systemd[1]: Finished systemd-binfmt.service - Set Up Additional Binary Formats.
ноя 19 15:49:21 ubuntu systemd[1]: Finished cloud-init-local.service - Cloud-init: Local Stage (pre-network).
ноя 19 15:49:21 ubuntu systemd[1]: Reached target network-pre.target - Preparation for Network.
ноя 19 15:49:21 ubuntu systemd[1]: Finished systemd-update-utmp.service - Record System Boot/Shutdown in UTMP.
ноя 19 15:49:21 ubuntu systemd[1]: Finished systemd-journal-catalog-update.service - Rebuild Journal Catalog.
ноя 19 15:49:21 ubuntu systemd-oomd[1588]: No swap; memory pressure usage will be degraded
ноя 19 15:49:21 ubuntu systemd[1]: Started systemd-oomd.service - Userspace Out-Of-Memory (OOM) Killer.
ноя 19 15:49:21 ubuntu systemd[1]: Started systemd-timesyncd.service - Network Time Synchronization.
ноя 19 15:49:21 ubuntu systemd[1]: Reached target time-set.target - System Time Set.
ноя 19 15:49:21 ubuntu systemd-resolved[1596]: Positive Trust Anchors:
ноя 19 15:49:21 ubuntu systemd-resolved[1596]: . IN DS 20326 8 2 e06d44b80b8f1d39a95c0b0d7c65d08458e880409bbc683457104237c7f8ec8d
ноя 19 15:49:21 ubuntu systemd-resolved[1596]: Negative trust anchors: home.arpa 10.in-addr.arpa 16.172.in-addr.arpa 17.172.in-addr.arpa 18.172.in-addr.arpa 19.172.in-addr.arpa 20.172.in-addr.arpa 21.172.in-addr.arpa 22.172.in-addr.arpa 23.172.in-addr.arpa 24.172.in-addr.arpa 25.172.in-addr.arpa 26.172.in-addr.arpa 27.172.in-addr.arpa 28.172.in-addr.arpa 29.172.in-addr.arpa 30.172.in-addr.arpa 31.172.in-addr.arpa 170.0.0.192.in-addr.arpa 171.0.0.192.in-addr.arpa 168.192.in-addr.arpa d.f.ip6.arpa ipv4only.arpa corp home internal intranet lan local private test
ноя 19 15:49:21 ubuntu systemd[1]: Finished console-setup.service - Set console font and keymap.
ноя 19 15:49:21 ubuntu systemd-resolved[1596]: Using system hostname 'ubuntu'.
ноя 19 15:49:21 ubuntu systemd[1]: Started systemd-resolved.service - Network Name Resolution.
ноя 19 15:49:21 ubuntu systemd[1]: Reached target nss-lookup.target - Host and Network Name Lookups.
ноя 19 15:49:21 ubuntu snapd-apparmor[1362]: main.go:146: Loading profiles [/var/lib/snapd/apparmor/profiles/snap-confine.snapd.24792 /var/lib/snapd/apparmor/profiles/snap-update-ns.firefox /var/lib/snapd/apparmor/profiles/snap-update-ns.firmware-updater /var/lib/snapd/apparmor/profiles/snap-update-ns.snap-store /var/lib/snapd/apparmor/profiles/snap-update-ns.snapd-desktop-integration /var/lib/snapd/apparmor/profiles/snap-update-ns.thunderbird /var/lib/snapd/apparmor/profiles/snap-update-ns.ubuntu-desktop-bootstrap /var/lib/snapd/apparmor/profiles/snap.firefox.firefox /var/lib/snapd/apparmor/profiles/snap.firefox.geckodriver /var/lib/snapd/apparmor/profiles/snap.firefox.hook.configure /var/lib/snapd/apparmor/profiles/snap.firefox.hook.disconnect-plug-host-hunspell /var/lib/snapd/apparmor/profiles/snap.firefox.hook.install /var/lib/snapd/apparmor/profiles/snap.firefox.hook.post-refresh /var/lib/snapd/apparmor/profiles/snap.firmware-updater.firmware-notifier /var/lib/snapd/apparmor/profiles/snap.firmware-updater.firmware-updater /var/lib/snapd/apparmor/profiles/snap.firmware-updater.firmware-updater-app /var/lib/snapd/apparmor/profiles/snap.firmware-updater.hook.configure /var/lib/snapd/apparmor/profiles/snap.snap-store.hook.configure /var/lib/snapd/apparmor/profiles/snap.snap-store.show-updates /var/lib/snapd/apparmor/profiles/snap.snap-store.snap-store /var/lib/snapd/apparmor/profiles/snap.snapd-desktop-integration.hook.configure /var/lib/snapd/apparmor/profiles/snap.snapd-desktop-integration.snapd-desktop-integration /var/lib/snapd/apparmor/profiles/snap.thunderbird.hook.configure /var/lib/snapd/apparmor/profiles/snap.thunderbird.hook.install /var/lib/snapd/apparmor/profiles/snap.thunderbird.hook.post-refresh /var/lib/snapd/apparmor/profiles/snap.thunderbird.thunderbird /var/lib/snapd/apparmor/profiles/snap.ubuntu-desktop-bootstrap.os-prober /var/lib/snapd/apparmor/profiles/snap.ubuntu-desktop-bootstrap.probert /var/lib/snapd/apparmor/profiles/snap.ubuntu-desktop-bootstrap.subiquity-loadkeys /var/lib/snapd/apparmor/profiles/snap.ubuntu-desktop-bootstrap.subiquity-server /var/lib/snapd/apparmor/profiles/snap.ubuntu-desktop-bootstrap.ubuntu-desktop-bootstrap]
ноя 19 15:49:21 ubuntu kernel: audit: type=1400 audit(1763556561.381:2): apparmor="STATUS" operation="profile_load" profile="unconfined" name="/snap/snapd/24792/usr/lib/snapd/snap-confine" pid=1643 comm="apparmor_parser"
ноя 19 15:49:21 ubuntu kernel: audit: type=1400 audit(1763556561.454:3): apparmor="STATUS" operation="profile_load" profile="unconfined" name="/snap/snapd/24792/usr/lib/snapd/snap-confine//mount-namespace-capture-helper" pid=1643 comm="apparmor_parser"
ноя 19 15:49:21 ubuntu kernel: audit: type=1400 audit(1763556561.672:4): apparmor="STATUS" operation="profile_load" profile="unconfined" name="snap-update-ns.firefox" pid=1644 comm="apparmor_parser"
ноя 19 15:49:21 ubuntu kernel: audit: type=1400 audit(1763556561.823:5): apparmor="STATUS" operation="profile_load" profile="unconfined" name="snap-update-ns.firmware-updater" pid=1645 comm="apparmor_parser"
ноя 19 15:49:22 ubuntu kernel: audit: type=1400 audit(1763556562.021:6): apparmor="STATUS" operation="profile_load" profile="unconfined" name="snap-update-ns.snap-store" pid=1646 comm="apparmor_parser"
ноя 19 15:49:22 ubuntu kernel: audit: type=1400 audit(1763556562.489:7): apparmor="STATUS" operation="profile_load" profile="unconfined" name="snap-update-ns.snapd-desktop-integration" pid=1647 comm="apparmor_parser"
ноя 19 15:49:22 ubuntu kernel: audit: type=1400 audit(1763556562.496:8): apparmor="STATUS" operation="profile_load" profile="unconfined" name="snap-update-ns.ubuntu-desktop-bootstrap" pid=1649 comm="apparmor_parser"
ноя 19 15:49:22 ubuntu kernel: audit: type=1400 audit(1763556562.507:9): apparmor="STATUS" operation="profile_load" profile="unconfined" name="snap-update-ns.thunderbird" pid=1648 comm="apparmor_parser"
ноя 19 15:49:23 ubuntu kernel: audit: type=1400 audit(1763556563.339:10): apparmor="STATUS" operation="profile_load" profile="unconfined" name="snap.firefox.firefox" pid=1650 comm="apparmor_parser"
ноя 19 15:49:23 ubuntu kernel: audit: type=1400 audit(1763556563.377:11): apparmor="STATUS" operation="profile_load" profile="unconfined" name="snap.firefox.geckodriver" pid=1651 comm="apparmor_parser"
ноя 19 15:49:25 ubuntu systemd[1]: Finished snapd.apparmor.service - Load AppArmor profiles managed internally by snapd.
ноя 19 15:49:26 ubuntu systemd[1]: Finished ldconfig.service - Rebuild Dynamic Linker Cache.
ноя 19 15:49:26 ubuntu systemd[1]: Starting systemd-update-done.service - Update is Completed...
ноя 19 15:49:26 ubuntu systemd[1]: Finished systemd-update-done.service - Update is Completed.
ноя 19 15:49:26 ubuntu systemd[1]: Reached target sysinit.target - System Initialization.
ноя 19 15:49:26 ubuntu systemd[1]: apport-autoreport.path - Process error reports when automatic reporting is enabled (file watch) was skipped because of an unmet condition check (ConditionPathExists=/var/lib/apport/autoreport).
ноя 19 15:49:26 ubuntu systemd[1]: Started cups.path - CUPS Scheduler.
ноя 19 15:49:26 ubuntu systemd[1]: tpm-udev.path - Handle dynamically added tpm devices was skipped because of an unmet condition check (ConditionVirtualization=container).
ноя 19 15:49:26 ubuntu systemd[1]: Started whoopsie.path - Start whoopsie on modification of the /var/crash directory.
ноя 19 15:49:26 ubuntu systemd[1]: Started anacron.timer - Trigger anacron every hour.
ноя 19 15:49:26 ubuntu systemd[1]: apport-autoreport.timer - Process error reports when automatic reporting is enabled (timer based) was skipped because of an unmet condition check (ConditionPathExists=/var/lib/apport/autoreport).
ноя 19 15:49:26 ubuntu systemd[1]: Started apt-daily.timer - Daily apt download activities.
ноя 19 15:49:26 ubuntu systemd[1]: Started apt-daily-upgrade.timer - Daily apt upgrade and clean activities.
ноя 19 15:49:26 ubuntu systemd[1]: Started dpkg-db-backup.timer - Daily dpkg database backup timer.
ноя 19 15:49:26 ubuntu systemd[1]: Started e2scrub_all.timer - Periodic ext4 Online Metadata Check for All Filesystems.
ноя 19 15:49:26 ubuntu systemd[1]: Started fstrim.timer - Discard unused filesystem blocks once a week.
ноя 19 15:49:26 ubuntu systemd[1]: Started fwupd-refresh.timer - Refresh fwupd metadata regularly.
ноя 19 15:49:26 ubuntu systemd[1]: Started logrotate.timer - Daily rotation of log files.
ноя 19 15:49:26 ubuntu systemd[1]: Started man-db.timer - Daily man-db regeneration.
ноя 19 15:49:26 ubuntu systemd[1]: Started motd-news.timer - Message of the Day.
ноя 19 15:49:26 ubuntu systemd[1]: snapd.snap-repair.timer - Timer to automatically fetch and run repair assertions was skipped because no trigger condition checks were met.
ноя 19 15:49:26 ubuntu systemd[1]: Started sysstat-collect.timer - Run system activity accounting tool every 10 minutes.
ноя 19 15:49:26 ubuntu systemd[1]: Started sysstat-summary.timer - Generate summary of yesterday's process accounting.
ноя 19 15:49:26 ubuntu systemd[1]: Started systemd-tmpfiles-clean.timer - Daily Cleanup of Temporary Directories.
ноя 19 15:49:26 ubuntu systemd[1]: ua-timer.timer - Ubuntu Pro Timer for running repeated jobs was skipped because of an unmet condition check (ConditionPathExists=/var/lib/ubuntu-advantage/private/machine-token.json).
ноя 19 15:49:26 ubuntu systemd[1]: Reached target paths.target - Path Units.
ноя 19 15:49:26 ubuntu systemd[1]: apport-forward.socket - Unix socket for apport crash forwarding was skipped because of an unmet condition check (ConditionVirtualization=container).
ноя 19 15:49:26 ubuntu systemd[1]: Listening on avahi-daemon.socket - Avahi mDNS/DNS-SD Stack Activation Socket.
ноя 19 15:49:26 ubuntu systemd[1]: Listening on cups.socket - CUPS Scheduler.
ноя 19 15:49:26 ubuntu systemd[1]: Listening on dbus.socket - D-Bus System Message Bus Socket.
ноя 19 15:49:26 ubuntu systemd[1]: Starting snapd.socket - Socket activation for snappy daemon...
ноя 19 15:49:26 ubuntu systemd[1]: Listening on uuidd.socket - UUID daemon activation socket.
ноя 19 15:49:26 ubuntu systemd[1]: systemd-pcrphase-sysinit.service - TPM2 PCR Barrier (Initialization) was skipped because of an unmet condition check (ConditionSecurity=measured-uki).
ноя 19 15:49:26 ubuntu systemd[1]: Listening on snapd.socket - Socket activation for snappy daemon.
ноя 19 15:49:26 ubuntu systemd[1]: Reached target sockets.target - Socket Units.
ноя 19 15:49:26 ubuntu systemd[1]: Reached target basic.target - Basic System.
ноя 19 15:49:26 ubuntu systemd[1]: Started anacron.service - Run anacron jobs.
ноя 19 15:49:26 ubuntu systemd[1]: Starting apport.service - automatic crash report generation...
ноя 19 15:49:26 ubuntu systemd[1]: Starting avahi-daemon.service - Avahi mDNS/DNS-SD Stack...
ноя 19 15:49:26 ubuntu systemd[1]: Starting dbus.service - D-Bus System Message Bus...
ноя 19 15:49:26 ubuntu systemd[1]: Started dmesg.service - Save initial kernel messages after boot.
ноя 19 15:49:26 ubuntu systemd[1]: Starting e2scrub_reap.service - Remove Stale Online ext4 Metadata Check Snapshots...
ноя 19 15:49:26 ubuntu systemd[1]: getty-static.service - getty on tty2-tty6 if dbus and logind are not available was skipped because of an unmet condition check (ConditionPathExists=!/usr/bin/dbus-daemon).
ноя 19 15:49:26 ubuntu systemd[1]: Reached target getty.target - Login Prompts.
ноя 19 15:49:26 ubuntu systemd[1]: Starting gnome-remote-desktop.service - GNOME Remote Desktop...
ноя 19 15:49:26 ubuntu avahi-daemon[1681]: Found user 'avahi' (UID 108) and group 'avahi' (GID 111).
ноя 19 15:49:26 ubuntu systemd[1]: Starting gpu-manager.service - Detect the available GPUs and deal with any system changes...
ноя 19 15:49:26 ubuntu systemd[1]: grub-common.service - Record successful boot for GRUB was skipped because of an unmet condition check (ConditionPathExists=/boot/grub/grub.cfg).
ноя 19 15:49:26 ubuntu systemd[1]: grub-initrd-fallback.service - GRUB failed boot detection was skipped because of an unmet condition check (ConditionPathExists=/boot/grub/grub.cfg).
ноя 19 15:49:26 ubuntu systemd[1]: networkd-dispatcher.service - Dispatcher daemon for systemd-networkd was skipped because no trigger condition checks were met.
ноя 19 15:49:26 ubuntu dbus-daemon[1682]: dbus[1682]: Unknown group "power" in message bus configuration file
ноя 19 15:49:26 ubuntu systemd[1]: Starting polkit.service - Authorization Manager...
ноя 19 15:49:26 ubuntu systemd[1]: Starting power-profiles-daemon.service - Power Profiles daemon...
ноя 19 15:49:26 ubuntu systemd[1]: Starting rsyslog.service - System Logging Service...
ноя 19 15:49:26 ubuntu systemd[1]: secureboot-db.service - Secure Boot updates for DB and DBX was skipped because of an unmet condition check (ConditionPathExists=/sys/firmware/efi/efivars/db-d719b2cb-3d3a-4596-a3bc-dad00e67656f).
ноя 19 15:49:26 ubuntu systemd[1]: snapd.core-fixup.service - Automatically repair incorrect owner/permissions on core devices was skipped because no trigger condition checks were met.
ноя 19 15:49:26 ubuntu systemd[1]: snapd.recovery-chooser-trigger.service - Wait for the Ubuntu Core chooser trigger was skipped because of an unmet condition check (ConditionKernelCommandLine=snapd_recovery_mode).
ноя 19 15:49:26 ubuntu systemd[1]: Reached target getty-pre.target - Preparation for Logins.
ноя 19 15:49:26 ubuntu dbus-daemon[1682]: [system] AppArmor D-Bus mediation is enabled
ноя 19 15:49:26 ubuntu systemd[1]: Starting snapd.seeded.service - Wait until snapd is fully seeded...
ноя 19 15:49:26 ubuntu systemd[1]: Starting snapd.service - Snap Daemon...
ноя 19 15:49:26 ubuntu systemd[1]: ssl-cert.service - Generate snakeoil SSL keypair was skipped because of an unmet condition check (ConditionPathExists=!/etc/ssl/private/ssl-cert-snakeoil.key).
ноя 19 15:49:26 ubuntu systemd[1]: sssd.service - System Security Services Daemon was skipped because no trigger condition checks were met.
ноя 19 15:49:26 ubuntu systemd[1]: Reached target nss-user-lookup.target - User and Group Name Lookups.
ноя 19 15:49:26 ubuntu systemd[1]: sssd-nss.socket: Bound to unit sssd.service, but unit isn't active.
ноя 19 15:49:26 ubuntu systemd[1]: Dependency failed for sssd-nss.socket - SSSD NSS Service responder socket.
ноя 19 15:49:26 ubuntu systemd[1]: sssd-nss.socket: Job sssd-nss.socket/start failed with result 'dependency'.
ноя 19 15:49:26 ubuntu systemd[1]: sssd-autofs.socket: Bound to unit sssd.service, but unit isn't active.
ноя 19 15:49:26 ubuntu systemd[1]: Dependency failed for sssd-autofs.socket - SSSD AutoFS Service responder socket.
ноя 19 15:49:26 ubuntu systemd[1]: sssd-autofs.socket: Job sssd-autofs.socket/start failed with result 'dependency'.
ноя 19 15:49:26 ubuntu systemd[1]: sssd-pac.socket: Bound to unit sssd.service, but unit isn't active.
ноя 19 15:49:26 ubuntu systemd[1]: Dependency failed for sssd-pac.socket - SSSD PAC Service responder socket.
ноя 19 15:49:26 ubuntu systemd[1]: sssd-pac.socket: Job sssd-pac.socket/start failed with result 'dependency'.
ноя 19 15:49:26 ubuntu systemd[1]: sssd-pam-priv.socket: Bound to unit sssd.service, but unit isn't active.
ноя 19 15:49:26 ubuntu systemd[1]: Dependency failed for sssd-pam-priv.socket - SSSD PAM Service responder private socket.
ноя 19 15:49:26 ubuntu systemd[1]: Dependency failed for sssd-pam.socket - SSSD PAM Service responder socket.
ноя 19 15:49:26 ubuntu systemd[1]: sssd-pam.socket: Job sssd-pam.socket/start failed with result 'dependency'.
ноя 19 15:49:26 ubuntu systemd[1]: sssd-pam-priv.socket: Job sssd-pam-priv.socket/start failed with result 'dependency'.
ноя 19 15:49:26 ubuntu systemd[1]: sssd-ssh.socket: Bound to unit sssd.service, but unit isn't active.
ноя 19 15:49:26 ubuntu systemd[1]: Dependency failed for sssd-ssh.socket - SSSD SSH Service responder socket.
ноя 19 15:49:26 ubuntu systemd[1]: sssd-ssh.socket: Job sssd-ssh.socket/start failed with result 'dependency'.
ноя 19 15:49:26 ubuntu systemd[1]: sssd-sudo.socket: Bound to unit sssd.service, but unit isn't active.
ноя 19 15:49:26 ubuntu systemd[1]: Dependency failed for sssd-sudo.socket - SSSD Sudo Service responder socket.
ноя 19 15:49:26 ubuntu systemd[1]: sssd-sudo.socket: Job sssd-sudo.socket/start failed with result 'dependency'.
ноя 19 15:49:26 ubuntu systemd[1]: Starting accounts-daemon.service - Accounts Service...
ноя 19 15:49:26 ubuntu dbus-daemon[1682]: [system] Activating systemd to hand-off: service name='org.freedesktop.PolicyKit1' unit='polkit.service' requested by ':1.3' (uid=0 pid=1694 comm="/usr/libexec/power-profiles-daemon" label="unconfined")
ноя 19 15:49:26 ubuntu systemd[1]: Started cron.service - Regular background program processing daemon.
ноя 19 15:49:26 ubuntu systemd[1]: Starting switcheroo-control.service - Switcheroo Control Proxy service...
ноя 19 15:49:26 ubuntu systemd[1]: Starting sysstat.service - Resets System Activity Logs...
ноя 19 15:49:26 ubuntu systemd[1]: Starting systemd-logind.service - User Login Management...
ноя 19 15:49:26 ubuntu systemd[1]: systemd-pcrphase.service - TPM2 PCR Barrier (User) was skipped because of an unmet condition check (ConditionSecurity=measured-uki).
ноя 19 15:49:26 ubuntu systemd[1]: thermald.service - Thermal Daemon Service was skipped because of an unmet condition check (ConditionVirtualization=no).
ноя 19 15:49:26 ubuntu systemd[1]: ua-reboot-cmds.service - Ubuntu Pro reboot cmds was skipped because of an unmet condition check (ConditionPathExists=/var/lib/ubuntu-advantage/private/machine-token.json).
ноя 19 15:49:26 ubuntu (cron)[1709]: cron.service: Referenced but unset environment variable evaluates to an empty string: EXTRA_OPTS
ноя 19 15:49:26 ubuntu systemd[1]: Starting udisks2-inhibit.service - inhibit disk automounting...
ноя 19 15:49:26 ubuntu systemd[1]: Starting zfs-share.service - ZFS file system shares...
ноя 19 15:49:26 ubuntu cron[1709]: (CRON) INFO (pidfile fd = 3)
ноя 19 15:49:26 ubuntu systemd[1]: Started zfs-zed.service - ZFS Event Daemon (zed).
ноя 19 15:49:26 ubuntu systemd[1]: Started dbus.service - D-Bus System Message Bus.
ноя 19 15:49:26 ubuntu systemd[1]: anacron.service: Deactivated successfully.
ноя 19 15:49:26 ubuntu systemd[1]: e2scrub_reap.service: Deactivated successfully.
ноя 19 15:49:26 ubuntu systemd[1]: Finished e2scrub_reap.service - Remove Stale Online ext4 Metadata Check Snapshots.
ноя 19 15:49:26 ubuntu systemd[1]: Finished zfs-share.service - ZFS file system shares.
ноя 19 15:49:26 ubuntu cron[1709]: (CRON) INFO (Running @reboot jobs)
ноя 19 15:49:26 ubuntu avahi-daemon[1681]: Successfully dropped root privileges.
ноя 19 15:49:26 ubuntu avahi-daemon[1681]: avahi-daemon 0.8 starting up.
ноя 19 15:49:26 ubuntu systemd[1]: Finished sysstat.service - Resets System Activity Logs.
ноя 19 15:49:26 ubuntu zed[1717]: ZFS Event Daemon 2.2.2-0ubuntu9.4 (PID 1717)
ноя 19 15:49:26 ubuntu avahi-daemon[1681]: Successfully called chroot().
ноя 19 15:49:26 ubuntu avahi-daemon[1681]: Successfully dropped remaining capabilities.
ноя 19 15:49:26 ubuntu zed[1717]: Processing events since eid=0
ноя 19 15:49:26 ubuntu avahi-daemon[1681]: No service file found in /etc/avahi/services.
ноя 19 15:49:26 ubuntu dbus-daemon[1682]: [system] Successfully activated service 'org.freedesktop.systemd1'
ноя 19 15:49:26 ubuntu systemd[1]: Started avahi-daemon.service - Avahi mDNS/DNS-SD Stack.
ноя 19 15:49:26 ubuntu avahi-daemon[1681]: Joining mDNS multicast group on interface lo.IPv6 with address ::1.
ноя 19 15:49:26 ubuntu systemd[1]: Started switcheroo-control.service - Switcheroo Control Proxy service.
ноя 19 15:49:26 ubuntu avahi-daemon[1681]: New relevant interface lo.IPv6 for mDNS.
ноя 19 15:49:26 ubuntu avahi-daemon[1681]: Joining mDNS multicast group on interface lo.IPv4 with address 127.0.0.1.
ноя 19 15:49:26 ubuntu avahi-daemon[1681]: New relevant interface lo.IPv4 for mDNS.
ноя 19 15:49:26 ubuntu avahi-daemon[1681]: Network interface enumeration completed.
ноя 19 15:49:26 ubuntu avahi-daemon[1681]: Registering new address record for ::1 on lo.*.
ноя 19 15:49:26 ubuntu avahi-daemon[1681]: Registering new address record for 127.0.0.1 on lo.IPv4.
ноя 19 15:49:26 ubuntu systemd[1]: Reached target zfs.target - ZFS startup target.
ноя 19 15:49:26 ubuntu systemd[1]: Starting NetworkManager.service - Network Manager...
ноя 19 15:49:26 ubuntu systemd[1]: alsa-state.service - Manage Sound Card State (restore and store) was skipped because of an unmet condition check (ConditionPathExists=/etc/alsa/state-daemon.conf).
ноя 19 15:49:26 ubuntu systemd[1]: Starting alsa-restore.service - Save/Restore Sound Card State...
ноя 19 15:49:26 ubuntu systemd[1]: Starting wpa_supplicant.service - WPA supplicant...
ноя 19 15:49:26 ubuntu alsactl[1751]: /usr/sbin/alsactl: load_state:1689: Cannot open /var/lib/alsa/asound.state for reading: No such file or directory
ноя 19 15:49:26 ubuntu systemd[1]: Finished udisks2-inhibit.service - inhibit disk automounting.
ноя 19 15:49:26 ubuntu systemd[1]: Starting udisks2.service - Disk Manager...
ноя 19 15:49:26 ubuntu alsactl[1751]: alsa-lib main.c:1554:(snd_use_case_mgr_open) error: failed to import hw:0 use case configuration -2
ноя 19 15:49:26 ubuntu alsactl[1751]: Found hardware: "ICH" "Analog Devices AD1980" "AC97a:41445370" "0x1028" "0x0177"
ноя 19 15:49:26 ubuntu alsactl[1751]: Hardware is initialized using a generic method
ноя 19 15:49:26 ubuntu systemd[1]: Finished alsa-restore.service - Save/Restore Sound Card State.
ноя 19 15:49:26 ubuntu systemd[1]: Reached target sound.target - Sound Card.
ноя 19 15:49:26 ubuntu systemd-logind[1713]: New seat seat0.
ноя 19 15:49:26 ubuntu systemd-logind[1713]: Watching system buttons on /dev/input/event0 (Power Button)
ноя 19 15:49:26 ubuntu systemd-logind[1713]: Watching system buttons on /dev/input/event1 (Sleep Button)
ноя 19 15:49:26 ubuntu systemd-logind[1713]: Watching system buttons on /dev/input/event2 (AT Translated Set 2 keyboard)
ноя 19 15:49:26 ubuntu systemd[1]: Started systemd-logind.service - User Login Management.
ноя 19 15:49:26 ubuntu polkitd[1688]: Started polkitd version 124
ноя 19 15:49:26 ubuntu udisksd[1755]: udisks daemon version 2.10.1 starting
ноя 19 15:49:27 ubuntu polkitd[1688]: Loading rules from directory /etc/polkit-1/rules.d
ноя 19 15:49:27 ubuntu gnome-remote-de[1685]: Init TPM credentials failed because No TPM device found, using GKeyFile as fallback
ноя 19 15:49:27 ubuntu polkitd[1688]: Loading rules from directory /usr/share/polkit-1/rules.d
ноя 19 15:49:27 ubuntu systemd[1]: Started wpa_supplicant.service - WPA supplicant.
ноя 19 15:49:27 ubuntu kernel: kauditd_printk_skb: 22 callbacks suppressed
ноя 19 15:49:27 ubuntu kernel: audit: type=1400 audit(1763556567.250:34): apparmor="STATUS" operation="profile_load" profile="unconfined" name="rsyslogd" pid=1745 comm="apparmor_parser"
ноя 19 15:49:27 ubuntu wpa_supplicant[1744]: Successfully initialized wpa_supplicant
ноя 19 15:49:27 ubuntu polkitd[1688]: Finished loading, compiling and executing 16 rules
ноя 19 15:49:27 ubuntu dbus-daemon[1682]: [system] Successfully activated service 'org.freedesktop.PolicyKit1'
ноя 19 15:49:27 ubuntu polkitd[1688]: Acquired the name org.freedesktop.PolicyKit1 on the system bus
ноя 19 15:49:27 ubuntu systemd[1]: Started polkit.service - Authorization Manager.
ноя 19 15:49:27 ubuntu accounts-daemon[1705]: started daemon version 23.13.9
ноя 19 15:49:27 ubuntu systemd[1]: Starting ModemManager.service - Modem Manager...
ноя 19 15:49:27 ubuntu systemd[1]: Started accounts-daemon.service - Accounts Service.
ноя 19 15:49:27 ubuntu systemd[1]: Started power-profiles-daemon.service - Power Profiles daemon.
ноя 19 15:49:27 ubuntu systemd[1]: Started gnome-remote-desktop.service - GNOME Remote Desktop.
ноя 19 15:49:27 ubuntu systemd[1]: gpu-manager.service: Deactivated successfully.
ноя 19 15:49:27 ubuntu systemd[1]: Finished gpu-manager.service - Detect the available GPUs and deal with any system changes.
ноя 19 15:49:27 ubuntu udisksd[1755]: Acquired the name org.freedesktop.UDisks2 on the system message bus
ноя 19 15:49:27 ubuntu systemd[1]: Started udisks2.service - Disk Manager.
ноя 19 15:49:27 ubuntu avahi-daemon[1681]: Server startup complete. Host name is ubuntu.local. Local service cookie is 1690001010.
ноя 19 15:49:27 ubuntu rsyslogd[1805]: imuxsock: Acquired UNIX socket '/run/systemd/journal/syslog' (fd 3) from systemd.  [v8.2312.0]
ноя 19 15:49:27 ubuntu systemd[1]: Started rsyslog.service - System Logging Service.
ноя 19 15:49:27 ubuntu rsyslogd[1805]: rsyslogd's groupid changed to 102
ноя 19 15:49:27 ubuntu rsyslogd[1805]: rsyslogd's userid changed to 102
ноя 19 15:49:27 ubuntu rsyslogd[1805]: [origin software="rsyslogd" swVersion="8.2312.0" x-pid="1805" x-info="https://www.rsyslog.com"] start
ноя 19 15:49:27 ubuntu ModemManager[1827]: <msg> ModemManager (version 1.23.4) starting in system bus...
ноя 19 15:49:27 ubuntu NetworkManager[1742]: <info>  [1763556567.8035] NetworkManager (version 1.46.0) is starting... (boot:8cfcae75-b9fd-4ccc-b536-1ec8230977aa)
ноя 19 15:49:27 ubuntu NetworkManager[1742]: <info>  [1763556567.8036] Read config: /etc/NetworkManager/NetworkManager.conf (lib: 10-dns-resolved.conf, 20-connectivity-ubuntu.conf, no-mac-addr-change.conf) (run: 10-globally-managed-devices.conf) (etc: default-wifi-powersave-on.conf)
ноя 19 15:49:27 ubuntu NetworkManager[1742]: <info>  [1763556567.8888] manager[0x6225bb37bd50]: monitoring kernel firmware directory '/lib/firmware'.
ноя 19 15:49:27 ubuntu NetworkManager[1742]: <info>  [1763556567.8889] monitoring ifupdown state file '/run/network/ifstate'.
ноя 19 15:49:27 ubuntu dbus-daemon[1682]: [system] Activating via systemd: service name='org.freedesktop.hostname1' unit='dbus-org.freedesktop.hostname1.service' requested by ':1.13' (uid=0 pid=1742 comm="/usr/sbin/NetworkManager --no-daemon" label="unconfined")
ноя 19 15:49:27 ubuntu systemd[1]: Starting systemd-hostnamed.service - Hostname Service...
ноя 19 15:49:27 ubuntu systemd[1]: Finished apport.service - automatic crash report generation.
ноя 19 15:49:28 ubuntu dbus-daemon[1682]: [system] Successfully activated service 'org.freedesktop.hostname1'
ноя 19 15:49:28 ubuntu systemd[1]: Started systemd-hostnamed.service - Hostname Service.
ноя 19 15:49:28 ubuntu NetworkManager[1742]: <info>  [1763556568.0464] hostname: hostname: using hostnamed
ноя 19 15:49:28 ubuntu NetworkManager[1742]: <info>  [1763556568.0464] hostname: static hostname changed from (none) to "ubuntu"
ноя 19 15:49:28 ubuntu NetworkManager[1742]: <info>  [1763556568.0519] dns-mgr: init: dns=systemd-resolved rc-manager=unmanaged (auto), plugin=systemd-resolved
ноя 19 15:49:28 ubuntu NetworkManager[1742]: <info>  [1763556568.0532] manager[0x6225bb37bd50]: rfkill: Wi-Fi hardware radio set enabled
ноя 19 15:49:28 ubuntu NetworkManager[1742]: <info>  [1763556568.0534] manager[0x6225bb37bd50]: rfkill: WWAN hardware radio set enabled
ноя 19 15:49:28 ubuntu NetworkManager[1742]: <info>  [1763556568.0957] Loaded device plugin: NMAtmManager (/usr/lib/x86_64-linux-gnu/NetworkManager/1.46.0/libnm-device-plugin-adsl.so)
ноя 19 15:49:28 ubuntu NetworkManager[1742]: <info>  [1763556568.1051] Loaded device plugin: NMBluezManager (/usr/lib/x86_64-linux-gnu/NetworkManager/1.46.0/libnm-device-plugin-bluetooth.so)
ноя 19 15:49:28 ubuntu NetworkManager[1742]: <info>  [1763556568.1170] Loaded device plugin: NMTeamFactory (/usr/lib/x86_64-linux-gnu/NetworkManager/1.46.0/libnm-device-plugin-team.so)
ноя 19 15:49:28 ubuntu NetworkManager[1742]: <info>  [1763556568.1480] Loaded device plugin: NMWifiFactory (/usr/lib/x86_64-linux-gnu/NetworkManager/1.46.0/libnm-device-plugin-wifi.so)
ноя 19 15:49:28 ubuntu NetworkManager[1742]: <info>  [1763556568.1486] Loaded device plugin: NMWwanFactory (/usr/lib/x86_64-linux-gnu/NetworkManager/1.46.0/libnm-device-plugin-wwan.so)
ноя 19 15:49:28 ubuntu NetworkManager[1742]: <info>  [1763556568.1491] manager: rfkill: Wi-Fi enabled by radio killswitch; enabled by state file
ноя 19 15:49:28 ubuntu NetworkManager[1742]: <info>  [1763556568.1492] manager: rfkill: WWAN enabled by radio killswitch; enabled by state file
ноя 19 15:49:28 ubuntu NetworkManager[1742]: <info>  [1763556568.1493] manager: Networking is enabled by state file
ноя 19 15:49:28 ubuntu NetworkManager[1742]: <info>  [1763556568.1777] settings: Loaded settings plugin: ifupdown ("/usr/lib/x86_64-linux-gnu/NetworkManager/1.46.0/libnm-settings-plugin-ifupdown.so")
ноя 19 15:49:28 ubuntu dbus-daemon[1682]: [system] Activating via systemd: service name='org.freedesktop.nm_dispatcher' unit='dbus-org.freedesktop.nm-dispatcher.service' requested by ':1.13' (uid=0 pid=1742 comm="/usr/sbin/NetworkManager --no-daemon" label="unconfined")
ноя 19 15:49:28 ubuntu NetworkManager[1742]: <info>  [1763556568.1834] settings: Loaded settings plugin: keyfile (internal)
ноя 19 15:49:28 ubuntu NetworkManager[1742]: <info>  [1763556568.1834] ifupdown: management mode: unmanaged
ноя 19 15:49:28 ubuntu NetworkManager[1742]: <info>  [1763556568.1907] ifupdown: interfaces file /etc/network/interfaces doesn't exist
ноя 19 15:49:28 ubuntu systemd[1]: Starting NetworkManager-dispatcher.service - Network Manager Script Dispatcher Service...
ноя 19 15:49:28 ubuntu kernel: NET: Registered PF_QIPCRTR protocol family
ноя 19 15:49:28 ubuntu systemd[1]: Started ModemManager.service - Modem Manager.
ноя 19 15:49:28 ubuntu dbus-daemon[1682]: [system] Successfully activated service 'org.freedesktop.nm_dispatcher'
ноя 19 15:49:28 ubuntu systemd[1]: Started NetworkManager-dispatcher.service - Network Manager Script Dispatcher Service.
